Archive member included to satisfy reference by file (symbol)

/usr/lib/gcc/arm-none-eabi/9.1.0/../../../../arm-none-eabi/lib/thumb/v7e-m+fp/hard/libc_nano.a(lib_a-atexit.o)
                              /usr/lib/gcc/arm-none-eabi/9.1.0/../../../../arm-none-eabi/lib/thumb/v7e-m+fp/hard/crt0.o (atexit)
/usr/lib/gcc/arm-none-eabi/9.1.0/../../../../arm-none-eabi/lib/thumb/v7e-m+fp/hard/libc_nano.a(lib_a-exit.o)
                              /usr/lib/gcc/arm-none-eabi/9.1.0/../../../../arm-none-eabi/lib/thumb/v7e-m+fp/hard/crt0.o (exit)
/usr/lib/gcc/arm-none-eabi/9.1.0/../../../../arm-none-eabi/lib/thumb/v7e-m+fp/hard/libc_nano.a(lib_a-fini.o)
                              /usr/lib/gcc/arm-none-eabi/9.1.0/../../../../arm-none-eabi/lib/thumb/v7e-m+fp/hard/crt0.o (__libc_fini_array)
/usr/lib/gcc/arm-none-eabi/9.1.0/../../../../arm-none-eabi/lib/thumb/v7e-m+fp/hard/libc_nano.a(lib_a-impure.o)
                              /usr/lib/gcc/arm-none-eabi/9.1.0/../../../../arm-none-eabi/lib/thumb/v7e-m+fp/hard/libc_nano.a(lib_a-exit.o) (_global_impure_ptr)
/usr/lib/gcc/arm-none-eabi/9.1.0/../../../../arm-none-eabi/lib/thumb/v7e-m+fp/hard/libc_nano.a(lib_a-init.o)
                              /usr/lib/gcc/arm-none-eabi/9.1.0/../../../../arm-none-eabi/lib/thumb/v7e-m+fp/hard/crt0.o (__libc_init_array)
/usr/lib/gcc/arm-none-eabi/9.1.0/../../../../arm-none-eabi/lib/thumb/v7e-m+fp/hard/libc_nano.a(lib_a-memset.o)
                              /usr/lib/gcc/arm-none-eabi/9.1.0/../../../../arm-none-eabi/lib/thumb/v7e-m+fp/hard/crt0.o (memset)
/usr/lib/gcc/arm-none-eabi/9.1.0/../../../../arm-none-eabi/lib/thumb/v7e-m+fp/hard/libc_nano.a(lib_a-__atexit.o)
                              /usr/lib/gcc/arm-none-eabi/9.1.0/../../../../arm-none-eabi/lib/thumb/v7e-m+fp/hard/libc_nano.a(lib_a-atexit.o) (__register_exitproc)
/usr/lib/gcc/arm-none-eabi/9.1.0/../../../../arm-none-eabi/lib/thumb/v7e-m+fp/hard/libc_nano.a(lib_a-__call_atexit.o)
                              /usr/lib/gcc/arm-none-eabi/9.1.0/../../../../arm-none-eabi/lib/thumb/v7e-m+fp/hard/libc_nano.a(lib_a-__atexit.o) (__call_exitprocs)
/usr/lib/gcc/arm-none-eabi/9.1.0/../../../../arm-none-eabi/lib/thumb/v7e-m+fp/hard/libnosys.a(_exit.o)
                              /usr/lib/gcc/arm-none-eabi/9.1.0/../../../../arm-none-eabi/lib/thumb/v7e-m+fp/hard/libc_nano.a(lib_a-exit.o) (_exit)
/usr/lib/gcc/arm-none-eabi/9.1.0/thumb/v7e-m+fp/hard/libgcc.a(_aeabi_uldivmod.o)
                              build/stm32l4xx_hal_uart.o (__aeabi_uldivmod)
/usr/lib/gcc/arm-none-eabi/9.1.0/thumb/v7e-m+fp/hard/libgcc.a(_udivmoddi4.o)
                              /usr/lib/gcc/arm-none-eabi/9.1.0/thumb/v7e-m+fp/hard/libgcc.a(_aeabi_uldivmod.o) (__udivmoddi4)
/usr/lib/gcc/arm-none-eabi/9.1.0/thumb/v7e-m+fp/hard/libgcc.a(_dvmd_tls.o)
                              /usr/lib/gcc/arm-none-eabi/9.1.0/thumb/v7e-m+fp/hard/libgcc.a(_aeabi_uldivmod.o) (__aeabi_ldiv0)

Allocating common symbols
Common symbol       size              file

uwTick              0x4               build/stm32l4xx_hal.o
hspi1               0x64              build/main.o
huart2              0x80              build/main.o

Discarded input sections

 .text          0x0000000000000000        0x0 /usr/lib/gcc/arm-none-eabi/9.1.0/thumb/v7e-m+fp/hard/crti.o
 .data          0x0000000000000000        0x0 /usr/lib/gcc/arm-none-eabi/9.1.0/thumb/v7e-m+fp/hard/crti.o
 .bss           0x0000000000000000        0x0 /usr/lib/gcc/arm-none-eabi/9.1.0/thumb/v7e-m+fp/hard/crti.o
 .text          0x0000000000000000        0x0 /usr/lib/gcc/arm-none-eabi/9.1.0/thumb/v7e-m+fp/hard/crtbegin.o
 .data          0x0000000000000000        0x0 /usr/lib/gcc/arm-none-eabi/9.1.0/thumb/v7e-m+fp/hard/crtbegin.o
 .bss           0x0000000000000000        0x0 /usr/lib/gcc/arm-none-eabi/9.1.0/thumb/v7e-m+fp/hard/crtbegin.o
 .data.__dso_handle
                0x0000000000000000        0x4 /usr/lib/gcc/arm-none-eabi/9.1.0/thumb/v7e-m+fp/hard/crtbegin.o
 .text          0x0000000000000000       0x68 /usr/lib/gcc/arm-none-eabi/9.1.0/../../../../arm-none-eabi/lib/thumb/v7e-m+fp/hard/crt0.o
 .data          0x0000000000000000        0x0 /usr/lib/gcc/arm-none-eabi/9.1.0/../../../../arm-none-eabi/lib/thumb/v7e-m+fp/hard/crt0.o
 .bss           0x0000000000000000        0x0 /usr/lib/gcc/arm-none-eabi/9.1.0/../../../../arm-none-eabi/lib/thumb/v7e-m+fp/hard/crt0.o
 .ARM.extab     0x0000000000000000        0x0 /usr/lib/gcc/arm-none-eabi/9.1.0/../../../../arm-none-eabi/lib/thumb/v7e-m+fp/hard/crt0.o
 .ARM.exidx     0x0000000000000000        0x8 /usr/lib/gcc/arm-none-eabi/9.1.0/../../../../arm-none-eabi/lib/thumb/v7e-m+fp/hard/crt0.o
 .ARM.attributes
                0x0000000000000000       0x1c /usr/lib/gcc/arm-none-eabi/9.1.0/../../../../arm-none-eabi/lib/thumb/v7e-m+fp/hard/crt0.o
 .text          0x0000000000000000        0x0 build/main.o
 .data          0x0000000000000000        0x0 build/main.o
 .bss           0x0000000000000000        0x0 build/main.o
 .text.Error_Handler
[...]
Memory Configuration

Name             Origin             Length             Attributes
RAM              0x0000000020000000 0x0000000000010000 xrw
FLASH            0x0000000008000000 0x0000000000040000 xr
*default*        0x0000000000000000 0xffffffffffffffff

Linker script and memory map

LOAD /usr/lib/gcc/arm-none-eabi/9.1.0/thumb/v7e-m+fp/hard/crti.o
LOAD /usr/lib/gcc/arm-none-eabi/9.1.0/thumb/v7e-m+fp/hard/crtbegin.o
LOAD /usr/lib/gcc/arm-none-eabi/9.1.0/../../../../arm-none-eabi/lib/thumb/v7e-m+fp/hard/crt0.o
LOAD build/main.o
LOAD build/stm32l4xx_it.o
LOAD build/stm32l4xx_hal_msp.o
LOAD build/stm32l4xx_hal_tim.o
LOAD build/stm32l4xx_hal_tim_ex.o
LOAD build/stm32l4xx_hal_uart.o
LOAD build/stm32l4xx_hal_uart_ex.o
LOAD build/stm32l4xx_hal.o
LOAD build/stm32l4xx_hal_i2c.o
LOAD build/stm32l4xx_hal_i2c_ex.o
LOAD build/stm32l4xx_hal_rcc.o
LOAD build/stm32l4xx_hal_rcc_ex.o
LOAD build/stm32l4xx_hal_flash.o
LOAD build/stm32l4xx_hal_flash_ex.o
LOAD build/stm32l4xx_hal_flash_ramfunc.o
LOAD build/stm32l4xx_hal_gpio.o
LOAD build/stm32l4xx_hal_dma.o
LOAD build/stm32l4xx_hal_dma_ex.o
LOAD build/stm32l4xx_hal_pwr.o
LOAD build/stm32l4xx_hal_pwr_ex.o
LOAD build/stm32l4xx_hal_cortex.o
LOAD build/stm32l4xx_hal_exti.o
LOAD build/system_stm32l4xx.o
LOAD build/stm32l4xx_hal_spi.o
LOAD build/stm32l4xx_hal_spi_ex.o
LOAD build/startup_stm32l432xx.o
LOAD /usr/lib/gcc/arm-none-eabi/9.1.0/../../../../arm-none-eabi/lib/thumb/v7e-m+fp/hard/libc_nano.a
LOAD /usr/lib/gcc/arm-none-eabi/9.1.0/../../../../arm-none-eabi/lib/thumb/v7e-m+fp/hard/libm.a
LOAD /usr/lib/gcc/arm-none-eabi/9.1.0/../../../../arm-none-eabi/lib/thumb/v7e-m+fp/hard/libnosys.a
START GROUP
LOAD /usr/lib/gcc/arm-none-eabi/9.1.0/thumb/v7e-m+fp/hard/libgcc.a
LOAD /usr/lib/gcc/arm-none-eabi/9.1.0/../../../../arm-none-eabi/lib/thumb/v7e-m+fp/hard/libc_nano.a
END GROUP
START GROUP
LOAD /usr/lib/gcc/arm-none-eabi/9.1.0/thumb/v7e-m+fp/hard/libgcc.a
LOAD /usr/lib/gcc/arm-none-eabi/9.1.0/../../../../arm-none-eabi/lib/thumb/v7e-m+fp/hard/libc_nano.a
END GROUP
LOAD /usr/lib/gcc/arm-none-eabi/9.1.0/thumb/v7e-m+fp/hard/crtend.o
LOAD /usr/lib/gcc/arm-none-eabi/9.1.0/thumb/v7e-m+fp/hard/crtn.o
                0x0000000020010000                _estack = 0x20010000
                0x0000000000000200                _Min_Heap_Size = 0x200
                0x0000000000000400                _Min_Stack_Size = 0x400

.isr_vector     0x0000000008000000      0x190
                0x0000000008000000                . = ALIGN (0x8)
 *(.isr_vector)
 .isr_vector    0x0000000008000000      0x18c build/startup_stm32l432xx.o
                0x0000000008000000                g_pfnVectors
                0x0000000008000190                . = ALIGN (0x8)
 *fill*         0x000000000800018c        0x4 

.text           0x0000000008000190     0x2210
                0x0000000008000190                . = ALIGN (0x8)
 *(.text)
 .text          0x0000000008000190       0x30 /usr/lib/gcc/arm-none-eabi/9.1.0/thumb/v7e-m+fp/hard/libgcc.a(_aeabi_uldivmod.o)
                0x0000000008000190                __aeabi_uldivmod
 .text          0x00000000080001c0        0x4 /usr/lib/gcc/arm-none-eabi/9.1.0/thumb/v7e-m+fp/hard/libgcc.a(_dvmd_tls.o)
                0x00000000080001c0                __aeabi_ldiv0
                0x00000000080001c0                __aeabi_idiv0
 *(.text*)
 .text.__do_global_dtors_aux
                0x00000000080001c4       0x24 /usr/lib/gcc/arm-none-eabi/9.1.0/thumb/v7e-m+fp/hard/crtbegin.o
 .text.frame_dummy
                0x00000000080001e8       0x1c /usr/lib/gcc/arm-none-eabi/9.1.0/thumb/v7e-m+fp/hard/crtbegin.o
 .text.MX_GPIO_Init
                0x0000000008000204       0x94 build/main.o
 .text.MX_USART2_UART_Init
                0x0000000008000298       0x30 build/main.o
 .text.MX_SPI1_Init
                0x00000000080002c8       0x44 build/main.o
 .text.SystemClock_Config
                0x000000000800030c       0x94 build/main.o
                0x000000000800030c                SystemClock_Config
 .text.main     0x00000000080003a0       0x50 build/main.o
                0x00000000080003a0                main
 .text.NMI_Handler
                0x00000000080003f0        0x2 build/stm32l4xx_it.o
                0x00000000080003f0                NMI_Handler
 .text.HardFault_Handler
                0x00000000080003f2        0x2 build/stm32l4xx_it.o
                0x00000000080003f2                HardFault_Handler
 .text.MemManage_Handler
                0x00000000080003f4        0x2 build/stm32l4xx_it.o
                0x00000000080003f4                MemManage_Handler
 .text.BusFault_Handler
                0x00000000080003f6        0x2 build/stm32l4xx_it.o
                0x00000000080003f6                BusFault_Handler
 .text.UsageFault_Handler
                0x00000000080003f8        0x2 build/stm32l4xx_it.o
                0x00000000080003f8                UsageFault_Handler
 .text.SVC_Handler
                0x00000000080003fa        0x2 build/stm32l4xx_it.o
                0x00000000080003fa                SVC_Handler
 .text.DebugMon_Handler
                0x00000000080003fc        0x2 build/stm32l4xx_it.o
                0x00000000080003fc                DebugMon_Handler
 .text.PendSV_Handler
                0x00000000080003fe        0x2 build/stm32l4xx_it.o
                0x00000000080003fe                PendSV_Handler
 .text.SysTick_Handler
                0x0000000008000400        0x8 build/stm32l4xx_it.o
                0x0000000008000400                SysTick_Handler
 .text.HAL_MspInit
                0x0000000008000408       0x30 build/stm32l4xx_hal_msp.o
                0x0000000008000408                HAL_MspInit
 .text.HAL_SPI_MspInit
                0x0000000008000438       0x68 build/stm32l4xx_hal_msp.o
                0x0000000008000438                HAL_SPI_MspInit
 .text.HAL_UART_MspInit
                0x00000000080004a0       0x80 build/stm32l4xx_hal_msp.o
                0x00000000080004a0                HAL_UART_MspInit
 .text.UART_SetConfig
                0x0000000008000520      0x34c build/stm32l4xx_hal_uart.o
                0x0000000008000520                UART_SetConfig
 .text.UART_AdvFeatureConfig
                0x000000000800086c       0xca build/stm32l4xx_hal_uart.o
                0x000000000800086c                UART_AdvFeatureConfig
 .text.UART_WaitOnFlagUntilTimeout
                0x0000000008000936       0x64 build/stm32l4xx_hal_uart.o
                0x0000000008000936                UART_WaitOnFlagUntilTimeout
 .text.UART_CheckIdleState
                0x000000000800099a       0x6c build/stm32l4xx_hal_uart.o
                0x000000000800099a                UART_CheckIdleState
 .text.HAL_UART_Init
                0x0000000008000a06       0x62 build/stm32l4xx_hal_uart.o
                0x0000000008000a06                HAL_UART_Init
 .text.HAL_InitTick
                0x0000000008000a68       0x50 build/stm32l4xx_hal.o
                0x0000000008000a68                HAL_InitTick
 .text.HAL_Init
                0x0000000008000ab8       0x1e build/stm32l4xx_hal.o
                0x0000000008000ab8                HAL_Init
 *fill*         0x0000000008000ad6        0x2 
 .text.HAL_IncTick
                0x0000000008000ad8       0x18 build/stm32l4xx_hal.o
                0x0000000008000ad8                HAL_IncTick
 .text.HAL_GetTick
                0x0000000008000af0        0xc build/stm32l4xx_hal.o
                0x0000000008000af0                HAL_GetTick
 .text.HAL_Delay
                0x0000000008000afc       0x28 build/stm32l4xx_hal.o
                0x0000000008000afc                HAL_Delay
 .text.RCC_SetFlashLatencyFromMSIRange
                0x0000000008000b24       0x90 build/stm32l4xx_hal_rcc.o
 .text.HAL_RCC_GetSysClockFreq
                0x0000000008000bb4       0xb4 build/stm32l4xx_hal_rcc.o
                0x0000000008000bb4                HAL_RCC_GetSysClockFreq
 .text.HAL_RCC_OscConfig
                0x0000000008000c68      0x63c build/stm32l4xx_hal_rcc.o
                0x0000000008000c68                HAL_RCC_OscConfig
 .text.HAL_RCC_ClockConfig
                0x00000000080012a4      0x15c build/stm32l4xx_hal_rcc.o
                0x00000000080012a4                HAL_RCC_ClockConfig
 .text.HAL_RCC_GetHCLKFreq
                0x0000000008001400        0xc build/stm32l4xx_hal_rcc.o
                0x0000000008001400                HAL_RCC_GetHCLKFreq
 .text.HAL_RCC_GetPCLK1Freq
                0x000000000800140c       0x24 build/stm32l4xx_hal_rcc.o
                0x000000000800140c                HAL_RCC_GetPCLK1Freq
 .text.HAL_RCC_GetPCLK2Freq
                0x0000000008001430       0x24 build/stm32l4xx_hal_rcc.o
                0x0000000008001430                HAL_RCC_GetPCLK2Freq
 .text.RCCEx_PLLSAI1_Config
                0x0000000008001454      0x16c build/stm32l4xx_hal_rcc_ex.o
 .text.HAL_RCCEx_PeriphCLKConfig
                0x00000000080015c0      0x2e8 build/stm32l4xx_hal_rcc_ex.o
                0x00000000080015c0                HAL_RCCEx_PeriphCLKConfig
 .text.HAL_RCCEx_EnableMSIPLLMode
                0x00000000080018a8       0x10 build/stm32l4xx_hal_rcc_ex.o
                0x00000000080018a8                HAL_RCCEx_EnableMSIPLLMode
 .text.HAL_GPIO_Init
                0x00000000080018b8      0x180 build/stm32l4xx_hal_gpio.o
                0x00000000080018b8                HAL_GPIO_Init
 .text.HAL_GPIO_WritePin
                0x0000000008001a38        0xa build/stm32l4xx_hal_gpio.o
                0x0000000008001a38                HAL_GPIO_WritePin
 *fill*         0x0000000008001a42        0x2 
 .text.HAL_PWR_EnableBkUpAccess
                0x0000000008001a44       0x10 build/stm32l4xx_hal_pwr.o
                0x0000000008001a44                HAL_PWR_EnableBkUpAccess
 .text.HAL_PWREx_GetVoltageRange
                0x0000000008001a54       0x10 build/stm32l4xx_hal_pwr_ex.o
                0x0000000008001a54                HAL_PWREx_GetVoltageRange
 .text.HAL_PWREx_ControlVoltageScaling
                0x0000000008001a64       0x90 build/stm32l4xx_hal_pwr_ex.o
                0x0000000008001a64                HAL_PWREx_ControlVoltageScaling
 .text.HAL_NVIC_SetPriorityGrouping
                0x0000000008001af4       0x24 build/stm32l4xx_hal_cortex.o
                0x0000000008001af4                HAL_NVIC_SetPriorityGrouping
 .text.HAL_NVIC_SetPriority
                0x0000000008001b18       0x68 build/stm32l4xx_hal_cortex.o
                0x0000000008001b18                HAL_NVIC_SetPriority
 .text.HAL_SYSTICK_Config
                0x0000000008001b80       0x2c build/stm32l4xx_hal_cortex.o
                0x0000000008001b80                HAL_SYSTICK_Config
 .text.SystemInit
                0x0000000008001bac       0x48 build/system_stm32l4xx.o
                0x0000000008001bac                SystemInit
 .text.SPI_WaitFlagStateUntilTimeout
                0x0000000008001bf4       0x94 build/stm32l4xx_hal_spi.o
 .text.SPI_WaitFifoStateUntilTimeout
                0x0000000008001c88       0xae build/stm32l4xx_hal_spi.o
 .text.SPI_EndRxTxTransaction
                0x0000000008001d36       0x62 build/stm32l4xx_hal_spi.o
 .text.HAL_SPI_Init
                0x0000000008001d98       0xb0 build/stm32l4xx_hal_spi.o
                0x0000000008001d98                HAL_SPI_Init
 .text.HAL_SPI_Transmit
                0x0000000008001e48      0x1e2 build/stm32l4xx_hal_spi.o
                0x0000000008001e48                HAL_SPI_Transmit
 *fill*         0x000000000800202a        0x2 
 .text.Reset_Handler
                0x000000000800202c       0x50 build/startup_stm32l432xx.o
                0x000000000800202c                Reset_Handler
 .text.Default_Handler
                0x000000000800207c        0x2 build/startup_stm32l432xx.o
                0x000000000800207c                RTC_Alarm_IRQHandler
                0x000000000800207c                EXTI2_IRQHandler
                0x000000000800207c                TIM1_CC_IRQHandler
                0x000000000800207c                TSC_IRQHandler
                0x000000000800207c                TAMP_STAMP_IRQHandler
                0x000000000800207c                EXTI3_IRQHandler
                0x000000000800207c                LPTIM2_IRQHandler
                0x000000000800207c                I2C3_ER_IRQHandler
                0x000000000800207c                EXTI0_IRQHandler
                0x000000000800207c                CAN1_RX0_IRQHandler
                0x000000000800207c                FPU_IRQHandler
                0x000000000800207c                TIM1_UP_TIM16_IRQHandler
                0x000000000800207c                SPI1_IRQHandler
                0x000000000800207c                TIM6_DAC_IRQHandler
                0x000000000800207c                DMA2_Channel2_IRQHandler
                0x000000000800207c                DMA1_Channel4_IRQHandler
                0x000000000800207c                ADC1_IRQHandler
                0x000000000800207c                DMA1_Channel7_IRQHandler
                0x000000000800207c                CAN1_RX1_IRQHandler
                0x000000000800207c                DMA2_Channel1_IRQHandler
                0x000000000800207c                QUADSPI_IRQHandler
                0x000000000800207c                I2C1_EV_IRQHandler
                0x000000000800207c                DMA1_Channel6_IRQHandler
                0x000000000800207c                DMA2_Channel4_IRQHandler
                0x000000000800207c                RCC_IRQHandler
                0x000000000800207c                TIM1_TRG_COM_IRQHandler
                0x000000000800207c                DMA1_Channel1_IRQHandler
                0x000000000800207c                Default_Handler
                0x000000000800207c                DMA2_Channel7_IRQHandler
                0x000000000800207c                EXTI15_10_IRQHandler
                0x000000000800207c                TIM7_IRQHandler
                0x000000000800207c                I2C3_EV_IRQHandler
                0x000000000800207c                USB_IRQHandler
                0x000000000800207c                EXTI9_5_IRQHandler
                0x000000000800207c                RTC_WKUP_IRQHandler
                0x000000000800207c                PVD_PVM_IRQHandler
                0x000000000800207c                CAN1_TX_IRQHandler
                0x000000000800207c                DMA2_Channel5_IRQHandler
                0x000000000800207c                CRS_IRQHandler
                0x000000000800207c                DMA1_Channel5_IRQHandler
                0x000000000800207c                EXTI4_IRQHandler
                0x000000000800207c                RNG_IRQHandler
                0x000000000800207c                DMA1_Channel3_IRQHandler
                0x000000000800207c                COMP_IRQHandler
                0x000000000800207c                WWDG_IRQHandler
                0x000000000800207c                LPUART1_IRQHandler
                0x000000000800207c                DMA2_Channel6_IRQHandler
                0x000000000800207c                TIM2_IRQHandler
                0x000000000800207c                EXTI1_IRQHandler
                0x000000000800207c                USART2_IRQHandler
                0x000000000800207c                DMA1_Channel2_IRQHandler
                0x000000000800207c                CAN1_SCE_IRQHandler
                0x000000000800207c                FLASH_IRQHandler
                0x000000000800207c                USART1_IRQHandler
                0x000000000800207c                SPI3_IRQHandler
                0x000000000800207c                I2C1_ER_IRQHandler
                0x000000000800207c                SWPMI1_IRQHandler
                0x000000000800207c                LPTIM1_IRQHandler
                0x000000000800207c                SAI1_IRQHandler
                0x000000000800207c                DMA2_Channel3_IRQHandler
                0x000000000800207c                TIM1_BRK_TIM15_IRQHandler
 *fill*         0x000000000800207e        0x2 
 .text.__libc_init_array
                0x0000000008002080       0x48 /usr/lib/gcc/arm-none-eabi/9.1.0/../../../../arm-none-eabi/lib/thumb/v7e-m+fp/hard/libc_nano.a(lib_a-init.o)
                0x0000000008002080                __libc_init_array
 .text.memset   0x00000000080020c8       0x10 /usr/lib/gcc/arm-none-eabi/9.1.0/../../../../arm-none-eabi/lib/thumb/v7e-m+fp/hard/libc_nano.a(lib_a-memset.o)
                0x00000000080020c8                memset
 .text.__udivmoddi4
                0x00000000080020d8      0x2aa /usr/lib/gcc/arm-none-eabi/9.1.0/thumb/v7e-m+fp/hard/libgcc.a(_udivmoddi4.o)
                0x00000000080020d8                __udivmoddi4
 *(.glue_7)
 .glue_7        0x0000000008002382        0x0 linker stubs
 *(.glue_7t)
 .glue_7t       0x0000000008002382        0x0 linker stubs
 *(.eh_frame)
 *fill*         0x0000000008002382        0x2 
 .eh_frame      0x0000000008002384        0x0 /usr/lib/gcc/arm-none-eabi/9.1.0/thumb/v7e-m+fp/hard/crtbegin.o
 *(.init)
 .init          0x0000000008002384        0x4 /usr/lib/gcc/arm-none-eabi/9.1.0/thumb/v7e-m+fp/hard/crti.o
                0x0000000008002384                _init
 .init          0x0000000008002388        0x8 /usr/lib/gcc/arm-none-eabi/9.1.0/thumb/v7e-m+fp/hard/crtn.o
 *(.fini)
 .fini          0x0000000008002390        0x4 /usr/lib/gcc/arm-none-eabi/9.1.0/thumb/v7e-m+fp/hard/crti.o
                0x0000000008002390                _fini
 .fini          0x0000000008002394        0x8 /usr/lib/gcc/arm-none-eabi/9.1.0/thumb/v7e-m+fp/hard/crtn.o
                0x00000000080023a0                . = ALIGN (0x8)
 *fill*         0x000000000800239c        0x4 
                0x00000000080023a0                _etext = .

.vfp11_veneer   0x00000000080023a0        0x0
 .vfp11_veneer  0x00000000080023a0        0x0 linker stubs

.v4_bx          0x00000000080023a0        0x0
 .v4_bx         0x00000000080023a0        0x0 linker stubs

.iplt           0x00000000080023a0        0x0
 .iplt          0x00000000080023a0        0x0 /usr/lib/gcc/arm-none-eabi/9.1.0/thumb/v7e-m+fp/hard/crtbegin.o

.rodata         0x00000000080023a0       0x48
                0x00000000080023a0                . = ALIGN (0x8)
 *(.rodata)
 *(.rodata*)
 .rodata.AHBPrescTable
                0x00000000080023a0       0x10 build/system_stm32l4xx.o
                0x00000000080023a0                AHBPrescTable
 .rodata.APBPrescTable
                0x00000000080023b0        0x8 build/system_stm32l4xx.o
                0x00000000080023b0                APBPrescTable
 .rodata.MSIRangeTable
                0x00000000080023b8       0x30 build/system_stm32l4xx.o
                0x00000000080023b8                MSIRangeTable
                0x00000000080023e8                . = ALIGN (0x8)

.ARM.extab      0x00000000080023e8        0x0
                0x00000000080023e8                . = ALIGN (0x8)
 *(.ARM.extab* .gnu.linkonce.armextab.*)
                0x00000000080023e8                . = ALIGN (0x8)

.ARM            0x00000000080023e8        0x8
                0x00000000080023e8                . = ALIGN (0x8)
                0x00000000080023e8                __exidx_start = .
 *(.ARM.exidx*)
 .ARM.exidx.text.__udivmoddi4
                0x00000000080023e8        0x8 /usr/lib/gcc/arm-none-eabi/9.1.0/thumb/v7e-m+fp/hard/libgcc.a(_udivmoddi4.o)
                0x00000000080023f0                __exidx_end = .
                0x00000000080023f0                . = ALIGN (0x8)

.rel.dyn        0x00000000080023f0        0x0
 .rel.iplt      0x00000000080023f0        0x0 /usr/lib/gcc/arm-none-eabi/9.1.0/thumb/v7e-m+fp/hard/crtbegin.o

.preinit_array  0x00000000080023f0        0x0
                0x00000000080023f0                . = ALIGN (0x8)
                0x00000000080023f0                PROVIDE (__preinit_array_start = .)
 *(.preinit_array*)
                0x00000000080023f0                PROVIDE (__preinit_array_end = .)
                0x00000000080023f0                . = ALIGN (0x8)

.init_array     0x00000000080023f0        0x8
                0x00000000080023f0                . = ALIGN (0x8)
                0x00000000080023f0                PROVIDE (__init_array_start = .)
 *(SORT_BY_NAME(.init_array.*))
 *(.init_array*)
 .init_array    0x00000000080023f0        0x4 /usr/lib/gcc/arm-none-eabi/9.1.0/thumb/v7e-m+fp/hard/crtbegin.o
                0x00000000080023f4                PROVIDE (__init_array_end = .)
                0x00000000080023f8                . = ALIGN (0x8)
 *fill*         0x00000000080023f4        0x4 

.fini_array     0x00000000080023f8        0x8
                0x00000000080023f8                . = ALIGN (0x8)
                0x00000000080023f8                PROVIDE (__fini_array_start = .)
 *(SORT_BY_NAME(.fini_array.*))
 *(.fini_array*)
 .fini_array    0x00000000080023f8        0x4 /usr/lib/gcc/arm-none-eabi/9.1.0/thumb/v7e-m+fp/hard/crtbegin.o
                0x00000000080023fc                PROVIDE (__fini_array_end = .)
                0x0000000008002400                . = ALIGN (0x8)
 *fill*         0x00000000080023fc        0x4 
                0x0000000008002400                _sidata = LOADADDR (.data)

.data           0x0000000020000000       0x10 load address 0x0000000008002400
                0x0000000020000000                . = ALIGN (0x8)
                0x0000000020000000                _sdata = .
 *(.data)
 *(.data*)
 .data.uwTickFreq
                0x0000000020000000        0x4 build/stm32l4xx_hal.o
                0x0000000020000000                uwTickFreq
 .data.uwTickPrio
                0x0000000020000004        0x4 build/stm32l4xx_hal.o
                0x0000000020000004                uwTickPrio
 .data.SystemCoreClock
                0x0000000020000008        0x4 build/system_stm32l4xx.o
                0x0000000020000008                SystemCoreClock
                0x0000000020000010                . = ALIGN (0x8)
 *fill*         0x000000002000000c        0x4 
                0x0000000020000010                _edata = .

.igot.plt       0x0000000020000010        0x0 load address 0x0000000008002410
 .igot.plt      0x0000000020000010        0x0 /usr/lib/gcc/arm-none-eabi/9.1.0/thumb/v7e-m+fp/hard/crtbegin.o
                0x0000000020000010                . = ALIGN (0x4)

.bss            0x0000000020000010      0x104 load address 0x0000000008002410
                0x0000000020000010                _sbss = .
                0x0000000020000010                __bss_start__ = _sbss
 *(.bss)
 *(.bss*)
 .bss.completed.10251
                0x0000000020000010        0x1 /usr/lib/gcc/arm-none-eabi/9.1.0/thumb/v7e-m+fp/hard/crtbegin.o
 *fill*         0x0000000020000011        0x3 
 .bss.object.10256
                0x0000000020000014       0x18 /usr/lib/gcc/arm-none-eabi/9.1.0/thumb/v7e-m+fp/hard/crtbegin.o
 *(COMMON)
 COMMON         0x000000002000002c       0xe4 build/main.o
                0x000000002000002c                hspi1
                0x0000000020000090                huart2
 COMMON         0x0000000020000110        0x4 build/stm32l4xx_hal.o
                0x0000000020000110                uwTick
                0x0000000020000114                . = ALIGN (0x4)
                0x0000000020000114                _ebss = .
                0x0000000020000114                __bss_end__ = _ebss

._user_heap_stack
                0x0000000020000114      0x604 load address 0x0000000008002410
                0x0000000020000118                . = ALIGN (0x8)
 *fill*         0x0000000020000114        0x4 
                [!provide]                        PROVIDE (end = .)
                [!provide]                        PROVIDE (_end = .)
                0x0000000020000318                . = (. + _Min_Heap_Size)
 *fill*         0x0000000020000118      0x200 
                0x0000000020000718                . = (. + _Min_Stack_Size)
 *fill*         0x0000000020000318      0x400 
                0x0000000020000718                . = ALIGN (0x8)

/DISCARD/
 libc.a(*)
 libm.a(*)
 libgcc.a(*)

.ARM.attributes
                0x0000000000000000       0x30
 *(.ARM.attributes)
 .ARM.attributes
                0x0000000000000000       0x1e /usr/lib/gcc/arm-none-eabi/9.1.0/thumb/v7e-m+fp/hard/crti.o
 .ARM.attributes
                0x000000000000001e       0x34 /usr/lib/gcc/arm-none-eabi/9.1.0/thumb/v7e-m+fp/hard/crtbegin.o
 .ARM.attributes
                0x0000000000000052       0x34 build/main.o
 .ARM.attributes
                0x0000000000000086       0x34 build/stm32l4xx_it.o
 .ARM.attributes
                0x00000000000000ba       0x34 build/stm32l4xx_hal_msp.o
 .ARM.attributes
                0x00000000000000ee       0x34 build/stm32l4xx_hal_uart.o
 .ARM.attributes
                0x0000000000000122       0x34 build/stm32l4xx_hal.o
 .ARM.attributes
                0x0000000000000156       0x34 build/stm32l4xx_hal_rcc.o
 .ARM.attributes
                0x000000000000018a       0x34 build/stm32l4xx_hal_rcc_ex.o
 .ARM.attributes
                0x00000000000001be       0x34 build/stm32l4xx_hal_gpio.o
 .ARM.attributes
                0x00000000000001f2       0x34 build/stm32l4xx_hal_pwr.o
 .ARM.attributes
                0x0000000000000226       0x34 build/stm32l4xx_hal_pwr_ex.o
 .ARM.attributes
                0x000000000000025a       0x34 build/stm32l4xx_hal_cortex.o
 .ARM.attributes
                0x000000000000028e       0x34 build/system_stm32l4xx.o
 .ARM.attributes
                0x00000000000002c2       0x34 build/stm32l4xx_hal_spi.o
 .ARM.attributes
                0x00000000000002f6       0x21 build/startup_stm32l432xx.o
 .ARM.attributes
                0x0000000000000317       0x34 /usr/lib/gcc/arm-none-eabi/9.1.0/../../../../arm-none-eabi/lib/thumb/v7e-m+fp/hard/libc_nano.a(lib_a-init.o)
 .ARM.attributes
                0x000000000000034b       0x34 /usr/lib/gcc/arm-none-eabi/9.1.0/../../../../arm-none-eabi/lib/thumb/v7e-m+fp/hard/libc_nano.a(lib_a-memset.o)
 .ARM.attributes
                0x000000000000037f       0x1e /usr/lib/gcc/arm-none-eabi/9.1.0/thumb/v7e-m+fp/hard/libgcc.a(_aeabi_uldivmod.o)
 .ARM.attributes
                0x000000000000039d       0x34 /usr/lib/gcc/arm-none-eabi/9.1.0/thumb/v7e-m+fp/hard/libgcc.a(_udivmoddi4.o)
 .ARM.attributes
                0x00000000000003d1       0x1e /usr/lib/gcc/arm-none-eabi/9.1.0/thumb/v7e-m+fp/hard/libgcc.a(_dvmd_tls.o)
 .ARM.attributes
                0x00000000000003ef       0x1e /usr/lib/gcc/arm-none-eabi/9.1.0/thumb/v7e-m+fp/hard/crtn.o
OUTPUT(build/SM1610.elf elf32-littlearm)

.debug_info     0x0000000000000000     0xe783
 .debug_info    0x0000000000000000     0x16fc build/main.o
 .debug_info    0x00000000000016fc      0x3a4 build/stm32l4xx_it.o
 .debug_info    0x0000000000001aa0     0x11a7 build/stm32l4xx_hal_msp.o
 .debug_info    0x0000000000002c47     0x22dd build/stm32l4xx_hal_uart.o
 .debug_info    0x0000000000004f24      0xd04 build/stm32l4xx_hal.o
 .debug_info    0x0000000000005c28     0x118e build/stm32l4xx_hal_rcc.o
 .debug_info    0x0000000000006db6     0x15a1 build/stm32l4xx_hal_rcc_ex.o
 .debug_info    0x0000000000008357      0xb2e build/stm32l4xx_hal_gpio.o
 .debug_info    0x0000000000008e85      0xccb build/stm32l4xx_hal_pwr.o
 .debug_info    0x0000000000009b50      0xcc7 build/stm32l4xx_hal_pwr_ex.o
 .debug_info    0x000000000000a817     0x12f8 build/stm32l4xx_hal_cortex.o
 .debug_info    0x000000000000bb0f      0x837 build/system_stm32l4xx.o
 .debug_info    0x000000000000c346     0x241b build/stm32l4xx_hal_spi.o
 .debug_info    0x000000000000e761       0x22 build/startup_stm32l432xx.o

.debug_abbrev   0x0000000000000000     0x1db1
 .debug_abbrev  0x0000000000000000      0x27e build/main.o
 .debug_abbrev  0x000000000000027e      0x112 build/stm32l4xx_it.o
 .debug_abbrev  0x0000000000000390      0x1cc build/stm32l4xx_hal_msp.o
 .debug_abbrev  0x000000000000055c      0x2ac build/stm32l4xx_hal_uart.o
 .debug_abbrev  0x0000000000000808      0x23c build/stm32l4xx_hal.o
 .debug_abbrev  0x0000000000000a44      0x28e build/stm32l4xx_hal_rcc.o
 .debug_abbrev  0x0000000000000cd2      0x2c3 build/stm32l4xx_hal_rcc_ex.o
 .debug_abbrev  0x0000000000000f95      0x24f build/stm32l4xx_hal_gpio.o
 .debug_abbrev  0x00000000000011e4      0x1cc build/stm32l4xx_hal_pwr.o
 .debug_abbrev  0x00000000000013b0      0x230 build/stm32l4xx_hal_pwr_ex.o
 .debug_abbrev  0x00000000000015e0      0x3a8 build/stm32l4xx_hal_cortex.o
 .debug_abbrev  0x0000000000001988      0x173 build/system_stm32l4xx.o
 .debug_abbrev  0x0000000000001afb      0x2a4 build/stm32l4xx_hal_spi.o
 .debug_abbrev  0x0000000000001d9f       0x12 build/startup_stm32l432xx.o

.debug_loc      0x0000000000000000     0x8625
 .debug_loc     0x0000000000000000       0xd1 build/main.o
 .debug_loc     0x00000000000000d1       0x20 build/stm32l4xx_it.o
 .debug_loc     0x00000000000000f1      0x1fc build/stm32l4xx_hal_msp.o
 .debug_loc     0x00000000000002ed     0x21d0 build/stm32l4xx_hal_uart.o
 .debug_loc     0x00000000000024bd      0x254 build/stm32l4xx_hal.o
 .debug_loc     0x0000000000002711      0x9a7 build/stm32l4xx_hal_rcc.o
 .debug_loc     0x00000000000030b8     0x18da build/stm32l4xx_hal_rcc_ex.o
 .debug_loc     0x0000000000004992      0x405 build/stm32l4xx_hal_gpio.o
 .debug_loc     0x0000000000004d97      0x1f1 build/stm32l4xx_hal_pwr.o
 .debug_loc     0x0000000000004f88      0x6ed build/stm32l4xx_hal_pwr_ex.o
 .debug_loc     0x0000000000005675      0x7d4 build/stm32l4xx_hal_cortex.o
 .debug_loc     0x0000000000005e49      0x1fc build/system_stm32l4xx.o
 .debug_loc     0x0000000000006045     0x25e0 build/stm32l4xx_hal_spi.o

.debug_aranges  0x0000000000000000      0xa40
 .debug_aranges
                0x0000000000000000       0x48 build/main.o
 .debug_aranges
                0x0000000000000048       0x60 build/stm32l4xx_it.o
 .debug_aranges
                0x00000000000000a8       0x40 build/stm32l4xx_hal_msp.o
 .debug_aranges
                0x00000000000000e8      0x1f8 build/stm32l4xx_hal_uart.o
 .debug_aranges
                0x00000000000002e0      0x108 build/stm32l4xx_hal.o
 .debug_aranges
                0x00000000000003e8       0x88 build/stm32l4xx_hal_rcc.o
 .debug_aranges
                0x0000000000000470       0xf0 build/stm32l4xx_hal_rcc_ex.o
 .debug_aranges
                0x0000000000000560       0x58 build/stm32l4xx_hal_gpio.o
 .debug_aranges
                0x00000000000005b8       0x98 build/stm32l4xx_hal_pwr.o
 .debug_aranges
                0x0000000000000650      0x120 build/stm32l4xx_hal_pwr_ex.o
 .debug_aranges
                0x0000000000000770       0xa8 build/stm32l4xx_hal_cortex.o
 .debug_aranges
                0x0000000000000818       0x28 build/system_stm32l4xx.o
 .debug_aranges
                0x0000000000000840      0x1d8 build/stm32l4xx_hal_spi.o
 .debug_aranges
                0x0000000000000a18       0x28 build/startup_stm32l432xx.o

.debug_ranges   0x0000000000000000      0x9f8
 .debug_ranges  0x0000000000000000       0x38 build/main.o
 .debug_ranges  0x0000000000000038       0x50 build/stm32l4xx_it.o
 .debug_ranges  0x0000000000000088       0x30 build/stm32l4xx_hal_msp.o
 .debug_ranges  0x00000000000000b8      0x1e8 build/stm32l4xx_hal_uart.o
 .debug_ranges  0x00000000000002a0       0xf8 build/stm32l4xx_hal.o
 .debug_ranges  0x0000000000000398       0x90 build/stm32l4xx_hal_rcc.o
 .debug_ranges  0x0000000000000428       0xf8 build/stm32l4xx_hal_rcc_ex.o
 .debug_ranges  0x0000000000000520       0x48 build/stm32l4xx_hal_gpio.o
 .debug_ranges  0x0000000000000568       0x88 build/stm32l4xx_hal_pwr.o
 .debug_ranges  0x00000000000005f0      0x110 build/stm32l4xx_hal_pwr_ex.o
 .debug_ranges  0x0000000000000700       0xf8 build/stm32l4xx_hal_cortex.o
 .debug_ranges  0x00000000000007f8       0x18 build/system_stm32l4xx.o
 .debug_ranges  0x0000000000000810      0x1c8 build/stm32l4xx_hal_spi.o
 .debug_ranges  0x00000000000009d8       0x20 build/startup_stm32l432xx.o

.debug_line     0x0000000000000000     0x93ed
 .debug_line    0x0000000000000000      0x4df build/main.o
 .debug_line    0x00000000000004df      0x23b build/stm32l4xx_it.o
 .debug_line    0x000000000000071a      0x343 build/stm32l4xx_hal_msp.o
 .debug_line    0x0000000000000a5d     0x1fc8 build/stm32l4xx_hal_uart.o
 .debug_line    0x0000000000002a25      0x595 build/stm32l4xx_hal.o
 .debug_line    0x0000000000002fba      0xe26 build/stm32l4xx_hal_rcc.o
 .debug_line    0x0000000000003de0     0x11f0 build/stm32l4xx_hal_rcc_ex.o
 .debug_line    0x0000000000004fd0      0x653 build/stm32l4xx_hal_gpio.o
 .debug_line    0x0000000000005623      0x3fa build/stm32l4xx_hal_pwr.o
 .debug_line    0x0000000000005a1d      0x853 build/stm32l4xx_hal_pwr_ex.o
 .debug_line    0x0000000000006270      0x772 build/stm32l4xx_hal_cortex.o
 .debug_line    0x00000000000069e2      0x2db build/system_stm32l4xx.o
 .debug_line    0x0000000000006cbd     0x26bd build/stm32l4xx_hal_spi.o
 .debug_line    0x000000000000937a       0x73 build/startup_stm32l432xx.o

.debug_str      0x0000000000000000     0x3541
 .debug_str     0x0000000000000000      0xe37 build/main.o
                                        0xf25 (size before relaxing)
 .debug_str     0x0000000000000e37       0xaf build/stm32l4xx_it.o
                                        0x449 (size before relaxing)
 .debug_str     0x0000000000000ee6       0x85 build/stm32l4xx_hal_msp.o
                                        0xb0b (size before relaxing)
 .debug_str     0x0000000000000f6b      0x783 build/stm32l4xx_hal_uart.o
                                       0x1089 (size before relaxing)
 .debug_str     0x00000000000016ee      0x6f7 build/stm32l4xx_hal.o
                                        0xc72 (size before relaxing)
 .debug_str     0x0000000000001de5      0x242 build/stm32l4xx_hal_rcc.o
                                        0x9f0 (size before relaxing)
 .debug_str     0x0000000000002027      0x488 build/stm32l4xx_hal_rcc_ex.o
                                        0xd5c (size before relaxing)
 .debug_str     0x00000000000024af       0xd5 build/stm32l4xx_hal_gpio.o
                                        0x749 (size before relaxing)
 .debug_str     0x0000000000002584      0x292 build/stm32l4xx_hal_pwr.o
                                        0x889 (size before relaxing)
 .debug_str     0x0000000000002816      0x379 build/stm32l4xx_hal_pwr_ex.o
                                        0x95b (size before relaxing)
 .debug_str     0x0000000000002b8f      0x44a build/stm32l4xx_hal_cortex.o
                                        0xcf0 (size before relaxing)
 .debug_str     0x0000000000002fd9       0x38 build/system_stm32l4xx.o
                                        0x59c (size before relaxing)
 .debug_str     0x0000000000003011      0x50e build/stm32l4xx_hal_spi.o
                                        0xd68 (size before relaxing)
 .debug_str     0x000000000000351f       0x22 build/startup_stm32l432xx.o
                                         0x6a (size before relaxing)

.comment        0x0000000000000000       0x1d
 .comment       0x0000000000000000       0x1d build/main.o
                                         0x1e (size before relaxing)
 .comment       0x000000000000001d       0x1e build/stm32l4xx_it.o
 .comment       0x000000000000001d       0x1e build/stm32l4xx_hal_msp.o
 .comment       0x000000000000001d       0x1e build/stm32l4xx_hal_uart.o
 .comment       0x000000000000001d       0x1e build/stm32l4xx_hal.o
 .comment       0x000000000000001d       0x1e build/stm32l4xx_hal_rcc.o
 .comment       0x000000000000001d       0x1e build/stm32l4xx_hal_rcc_ex.o
 .comment       0x000000000000001d       0x1e build/stm32l4xx_hal_gpio.o
 .comment       0x000000000000001d       0x1e build/stm32l4xx_hal_pwr.o
 .comment       0x000000000000001d       0x1e build/stm32l4xx_hal_pwr_ex.o
 .comment       0x000000000000001d       0x1e build/stm32l4xx_hal_cortex.o
 .comment       0x000000000000001d       0x1e build/system_stm32l4xx.o
 .comment       0x000000000000001d       0x1e build/stm32l4xx_hal_spi.o

.debug_frame    0x0000000000000000     0x1bcc
 .debug_frame   0x0000000000000000       0xc4 build/main.o
 .debug_frame   0x00000000000000c4       0xac build/stm32l4xx_it.o
 .debug_frame   0x0000000000000170       0xa8 build/stm32l4xx_hal_msp.o
 .debug_frame   0x0000000000000218      0x64c build/stm32l4xx_hal_uart.o
 .debug_frame   0x0000000000000864      0x230 build/stm32l4xx_hal.o
 .debug_frame   0x0000000000000a94      0x1c0 build/stm32l4xx_hal_rcc.o
 .debug_frame   0x0000000000000c54      0x278 build/stm32l4xx_hal_rcc_ex.o
 .debug_frame   0x0000000000000ecc       0xec build/stm32l4xx_hal_gpio.o
 .debug_frame   0x0000000000000fb8      0x128 build/stm32l4xx_hal_pwr.o
 .debug_frame   0x00000000000010e0      0x22c build/stm32l4xx_hal_pwr_ex.o
 .debug_frame   0x000000000000130c      0x16c build/stm32l4xx_hal_cortex.o
 .debug_frame   0x0000000000001478       0x30 build/system_stm32l4xx.o
 .debug_frame   0x00000000000014a8      0x674 build/stm32l4xx_hal_spi.o
 .debug_frame   0x0000000000001b1c       0x2c /usr/lib/gcc/arm-none-eabi/9.1.0/../../../../arm-none-eabi/lib/thumb/v7e-m+fp/hard/libc_nano.a(lib_a-init.o)
 .debug_frame   0x0000000000001b48       0x20 /usr/lib/gcc/arm-none-eabi/9.1.0/../../../../arm-none-eabi/lib/thumb/v7e-m+fp/hard/libc_nano.a(lib_a-memset.o)
 .debug_frame   0x0000000000001b68       0x2c /usr/lib/gcc/arm-none-eabi/9.1.0/thumb/v7e-m+fp/hard/libgcc.a(_aeabi_uldivmod.o)
 .debug_frame   0x0000000000001b94       0x38 /usr/lib/gcc/arm-none-eabi/9.1.0/thumb/v7e-m+fp/hard/libgcc.a(_udivmoddi4.o)

Cross Reference Table

Symbol                                            File
ADC1_IRQHandler                                   build/startup_stm32l432xx.o
AHBPrescTable                                     build/system_stm32l4xx.o
                                                  build/stm32l4xx_hal_rcc.o
APBPrescTable                                     build/system_stm32l4xx.o
                                                  build/stm32l4xx_hal_rcc.o
BusFault_Handler                                  build/stm32l4xx_it.o
CAN1_RX0_IRQHandler                               build/startup_stm32l432xx.o
CAN1_RX1_IRQHandler                               build/startup_stm32l432xx.o
CAN1_SCE_IRQHandler                               build/startup_stm32l432xx.o
CAN1_TX_IRQHandler                                build/startup_stm32l432xx.o
COMP_IRQHandler                                   build/startup_stm32l432xx.o
CRS_IRQHandler                                    build/startup_stm32l432xx.o
DMA1_Channel1_IRQHandler                          build/startup_stm32l432xx.o
DMA1_Channel2_IRQHandler                          build/startup_stm32l432xx.o
DMA1_Channel3_IRQHandler                          build/startup_stm32l432xx.o
DMA1_Channel4_IRQHandler                          build/startup_stm32l432xx.o
DMA1_Channel5_IRQHandler                          build/startup_stm32l432xx.o
DMA1_Channel6_IRQHandler                          build/startup_stm32l432xx.o
DMA1_Channel7_IRQHandler                          build/startup_stm32l432xx.o
DMA2_Channel1_IRQHandler                          build/startup_stm32l432xx.o
DMA2_Channel2_IRQHandler                          build/startup_stm32l432xx.o
DMA2_Channel3_IRQHandler                          build/startup_stm32l432xx.o
DMA2_Channel4_IRQHandler                          build/startup_stm32l432xx.o
DMA2_Channel5_IRQHandler                          build/startup_stm32l432xx.o
DMA2_Channel6_IRQHandler                          build/startup_stm32l432xx.o
DMA2_Channel7_IRQHandler                          build/startup_stm32l432xx.o
DebugMon_Handler                                  build/stm32l4xx_it.o
Default_Handler                                   build/startup_stm32l432xx.o
EXTI0_IRQHandler                                  build/startup_stm32l432xx.o
EXTI15_10_IRQHandler                              build/startup_stm32l432xx.o
EXTI1_IRQHandler                                  build/startup_stm32l432xx.o
EXTI2_IRQHandler                                  build/startup_stm32l432xx.o
EXTI3_IRQHandler                                  build/startup_stm32l432xx.o
EXTI4_IRQHandler                                  build/startup_stm32l432xx.o
EXTI9_5_IRQHandler                                build/startup_stm32l432xx.o
Error_Handler                                     build/main.o
FLASH_FlushCaches                                 build/stm32l4xx_hal_flash_ex.o
                                                  build/stm32l4xx_hal_flash.o
FLASH_IRQHandler                                  build/startup_stm32l432xx.o
FLASH_PageErase                                   build/stm32l4xx_hal_flash_ex.o
                                                  build/stm32l4xx_hal_flash.o
FLASH_WaitForLastOperation                        build/stm32l4xx_hal_flash.o
                                                  build/stm32l4xx_hal_flash_ex.o
FPU_IRQHandler                                    build/startup_stm32l432xx.o
HAL_DBGMCU_DisableDBGSleepMode                    build/stm32l4xx_hal.o
HAL_DBGMCU_DisableDBGStandbyMode                  build/stm32l4xx_hal.o
HAL_DBGMCU_DisableDBGStopMode                     build/stm32l4xx_hal.o
HAL_DBGMCU_EnableDBGSleepMode                     build/stm32l4xx_hal.o
HAL_DBGMCU_EnableDBGStandbyMode                   build/stm32l4xx_hal.o
HAL_DBGMCU_EnableDBGStopMode                      build/stm32l4xx_hal.o
HAL_DMA_Abort                                     build/stm32l4xx_hal_dma.o
                                                  build/stm32l4xx_hal_spi.o
                                                  build/stm32l4xx_hal_uart.o
HAL_DMA_Abort_IT                                  build/stm32l4xx_hal_dma.o
                                                  build/stm32l4xx_hal_spi.o
                                                  build/stm32l4xx_hal_i2c.o
                                                  build/stm32l4xx_hal_uart.o
HAL_DMA_DeInit                                    build/stm32l4xx_hal_dma.o
HAL_DMA_GetError                                  build/stm32l4xx_hal_dma.o
                                                  build/stm32l4xx_hal_uart.o
HAL_DMA_GetState                                  build/stm32l4xx_hal_dma.o
HAL_DMA_IRQHandler                                build/stm32l4xx_hal_dma.o
HAL_DMA_Init                                      build/stm32l4xx_hal_dma.o
HAL_DMA_PollForTransfer                           build/stm32l4xx_hal_dma.o
HAL_DMA_RegisterCallback                          build/stm32l4xx_hal_dma.o
HAL_DMA_Start                                     build/stm32l4xx_hal_dma.o
HAL_DMA_Start_IT                                  build/stm32l4xx_hal_dma.o
                                                  build/stm32l4xx_hal_spi.o
                                                  build/stm32l4xx_hal_i2c.o
                                                  build/stm32l4xx_hal_uart.o
HAL_DMA_UnRegisterCallback                        build/stm32l4xx_hal_dma.o
HAL_DeInit                                        build/stm32l4xx_hal.o
HAL_Delay                                         build/stm32l4xx_hal.o
                                                  build/main.o
HAL_EXTI_ClearConfigLine                          build/stm32l4xx_hal_exti.o
HAL_EXTI_ClearPending                             build/stm32l4xx_hal_exti.o
HAL_EXTI_GenerateSWI                              build/stm32l4xx_hal_exti.o
HAL_EXTI_GetConfigLine                            build/stm32l4xx_hal_exti.o
HAL_EXTI_GetHandle                                build/stm32l4xx_hal_exti.o
HAL_EXTI_GetPending                               build/stm32l4xx_hal_exti.o
HAL_EXTI_IRQHandler                               build/stm32l4xx_hal_exti.o
HAL_EXTI_RegisterCallback                         build/stm32l4xx_hal_exti.o
HAL_EXTI_SetConfigLine                            build/stm32l4xx_hal_exti.o
HAL_FLASHEx_DisableRunPowerDown                   build/stm32l4xx_hal_flash_ramfunc.o
HAL_FLASHEx_EnableRunPowerDown                    build/stm32l4xx_hal_flash_ramfunc.o
HAL_FLASHEx_Erase                                 build/stm32l4xx_hal_flash_ex.o
HAL_FLASHEx_Erase_IT                              build/stm32l4xx_hal_flash_ex.o
HAL_FLASHEx_OBGetConfig                           build/stm32l4xx_hal_flash_ex.o
HAL_FLASHEx_OBProgram                             build/stm32l4xx_hal_flash_ex.o
HAL_FLASH_EndOfOperationCallback                  build/stm32l4xx_hal_flash.o
HAL_FLASH_GetError                                build/stm32l4xx_hal_flash.o
HAL_FLASH_IRQHandler                              build/stm32l4xx_hal_flash.o
HAL_FLASH_Lock                                    build/stm32l4xx_hal_flash.o
HAL_FLASH_OB_Launch                               build/stm32l4xx_hal_flash.o
HAL_FLASH_OB_Lock                                 build/stm32l4xx_hal_flash.o
HAL_FLASH_OB_Unlock                               build/stm32l4xx_hal_flash.o
HAL_FLASH_OperationErrorCallback                  build/stm32l4xx_hal_flash.o
HAL_FLASH_Program                                 build/stm32l4xx_hal_flash.o
HAL_FLASH_Program_IT                              build/stm32l4xx_hal_flash.o
HAL_FLASH_Unlock                                  build/stm32l4xx_hal_flash.o
HAL_GPIO_DeInit                                   build/stm32l4xx_hal_gpio.o
                                                  build/stm32l4xx_hal_msp.o
HAL_GPIO_EXTI_Callback                            build/stm32l4xx_hal_gpio.o
HAL_GPIO_EXTI_IRQHandler                          build/stm32l4xx_hal_gpio.o
HAL_GPIO_Init                                     build/stm32l4xx_hal_gpio.o
                                                  build/stm32l4xx_hal_rcc_ex.o
                                                  build/stm32l4xx_hal_rcc.o
                                                  build/stm32l4xx_hal_msp.o
                                                  build/main.o
HAL_GPIO_LockPin                                  build/stm32l4xx_hal_gpio.o
HAL_GPIO_ReadPin                                  build/stm32l4xx_hal_gpio.o
HAL_GPIO_TogglePin                                build/stm32l4xx_hal_gpio.o
HAL_GPIO_WritePin                                 build/stm32l4xx_hal_gpio.o
                                                  build/main.o
HAL_GetDEVID                                      build/stm32l4xx_hal.o
HAL_GetHalVersion                                 build/stm32l4xx_hal.o
HAL_GetREVID                                      build/stm32l4xx_hal.o
HAL_GetTick                                       build/stm32l4xx_hal.o
                                                  build/stm32l4xx_hal_spi.o
                                                  build/stm32l4xx_hal_dma.o
                                                  build/stm32l4xx_hal_flash.o
                                                  build/stm32l4xx_hal_rcc_ex.o
                                                  build/stm32l4xx_hal_rcc.o
                                                  build/stm32l4xx_hal_i2c.o
                                                  build/stm32l4xx_hal_uart_ex.o
                                                  build/stm32l4xx_hal_uart.o
HAL_GetTickFreq                                   build/stm32l4xx_hal.o
HAL_GetTickPrio                                   build/stm32l4xx_hal.o
HAL_GetUIDw0                                      build/stm32l4xx_hal.o
HAL_GetUIDw1                                      build/stm32l4xx_hal.o
HAL_GetUIDw2                                      build/stm32l4xx_hal.o
HAL_HalfDuplex_EnableReceiver                     build/stm32l4xx_hal_uart.o
HAL_HalfDuplex_EnableTransmitter                  build/stm32l4xx_hal_uart.o
HAL_HalfDuplex_Init                               build/stm32l4xx_hal_uart.o
HAL_I2CEx_ConfigAnalogFilter                      build/stm32l4xx_hal_i2c_ex.o
HAL_I2CEx_ConfigDigitalFilter                     build/stm32l4xx_hal_i2c_ex.o
HAL_I2CEx_DisableFastModePlus                     build/stm32l4xx_hal_i2c_ex.o
HAL_I2CEx_DisableWakeUp                           build/stm32l4xx_hal_i2c_ex.o
HAL_I2CEx_EnableFastModePlus                      build/stm32l4xx_hal_i2c_ex.o
HAL_I2CEx_EnableWakeUp                            build/stm32l4xx_hal_i2c_ex.o
HAL_I2C_AbortCpltCallback                         build/stm32l4xx_hal_i2c.o
HAL_I2C_AddrCallback                              build/stm32l4xx_hal_i2c.o
HAL_I2C_DeInit                                    build/stm32l4xx_hal_i2c.o
HAL_I2C_DisableListen_IT                          build/stm32l4xx_hal_i2c.o
HAL_I2C_ER_IRQHandler                             build/stm32l4xx_hal_i2c.o
HAL_I2C_EV_IRQHandler                             build/stm32l4xx_hal_i2c.o
HAL_I2C_EnableListen_IT                           build/stm32l4xx_hal_i2c.o
HAL_I2C_ErrorCallback                             build/stm32l4xx_hal_i2c.o
HAL_I2C_GetError                                  build/stm32l4xx_hal_i2c.o
HAL_I2C_GetMode                                   build/stm32l4xx_hal_i2c.o
HAL_I2C_GetState                                  build/stm32l4xx_hal_i2c.o
HAL_I2C_Init                                      build/stm32l4xx_hal_i2c.o
HAL_I2C_IsDeviceReady                             build/stm32l4xx_hal_i2c.o
HAL_I2C_ListenCpltCallback                        build/stm32l4xx_hal_i2c.o
HAL_I2C_MasterRxCpltCallback                      build/stm32l4xx_hal_i2c.o
HAL_I2C_MasterTxCpltCallback                      build/stm32l4xx_hal_i2c.o
HAL_I2C_Master_Abort_IT                           build/stm32l4xx_hal_i2c.o
HAL_I2C_Master_Receive                            build/stm32l4xx_hal_i2c.o
HAL_I2C_Master_Receive_DMA                        build/stm32l4xx_hal_i2c.o
HAL_I2C_Master_Receive_IT                         build/stm32l4xx_hal_i2c.o
HAL_I2C_Master_Seq_Receive_DMA                    build/stm32l4xx_hal_i2c.o
HAL_I2C_Master_Seq_Receive_IT                     build/stm32l4xx_hal_i2c.o
HAL_I2C_Master_Seq_Transmit_DMA                   build/stm32l4xx_hal_i2c.o
HAL_I2C_Master_Seq_Transmit_IT                    build/stm32l4xx_hal_i2c.o
HAL_I2C_Master_Transmit                           build/stm32l4xx_hal_i2c.o
HAL_I2C_Master_Transmit_DMA                       build/stm32l4xx_hal_i2c.o
HAL_I2C_Master_Transmit_IT                        build/stm32l4xx_hal_i2c.o
HAL_I2C_MemRxCpltCallback                         build/stm32l4xx_hal_i2c.o
HAL_I2C_MemTxCpltCallback                         build/stm32l4xx_hal_i2c.o
HAL_I2C_Mem_Read                                  build/stm32l4xx_hal_i2c.o
HAL_I2C_Mem_Read_DMA                              build/stm32l4xx_hal_i2c.o
HAL_I2C_Mem_Read_IT                               build/stm32l4xx_hal_i2c.o
HAL_I2C_Mem_Write                                 build/stm32l4xx_hal_i2c.o
HAL_I2C_Mem_Write_DMA                             build/stm32l4xx_hal_i2c.o
HAL_I2C_Mem_Write_IT                              build/stm32l4xx_hal_i2c.o
HAL_I2C_MspDeInit                                 build/stm32l4xx_hal_i2c.o
HAL_I2C_MspInit                                   build/stm32l4xx_hal_i2c.o
HAL_I2C_SlaveRxCpltCallback                       build/stm32l4xx_hal_i2c.o
HAL_I2C_SlaveTxCpltCallback                       build/stm32l4xx_hal_i2c.o
HAL_I2C_Slave_Receive                             build/stm32l4xx_hal_i2c.o
HAL_I2C_Slave_Receive_DMA                         build/stm32l4xx_hal_i2c.o
HAL_I2C_Slave_Receive_IT                          build/stm32l4xx_hal_i2c.o
HAL_I2C_Slave_Seq_Receive_DMA                     build/stm32l4xx_hal_i2c.o
HAL_I2C_Slave_Seq_Receive_IT                      build/stm32l4xx_hal_i2c.o
HAL_I2C_Slave_Seq_Transmit_DMA                    build/stm32l4xx_hal_i2c.o
HAL_I2C_Slave_Seq_Transmit_IT                     build/stm32l4xx_hal_i2c.o
HAL_I2C_Slave_Transmit                            build/stm32l4xx_hal_i2c.o
HAL_I2C_Slave_Transmit_DMA                        build/stm32l4xx_hal_i2c.o
HAL_I2C_Slave_Transmit_IT                         build/stm32l4xx_hal_i2c.o
HAL_IncTick                                       build/stm32l4xx_hal.o
                                                  build/stm32l4xx_it.o
HAL_Init                                          build/stm32l4xx_hal.o
                                                  build/main.o
HAL_InitTick                                      build/stm32l4xx_hal.o
                                                  build/stm32l4xx_hal_rcc.o
HAL_LIN_Init                                      build/stm32l4xx_hal_uart.o
HAL_LIN_SendBreak                                 build/stm32l4xx_hal_uart.o
HAL_MPU_ConfigRegion                              build/stm32l4xx_hal_cortex.o
HAL_MPU_Disable                                   build/stm32l4xx_hal_cortex.o
HAL_MPU_Enable                                    build/stm32l4xx_hal_cortex.o
HAL_MspDeInit                                     build/stm32l4xx_hal.o
HAL_MspInit                                       build/stm32l4xx_hal_msp.o
HAL_MultiProcessorEx_AddressLength_Set            build/stm32l4xx_hal_uart_ex.o
HAL_MultiProcessor_DisableMuteMode                build/stm32l4xx_hal_uart.o
HAL_MultiProcessor_EnableMuteMode                 build/stm32l4xx_hal_uart.o
HAL_MultiProcessor_EnterMuteMode                  build/stm32l4xx_hal_uart.o
HAL_MultiProcessor_Init                           build/stm32l4xx_hal_uart.o
HAL_NVIC_ClearPendingIRQ                          build/stm32l4xx_hal_cortex.o
HAL_NVIC_DisableIRQ                               build/stm32l4xx_hal_cortex.o
HAL_NVIC_EnableIRQ                                build/stm32l4xx_hal_cortex.o
HAL_NVIC_GetActive                                build/stm32l4xx_hal_cortex.o
HAL_NVIC_GetPendingIRQ                            build/stm32l4xx_hal_cortex.o
HAL_NVIC_GetPriority                              build/stm32l4xx_hal_cortex.o
HAL_NVIC_GetPriorityGrouping                      build/stm32l4xx_hal_cortex.o
HAL_NVIC_SetPendingIRQ                            build/stm32l4xx_hal_cortex.o
HAL_NVIC_SetPriority                              build/stm32l4xx_hal_cortex.o
                                                  build/stm32l4xx_hal.o
HAL_NVIC_SetPriorityGrouping                      build/stm32l4xx_hal_cortex.o
                                                  build/stm32l4xx_hal.o
HAL_NVIC_SystemReset                              build/stm32l4xx_hal_cortex.o
HAL_PWREx_ConfigPVM                               build/stm32l4xx_hal_pwr_ex.o
HAL_PWREx_ControlVoltageScaling                   build/stm32l4xx_hal_pwr_ex.o
                                                  build/main.o
HAL_PWREx_DisableBatteryCharging                  build/stm32l4xx_hal_pwr_ex.o
HAL_PWREx_DisableGPIOPullDown                     build/stm32l4xx_hal_pwr_ex.o
HAL_PWREx_DisableGPIOPullUp                       build/stm32l4xx_hal_pwr_ex.o
HAL_PWREx_DisableInternalWakeUpLine               build/stm32l4xx_hal_pwr_ex.o
HAL_PWREx_DisableLowPowerRunMode                  build/stm32l4xx_hal_pwr_ex.o
                                                  build/stm32l4xx_hal_pwr.o
HAL_PWREx_DisablePVM1                             build/stm32l4xx_hal_pwr_ex.o
HAL_PWREx_DisablePVM3                             build/stm32l4xx_hal_pwr_ex.o
HAL_PWREx_DisablePVM4                             build/stm32l4xx_hal_pwr_ex.o
HAL_PWREx_DisablePullUpPullDownConfig             build/stm32l4xx_hal_pwr_ex.o
HAL_PWREx_DisableSRAM2ContentRetention            build/stm32l4xx_hal_pwr_ex.o
HAL_PWREx_DisableVddUSB                           build/stm32l4xx_hal_pwr_ex.o
HAL_PWREx_EnableBatteryCharging                   build/stm32l4xx_hal_pwr_ex.o
HAL_PWREx_EnableGPIOPullDown                      build/stm32l4xx_hal_pwr_ex.o
HAL_PWREx_EnableGPIOPullUp                        build/stm32l4xx_hal_pwr_ex.o
HAL_PWREx_EnableInternalWakeUpLine                build/stm32l4xx_hal_pwr_ex.o
HAL_PWREx_EnableLowPowerRunMode                   build/stm32l4xx_hal_pwr_ex.o
                                                  build/stm32l4xx_hal_pwr.o
HAL_PWREx_EnablePVM1                              build/stm32l4xx_hal_pwr_ex.o
HAL_PWREx_EnablePVM3                              build/stm32l4xx_hal_pwr_ex.o
HAL_PWREx_EnablePVM4                              build/stm32l4xx_hal_pwr_ex.o
HAL_PWREx_EnablePullUpPullDownConfig              build/stm32l4xx_hal_pwr_ex.o
HAL_PWREx_EnableSRAM2ContentRetention             build/stm32l4xx_hal_pwr_ex.o
HAL_PWREx_EnableVddUSB                            build/stm32l4xx_hal_pwr_ex.o
HAL_PWREx_EnterSHUTDOWNMode                       build/stm32l4xx_hal_pwr_ex.o
HAL_PWREx_EnterSTOP0Mode                          build/stm32l4xx_hal_pwr_ex.o
                                                  build/stm32l4xx_hal_pwr.o
HAL_PWREx_EnterSTOP1Mode                          build/stm32l4xx_hal_pwr_ex.o
                                                  build/stm32l4xx_hal_pwr.o
HAL_PWREx_EnterSTOP2Mode                          build/stm32l4xx_hal_pwr_ex.o
HAL_PWREx_GetVoltageRange                         build/stm32l4xx_hal_pwr_ex.o
                                                  build/stm32l4xx_hal_rcc.o
HAL_PWREx_PVD_PVM_IRQHandler                      build/stm32l4xx_hal_pwr_ex.o
HAL_PWREx_PVM1Callback                            build/stm32l4xx_hal_pwr_ex.o
HAL_PWREx_PVM3Callback                            build/stm32l4xx_hal_pwr_ex.o
HAL_PWREx_PVM4Callback                            build/stm32l4xx_hal_pwr_ex.o
HAL_PWR_ConfigPVD                                 build/stm32l4xx_hal_pwr.o
HAL_PWR_DeInit                                    build/stm32l4xx_hal_pwr.o
HAL_PWR_DisableBkUpAccess                         build/stm32l4xx_hal_pwr.o
                                                  build/stm32l4xx_hal_rcc_ex.o
HAL_PWR_DisablePVD                                build/stm32l4xx_hal_pwr.o
HAL_PWR_DisableSEVOnPend                          build/stm32l4xx_hal_pwr.o
HAL_PWR_DisableSleepOnExit                        build/stm32l4xx_hal_pwr.o
HAL_PWR_DisableWakeUpPin                          build/stm32l4xx_hal_pwr.o
HAL_PWR_EnableBkUpAccess                          build/stm32l4xx_hal_pwr.o
                                                  build/stm32l4xx_hal_rcc_ex.o
                                                  build/main.o
HAL_PWR_EnablePVD                                 build/stm32l4xx_hal_pwr.o
HAL_PWR_EnableSEVOnPend                           build/stm32l4xx_hal_pwr.o
HAL_PWR_EnableSleepOnExit                         build/stm32l4xx_hal_pwr.o
HAL_PWR_EnableWakeUpPin                           build/stm32l4xx_hal_pwr.o
HAL_PWR_EnterSLEEPMode                            build/stm32l4xx_hal_pwr.o
HAL_PWR_EnterSTANDBYMode                          build/stm32l4xx_hal_pwr.o
HAL_PWR_EnterSTOPMode                             build/stm32l4xx_hal_pwr.o
HAL_PWR_PVDCallback                               build/stm32l4xx_hal_pwr.o
                                                  build/stm32l4xx_hal_pwr_ex.o
HAL_RCCEx_CRSConfig                               build/stm32l4xx_hal_rcc_ex.o
HAL_RCCEx_CRSGetSynchronizationInfo               build/stm32l4xx_hal_rcc_ex.o
HAL_RCCEx_CRSSoftwareSynchronizationGenerate      build/stm32l4xx_hal_rcc_ex.o
HAL_RCCEx_CRSWaitSynchronization                  build/stm32l4xx_hal_rcc_ex.o
HAL_RCCEx_CRS_ErrorCallback                       build/stm32l4xx_hal_rcc_ex.o
HAL_RCCEx_CRS_ExpectedSyncCallback                build/stm32l4xx_hal_rcc_ex.o
HAL_RCCEx_CRS_IRQHandler                          build/stm32l4xx_hal_rcc_ex.o
HAL_RCCEx_CRS_SyncOkCallback                      build/stm32l4xx_hal_rcc_ex.o
HAL_RCCEx_CRS_SyncWarnCallback                    build/stm32l4xx_hal_rcc_ex.o
HAL_RCCEx_DisableLSCO                             build/stm32l4xx_hal_rcc_ex.o
HAL_RCCEx_DisableLSECSS                           build/stm32l4xx_hal_rcc_ex.o
HAL_RCCEx_DisableMSIPLLMode                       build/stm32l4xx_hal_rcc_ex.o
HAL_RCCEx_DisablePLLSAI1                          build/stm32l4xx_hal_rcc_ex.o
HAL_RCCEx_EnableLSCO                              build/stm32l4xx_hal_rcc_ex.o
HAL_RCCEx_EnableLSECSS                            build/stm32l4xx_hal_rcc_ex.o
HAL_RCCEx_EnableLSECSS_IT                         build/stm32l4xx_hal_rcc_ex.o
HAL_RCCEx_EnableMSIPLLMode                        build/stm32l4xx_hal_rcc_ex.o
                                                  build/main.o
HAL_RCCEx_EnablePLLSAI1                           build/stm32l4xx_hal_rcc_ex.o
HAL_RCCEx_GetPeriphCLKConfig                      build/stm32l4xx_hal_rcc_ex.o
HAL_RCCEx_GetPeriphCLKFreq                        build/stm32l4xx_hal_rcc_ex.o
HAL_RCCEx_LSECSS_Callback                         build/stm32l4xx_hal_rcc_ex.o
HAL_RCCEx_LSECSS_IRQHandler                       build/stm32l4xx_hal_rcc_ex.o
HAL_RCCEx_PeriphCLKConfig                         build/stm32l4xx_hal_rcc_ex.o
                                                  build/main.o
HAL_RCCEx_StandbyMSIRangeConfig                   build/stm32l4xx_hal_rcc_ex.o
HAL_RCCEx_WakeUpStopCLKConfig                     build/stm32l4xx_hal_rcc_ex.o
HAL_RCC_CSSCallback                               build/stm32l4xx_hal_rcc.o
HAL_RCC_ClockConfig                               build/stm32l4xx_hal_rcc.o
                                                  build/main.o
HAL_RCC_DeInit                                    build/stm32l4xx_hal_rcc.o
HAL_RCC_EnableCSS                                 build/stm32l4xx_hal_rcc.o
HAL_RCC_GetClockConfig                            build/stm32l4xx_hal_rcc.o
HAL_RCC_GetHCLKFreq                               build/stm32l4xx_hal_rcc.o
HAL_RCC_GetOscConfig                              build/stm32l4xx_hal_rcc.o
HAL_RCC_GetPCLK1Freq                              build/stm32l4xx_hal_rcc.o
                                                  build/stm32l4xx_hal_rcc_ex.o
                                                  build/stm32l4xx_hal_uart.o
HAL_RCC_GetPCLK2Freq                              build/stm32l4xx_hal_rcc.o
                                                  build/stm32l4xx_hal_rcc_ex.o
                                                  build/stm32l4xx_hal_uart.o
HAL_RCC_GetSysClockFreq                           build/stm32l4xx_hal_rcc.o
                                                  build/stm32l4xx_hal_rcc_ex.o
                                                  build/stm32l4xx_hal_uart.o
HAL_RCC_MCOConfig                                 build/stm32l4xx_hal_rcc.o
HAL_RCC_NMI_IRQHandler                            build/stm32l4xx_hal_rcc.o
HAL_RCC_OscConfig                                 build/stm32l4xx_hal_rcc.o
                                                  build/main.o
HAL_RS485Ex_Init                                  build/stm32l4xx_hal_uart_ex.o
HAL_ResumeTick                                    build/stm32l4xx_hal.o
HAL_SPIEx_FlushRxFifo                             build/stm32l4xx_hal_spi_ex.o
HAL_SPI_Abort                                     build/stm32l4xx_hal_spi.o
HAL_SPI_AbortCpltCallback                         build/stm32l4xx_hal_spi.o
HAL_SPI_Abort_IT                                  build/stm32l4xx_hal_spi.o
HAL_SPI_DMAPause                                  build/stm32l4xx_hal_spi.o
HAL_SPI_DMAResume                                 build/stm32l4xx_hal_spi.o
HAL_SPI_DMAStop                                   build/stm32l4xx_hal_spi.o
HAL_SPI_DeInit                                    build/stm32l4xx_hal_spi.o
HAL_SPI_ErrorCallback                             build/stm32l4xx_hal_spi.o
HAL_SPI_GetError                                  build/stm32l4xx_hal_spi.o
HAL_SPI_GetState                                  build/stm32l4xx_hal_spi.o
HAL_SPI_IRQHandler                                build/stm32l4xx_hal_spi.o
HAL_SPI_Init                                      build/stm32l4xx_hal_spi.o
                                                  build/main.o
HAL_SPI_MspDeInit                                 build/stm32l4xx_hal_msp.o
HAL_SPI_MspInit                                   build/stm32l4xx_hal_msp.o
HAL_SPI_Receive                                   build/stm32l4xx_hal_spi.o
HAL_SPI_Receive_DMA                               build/stm32l4xx_hal_spi.o
HAL_SPI_Receive_IT                                build/stm32l4xx_hal_spi.o
HAL_SPI_RxCpltCallback                            build/stm32l4xx_hal_spi.o
HAL_SPI_RxHalfCpltCallback                        build/stm32l4xx_hal_spi.o
HAL_SPI_Transmit                                  build/stm32l4xx_hal_spi.o
                                                  build/main.o
HAL_SPI_TransmitReceive                           build/stm32l4xx_hal_spi.o
HAL_SPI_TransmitReceive_DMA                       build/stm32l4xx_hal_spi.o
HAL_SPI_TransmitReceive_IT                        build/stm32l4xx_hal_spi.o
HAL_SPI_Transmit_DMA                              build/stm32l4xx_hal_spi.o
HAL_SPI_Transmit_IT                               build/stm32l4xx_hal_spi.o
HAL_SPI_TxCpltCallback                            build/stm32l4xx_hal_spi.o
HAL_SPI_TxHalfCpltCallback                        build/stm32l4xx_hal_spi.o
HAL_SPI_TxRxCpltCallback                          build/stm32l4xx_hal_spi.o
HAL_SPI_TxRxHalfCpltCallback                      build/stm32l4xx_hal_spi.o
HAL_SYSCFG_DisableIOAnalogSwitchBooster           build/stm32l4xx_hal.o
HAL_SYSCFG_DisableMemorySwappingBank              build/stm32l4xx_hal.o
HAL_SYSCFG_EnableIOAnalogSwitchBooster            build/stm32l4xx_hal.o
HAL_SYSCFG_EnableMemorySwappingBank               build/stm32l4xx_hal.o
HAL_SYSCFG_SRAM2Erase                             build/stm32l4xx_hal.o
HAL_SYSTICK_CLKSourceConfig                       build/stm32l4xx_hal_cortex.o
HAL_SYSTICK_Callback                              build/stm32l4xx_hal_cortex.o
HAL_SYSTICK_Config                                build/stm32l4xx_hal_cortex.o
                                                  build/stm32l4xx_hal.o
HAL_SYSTICK_IRQHandler                            build/stm32l4xx_hal_cortex.o
HAL_SetTickFreq                                   build/stm32l4xx_hal.o
HAL_SuspendTick                                   build/stm32l4xx_hal.o
HAL_UARTEx_DisableClockStopMode                   build/stm32l4xx_hal_uart_ex.o
HAL_UARTEx_DisableStopMode                        build/stm32l4xx_hal_uart_ex.o
HAL_UARTEx_EnableClockStopMode                    build/stm32l4xx_hal_uart_ex.o
HAL_UARTEx_EnableStopMode                         build/stm32l4xx_hal_uart_ex.o
HAL_UARTEx_StopModeWakeUpSourceConfig             build/stm32l4xx_hal_uart_ex.o
HAL_UARTEx_WakeupCallback                         build/stm32l4xx_hal_uart_ex.o
                                                  build/stm32l4xx_hal_uart.o
HAL_UART_Abort                                    build/stm32l4xx_hal_uart.o
HAL_UART_AbortCpltCallback                        build/stm32l4xx_hal_uart.o
HAL_UART_AbortReceive                             build/stm32l4xx_hal_uart.o
HAL_UART_AbortReceiveCpltCallback                 build/stm32l4xx_hal_uart.o
HAL_UART_AbortReceive_IT                          build/stm32l4xx_hal_uart.o
HAL_UART_AbortTransmit                            build/stm32l4xx_hal_uart.o
HAL_UART_AbortTransmitCpltCallback                build/stm32l4xx_hal_uart.o
HAL_UART_AbortTransmit_IT                         build/stm32l4xx_hal_uart.o
HAL_UART_Abort_IT                                 build/stm32l4xx_hal_uart.o
HAL_UART_DMAPause                                 build/stm32l4xx_hal_uart.o
HAL_UART_DMAResume                                build/stm32l4xx_hal_uart.o
HAL_UART_DMAStop                                  build/stm32l4xx_hal_uart.o
HAL_UART_DeInit                                   build/stm32l4xx_hal_uart.o
HAL_UART_ErrorCallback                            build/stm32l4xx_hal_uart.o
HAL_UART_GetError                                 build/stm32l4xx_hal_uart.o
HAL_UART_GetState                                 build/stm32l4xx_hal_uart.o
HAL_UART_IRQHandler                               build/stm32l4xx_hal_uart.o
HAL_UART_Init                                     build/stm32l4xx_hal_uart.o
                                                  build/main.o
HAL_UART_MspDeInit                                build/stm32l4xx_hal_msp.o
HAL_UART_MspInit                                  build/stm32l4xx_hal_msp.o
                                                  build/stm32l4xx_hal_uart_ex.o
HAL_UART_Receive                                  build/stm32l4xx_hal_uart.o
HAL_UART_Receive_DMA                              build/stm32l4xx_hal_uart.o
HAL_UART_Receive_IT                               build/stm32l4xx_hal_uart.o
HAL_UART_RxCpltCallback                           build/stm32l4xx_hal_uart.o
HAL_UART_RxHalfCpltCallback                       build/stm32l4xx_hal_uart.o
HAL_UART_Transmit                                 build/stm32l4xx_hal_uart.o
HAL_UART_Transmit_DMA                             build/stm32l4xx_hal_uart.o
HAL_UART_Transmit_IT                              build/stm32l4xx_hal_uart.o
HAL_UART_TxCpltCallback                           build/stm32l4xx_hal_uart.o
HAL_UART_TxHalfCpltCallback                       build/stm32l4xx_hal_uart.o
HardFault_Handler                                 build/stm32l4xx_it.o
I2C1_ER_IRQHandler                                build/startup_stm32l432xx.o
I2C1_EV_IRQHandler                                build/startup_stm32l432xx.o
I2C3_ER_IRQHandler                                build/startup_stm32l432xx.o
I2C3_EV_IRQHandler                                build/startup_stm32l432xx.o
LPTIM1_IRQHandler                                 build/startup_stm32l432xx.o
LPTIM2_IRQHandler                                 build/startup_stm32l432xx.o
LPUART1_IRQHandler                                build/startup_stm32l432xx.o
MSIRangeTable                                     build/system_stm32l4xx.o
                                                  build/stm32l4xx_hal_rcc_ex.o
                                                  build/stm32l4xx_hal_rcc.o
MemManage_Handler                                 build/stm32l4xx_it.o
NMI_Handler                                       build/stm32l4xx_it.o
PVD_PVM_IRQHandler                                build/startup_stm32l432xx.o
PendSV_Handler                                    build/stm32l4xx_it.o
QUADSPI_IRQHandler                                build/startup_stm32l432xx.o
RCC_IRQHandler                                    build/startup_stm32l432xx.o
RNG_IRQHandler                                    build/startup_stm32l432xx.o
RTC_Alarm_IRQHandler                              build/startup_stm32l432xx.o
RTC_WKUP_IRQHandler                               build/startup_stm32l432xx.o
Reset_Handler                                     build/startup_stm32l432xx.o
SAI1_IRQHandler                                   build/startup_stm32l432xx.o
SPI1_IRQHandler                                   build/startup_stm32l432xx.o
SPI3_IRQHandler                                   build/startup_stm32l432xx.o
SVC_Handler                                       build/stm32l4xx_it.o
SWPMI1_IRQHandler                                 build/startup_stm32l432xx.o
SysTick_Handler                                   build/stm32l4xx_it.o
SystemClock_Config                                build/main.o
SystemCoreClock                                   build/system_stm32l4xx.o
                                                  build/stm32l4xx_hal_spi.o
                                                  build/stm32l4xx_hal_pwr_ex.o
                                                  build/stm32l4xx_hal_rcc.o
                                                  build/stm32l4xx_hal.o
SystemCoreClockUpdate                             build/system_stm32l4xx.o
SystemInit                                        build/system_stm32l4xx.o
                                                  build/startup_stm32l432xx.o
TAMP_STAMP_IRQHandler                             build/startup_stm32l432xx.o
TIM1_BRK_TIM15_IRQHandler                         build/startup_stm32l432xx.o
TIM1_CC_IRQHandler                                build/startup_stm32l432xx.o
TIM1_TRG_COM_IRQHandler                           build/startup_stm32l432xx.o
TIM1_UP_TIM16_IRQHandler                          build/startup_stm32l432xx.o
TIM2_IRQHandler                                   build/startup_stm32l432xx.o
TIM6_DAC_IRQHandler                               build/startup_stm32l432xx.o
TIM7_IRQHandler                                   build/startup_stm32l432xx.o
TSC_IRQHandler                                    build/startup_stm32l432xx.o
UART_AdvFeatureConfig                             build/stm32l4xx_hal_uart.o
                                                  build/stm32l4xx_hal_uart_ex.o
UART_CheckIdleState                               build/stm32l4xx_hal_uart.o
                                                  build/stm32l4xx_hal_uart_ex.o
UART_SetConfig                                    build/stm32l4xx_hal_uart.o
                                                  build/stm32l4xx_hal_uart_ex.o
UART_WaitOnFlagUntilTimeout                       build/stm32l4xx_hal_uart.o
                                                  build/stm32l4xx_hal_uart_ex.o
USART1_IRQHandler                                 build/startup_stm32l432xx.o
USART2_IRQHandler                                 build/startup_stm32l432xx.o
USB_IRQHandler                                    build/startup_stm32l432xx.o
UsageFault_Handler                                build/stm32l4xx_it.o
WWDG_IRQHandler                                   build/startup_stm32l432xx.o
__aeabi_idiv0                                     /usr/lib/gcc/arm-none-eabi/9.1.0/thumb/v7e-m+fp/hard/libgcc.a(_dvmd_tls.o)
__aeabi_ldiv0                                     /usr/lib/gcc/arm-none-eabi/9.1.0/thumb/v7e-m+fp/hard/libgcc.a(_dvmd_tls.o)
                                                  /usr/lib/gcc/arm-none-eabi/9.1.0/thumb/v7e-m+fp/hard/libgcc.a(_aeabi_uldivmod.o)
__aeabi_uldivmod                                  /usr/lib/gcc/arm-none-eabi/9.1.0/thumb/v7e-m+fp/hard/libgcc.a(_aeabi_uldivmod.o)
                                                  build/stm32l4xx_hal_uart.o
__atexit_dummy                                    /usr/lib/gcc/arm-none-eabi/9.1.0/../../../../arm-none-eabi/lib/thumb/v7e-m+fp/hard/libc_nano.a(lib_a-__atexit.o)
__bss_end__                                       /usr/lib/gcc/arm-none-eabi/9.1.0/../../../../arm-none-eabi/lib/thumb/v7e-m+fp/hard/crt0.o
__bss_start__                                     /usr/lib/gcc/arm-none-eabi/9.1.0/../../../../arm-none-eabi/lib/thumb/v7e-m+fp/hard/crt0.o
__call_exitprocs                                  /usr/lib/gcc/arm-none-eabi/9.1.0/../../../../arm-none-eabi/lib/thumb/v7e-m+fp/hard/libc_nano.a(lib_a-__call_atexit.o)
                                                  /usr/lib/gcc/arm-none-eabi/9.1.0/../../../../arm-none-eabi/lib/thumb/v7e-m+fp/hard/libc_nano.a(lib_a-__atexit.o)
                                                  /usr/lib/gcc/arm-none-eabi/9.1.0/../../../../arm-none-eabi/lib/thumb/v7e-m+fp/hard/libc_nano.a(lib_a-exit.o)
__deregister_frame_info                           /usr/lib/gcc/arm-none-eabi/9.1.0/thumb/v7e-m+fp/hard/crtbegin.o
__dso_handle                                      /usr/lib/gcc/arm-none-eabi/9.1.0/thumb/v7e-m+fp/hard/crtbegin.o
__fini_array_end                                  /usr/lib/gcc/arm-none-eabi/9.1.0/../../../../arm-none-eabi/lib/thumb/v7e-m+fp/hard/libc_nano.a(lib_a-fini.o)
__fini_array_start                                /usr/lib/gcc/arm-none-eabi/9.1.0/../../../../arm-none-eabi/lib/thumb/v7e-m+fp/hard/libc_nano.a(lib_a-fini.o)
__init_array_end                                  /usr/lib/gcc/arm-none-eabi/9.1.0/../../../../arm-none-eabi/lib/thumb/v7e-m+fp/hard/libc_nano.a(lib_a-init.o)
__init_array_start                                /usr/lib/gcc/arm-none-eabi/9.1.0/../../../../arm-none-eabi/lib/thumb/v7e-m+fp/hard/libc_nano.a(lib_a-init.o)
__libc_fini_array                                 /usr/lib/gcc/arm-none-eabi/9.1.0/../../../../arm-none-eabi/lib/thumb/v7e-m+fp/hard/libc_nano.a(lib_a-fini.o)
                                                  /usr/lib/gcc/arm-none-eabi/9.1.0/../../../../arm-none-eabi/lib/thumb/v7e-m+fp/hard/crt0.o
__libc_init_array                                 /usr/lib/gcc/arm-none-eabi/9.1.0/../../../../arm-none-eabi/lib/thumb/v7e-m+fp/hard/libc_nano.a(lib_a-init.o)
                                                  build/startup_stm32l432xx.o
                                                  /usr/lib/gcc/arm-none-eabi/9.1.0/../../../../arm-none-eabi/lib/thumb/v7e-m+fp/hard/crt0.o
__on_exit_args                                    /usr/lib/gcc/arm-none-eabi/9.1.0/../../../../arm-none-eabi/lib/thumb/v7e-m+fp/hard/libc_nano.a(lib_a-__atexit.o)
__preinit_array_end                               /usr/lib/gcc/arm-none-eabi/9.1.0/../../../../arm-none-eabi/lib/thumb/v7e-m+fp/hard/libc_nano.a(lib_a-init.o)
__preinit_array_start                             /usr/lib/gcc/arm-none-eabi/9.1.0/../../../../arm-none-eabi/lib/thumb/v7e-m+fp/hard/libc_nano.a(lib_a-init.o)
__register_exitproc                               /usr/lib/gcc/arm-none-eabi/9.1.0/../../../../arm-none-eabi/lib/thumb/v7e-m+fp/hard/libc_nano.a(lib_a-__atexit.o)
                                                  /usr/lib/gcc/arm-none-eabi/9.1.0/../../../../arm-none-eabi/lib/thumb/v7e-m+fp/hard/libc_nano.a(lib_a-atexit.o)
__register_frame_info                             /usr/lib/gcc/arm-none-eabi/9.1.0/thumb/v7e-m+fp/hard/crtbegin.o
__sf_fake_stderr                                  /usr/lib/gcc/arm-none-eabi/9.1.0/../../../../arm-none-eabi/lib/thumb/v7e-m+fp/hard/libc_nano.a(lib_a-impure.o)
__sf_fake_stdin                                   /usr/lib/gcc/arm-none-eabi/9.1.0/../../../../arm-none-eabi/lib/thumb/v7e-m+fp/hard/libc_nano.a(lib_a-impure.o)
__sf_fake_stdout                                  /usr/lib/gcc/arm-none-eabi/9.1.0/../../../../arm-none-eabi/lib/thumb/v7e-m+fp/hard/libc_nano.a(lib_a-impure.o)
__stack                                           /usr/lib/gcc/arm-none-eabi/9.1.0/../../../../arm-none-eabi/lib/thumb/v7e-m+fp/hard/crt0.o
__udivmoddi4                                      /usr/lib/gcc/arm-none-eabi/9.1.0/thumb/v7e-m+fp/hard/libgcc.a(_udivmoddi4.o)
                                                  /usr/lib/gcc/arm-none-eabi/9.1.0/thumb/v7e-m+fp/hard/libgcc.a(_aeabi_uldivmod.o)
_ebss                                             build/startup_stm32l432xx.o
_edata                                            build/startup_stm32l432xx.o
_estack                                           build/startup_stm32l432xx.o
_exit                                             /usr/lib/gcc/arm-none-eabi/9.1.0/../../../../arm-none-eabi/lib/thumb/v7e-m+fp/hard/libnosys.a(_exit.o)
                                                  /usr/lib/gcc/arm-none-eabi/9.1.0/../../../../arm-none-eabi/lib/thumb/v7e-m+fp/hard/libc_nano.a(lib_a-exit.o)
_fini                                             /usr/lib/gcc/arm-none-eabi/9.1.0/thumb/v7e-m+fp/hard/crti.o
                                                  /usr/lib/gcc/arm-none-eabi/9.1.0/../../../../arm-none-eabi/lib/thumb/v7e-m+fp/hard/libc_nano.a(lib_a-fini.o)
_global_atexit                                    /usr/lib/gcc/arm-none-eabi/9.1.0/../../../../arm-none-eabi/lib/thumb/v7e-m+fp/hard/libc_nano.a(lib_a-__call_atexit.o)
                                                  /usr/lib/gcc/arm-none-eabi/9.1.0/../../../../arm-none-eabi/lib/thumb/v7e-m+fp/hard/libc_nano.a(lib_a-__atexit.o)
_global_impure_ptr                                /usr/lib/gcc/arm-none-eabi/9.1.0/../../../../arm-none-eabi/lib/thumb/v7e-m+fp/hard/libc_nano.a(lib_a-impure.o)
                                                  /usr/lib/gcc/arm-none-eabi/9.1.0/../../../../arm-none-eabi/lib/thumb/v7e-m+fp/hard/libc_nano.a(lib_a-exit.o)
_impure_ptr                                       /usr/lib/gcc/arm-none-eabi/9.1.0/../../../../arm-none-eabi/lib/thumb/v7e-m+fp/hard/libc_nano.a(lib_a-impure.o)
_init                                             /usr/lib/gcc/arm-none-eabi/9.1.0/thumb/v7e-m+fp/hard/crti.o
                                                  /usr/lib/gcc/arm-none-eabi/9.1.0/../../../../arm-none-eabi/lib/thumb/v7e-m+fp/hard/libc_nano.a(lib_a-init.o)
_mainCRTStartup                                   /usr/lib/gcc/arm-none-eabi/9.1.0/../../../../arm-none-eabi/lib/thumb/v7e-m+fp/hard/crt0.o
_sbss                                             build/startup_stm32l432xx.o
_sdata                                            build/startup_stm32l432xx.o
_sidata                                           build/startup_stm32l432xx.o
_start                                            /usr/lib/gcc/arm-none-eabi/9.1.0/../../../../arm-none-eabi/lib/thumb/v7e-m+fp/hard/crt0.o
atexit                                            /usr/lib/gcc/arm-none-eabi/9.1.0/../../../../arm-none-eabi/lib/thumb/v7e-m+fp/hard/libc_nano.a(lib_a-atexit.o)
                                                  /usr/lib/gcc/arm-none-eabi/9.1.0/../../../../arm-none-eabi/lib/thumb/v7e-m+fp/hard/crt0.o
exit                                              /usr/lib/gcc/arm-none-eabi/9.1.0/../../../../arm-none-eabi/lib/thumb/v7e-m+fp/hard/libc_nano.a(lib_a-exit.o)
                                                  /usr/lib/gcc/arm-none-eabi/9.1.0/../../../../arm-none-eabi/lib/thumb/v7e-m+fp/hard/crt0.o
g_pfnVectors                                      build/startup_stm32l432xx.o
hardware_init_hook                                /usr/lib/gcc/arm-none-eabi/9.1.0/../../../../arm-none-eabi/lib/thumb/v7e-m+fp/hard/crt0.o
hspi1                                             build/main.o
huart2                                            build/main.o
main                                              build/main.o
                                                  build/startup_stm32l432xx.o
                                                  /usr/lib/gcc/arm-none-eabi/9.1.0/../../../../arm-none-eabi/lib/thumb/v7e-m+fp/hard/crt0.o
malloc                                            /usr/lib/gcc/arm-none-eabi/9.1.0/../../../../arm-none-eabi/lib/thumb/v7e-m+fp/hard/libc_nano.a(lib_a-__atexit.o)
memset                                            /usr/lib/gcc/arm-none-eabi/9.1.0/../../../../arm-none-eabi/lib/thumb/v7e-m+fp/hard/libc_nano.a(lib_a-memset.o)
                                                  build/main.o
                                                  /usr/lib/gcc/arm-none-eabi/9.1.0/../../../../arm-none-eabi/lib/thumb/v7e-m+fp/hard/crt0.o
pFlash                                            build/stm32l4xx_hal_flash.o
                                                  build/stm32l4xx_hal_flash_ex.o
software_init_hook                                /usr/lib/gcc/arm-none-eabi/9.1.0/../../../../arm-none-eabi/lib/thumb/v7e-m+fp/hard/crt0.o
uwTick                                            build/stm32l4xx_hal.o
uwTickFreq                                        build/stm32l4xx_hal.o
uwTickPrio                                        build/stm32l4xx_hal.o
                                                  build/stm32l4xx_hal_rcc.o
