Archive member included to satisfy reference by file (symbol)

/usr/lib/gcc/arm-none-eabi/11.1.0/../../../../arm-none-eabi/lib/thumb/v6-m/nofp/libc_nano.a(lib_a-atexit.o)
                              /usr/lib/gcc/arm-none-eabi/11.1.0/../../../../arm-none-eabi/lib/thumb/v6-m/nofp/crt0.o (atexit)
/usr/lib/gcc/arm-none-eabi/11.1.0/../../../../arm-none-eabi/lib/thumb/v6-m/nofp/libc_nano.a(lib_a-exit.o)
                              /usr/lib/gcc/arm-none-eabi/11.1.0/../../../../arm-none-eabi/lib/thumb/v6-m/nofp/crt0.o (exit)
/usr/lib/gcc/arm-none-eabi/11.1.0/../../../../arm-none-eabi/lib/thumb/v6-m/nofp/libc_nano.a(lib_a-fini.o)
                              /usr/lib/gcc/arm-none-eabi/11.1.0/../../../../arm-none-eabi/lib/thumb/v6-m/nofp/crt0.o (__libc_fini_array)
/usr/lib/gcc/arm-none-eabi/11.1.0/../../../../arm-none-eabi/lib/thumb/v6-m/nofp/libc_nano.a(lib_a-impure.o)
                              /usr/lib/gcc/arm-none-eabi/11.1.0/../../../../arm-none-eabi/lib/thumb/v6-m/nofp/libc_nano.a(lib_a-exit.o) (_global_impure_ptr)
/usr/lib/gcc/arm-none-eabi/11.1.0/../../../../arm-none-eabi/lib/thumb/v6-m/nofp/libc_nano.a(lib_a-init.o)
                              /usr/lib/gcc/arm-none-eabi/11.1.0/../../../../arm-none-eabi/lib/thumb/v6-m/nofp/crt0.o (__libc_init_array)
/usr/lib/gcc/arm-none-eabi/11.1.0/../../../../arm-none-eabi/lib/thumb/v6-m/nofp/libc_nano.a(lib_a-memset.o)
                              /usr/lib/gcc/arm-none-eabi/11.1.0/../../../../arm-none-eabi/lib/thumb/v6-m/nofp/crt0.o (memset)
/usr/lib/gcc/arm-none-eabi/11.1.0/../../../../arm-none-eabi/lib/thumb/v6-m/nofp/libc_nano.a(lib_a-__atexit.o)
                              /usr/lib/gcc/arm-none-eabi/11.1.0/../../../../arm-none-eabi/lib/thumb/v6-m/nofp/libc_nano.a(lib_a-atexit.o) (__register_exitproc)
/usr/lib/gcc/arm-none-eabi/11.1.0/../../../../arm-none-eabi/lib/thumb/v6-m/nofp/libc_nano.a(lib_a-__call_atexit.o)
                              /usr/lib/gcc/arm-none-eabi/11.1.0/../../../../arm-none-eabi/lib/thumb/v6-m/nofp/libc_nano.a(lib_a-__atexit.o) (__call_exitprocs)
/usr/lib/gcc/arm-none-eabi/11.1.0/../../../../arm-none-eabi/lib/thumb/v6-m/nofp/libc_nano.a(lib_a-lock.o)
                              /usr/lib/gcc/arm-none-eabi/11.1.0/../../../../arm-none-eabi/lib/thumb/v6-m/nofp/libc_nano.a(lib_a-__atexit.o) (__retarget_lock_acquire_recursive)
/usr/lib/gcc/arm-none-eabi/11.1.0/../../../../arm-none-eabi/lib/thumb/v6-m/nofp/libnosys.a(_exit.o)
                              /usr/lib/gcc/arm-none-eabi/11.1.0/../../../../arm-none-eabi/lib/thumb/v6-m/nofp/libc_nano.a(lib_a-exit.o) (_exit)
/usr/lib/gcc/arm-none-eabi/11.1.0/thumb/v6-m/nofp/libgcc.a(_udivsi3.o)
                              build/stm32f0xx_hal_rcc.o (__aeabi_uidiv)
/usr/lib/gcc/arm-none-eabi/11.1.0/thumb/v6-m/nofp/libgcc.a(_dvmd_tls.o)
                              /usr/lib/gcc/arm-none-eabi/11.1.0/thumb/v6-m/nofp/libgcc.a(_udivsi3.o) (__aeabi_idiv0)

Discarded input sections

 .text          0x0000000000000000        0x0 /usr/lib/gcc/arm-none-eabi/11.1.0/thumb/v6-m/nofp/crti.o
 .data          0x0000000000000000        0x0 /usr/lib/gcc/arm-none-eabi/11.1.0/thumb/v6-m/nofp/crti.o
 .bss           0x0000000000000000        0x0 /usr/lib/gcc/arm-none-eabi/11.1.0/thumb/v6-m/nofp/crti.o
 .text          0x0000000000000000        0x0 /usr/lib/gcc/arm-none-eabi/11.1.0/thumb/v6-m/nofp/crtbegin.o
 .data          0x0000000000000000        0x0 /usr/lib/gcc/arm-none-eabi/11.1.0/thumb/v6-m/nofp/crtbegin.o
 .bss           0x0000000000000000        0x0 /usr/lib/gcc/arm-none-eabi/11.1.0/thumb/v6-m/nofp/crtbegin.o
 .rodata.all_implied_fbits
                0x0000000000000000       0x24 /usr/lib/gcc/arm-none-eabi/11.1.0/thumb/v6-m/nofp/crtbegin.o
 .data.__dso_handle
                0x0000000000000000        0x4 /usr/lib/gcc/arm-none-eabi/11.1.0/thumb/v6-m/nofp/crtbegin.o
 .text          0x0000000000000000       0x74 /usr/lib/gcc/arm-none-eabi/11.1.0/../../../../arm-none-eabi/lib/thumb/v6-m/nofp/crt0.o
 .data          0x0000000000000000        0x0 /usr/lib/gcc/arm-none-eabi/11.1.0/../../../../arm-none-eabi/lib/thumb/v6-m/nofp/crt0.o
 .bss           0x0000000000000000        0x0 /usr/lib/gcc/arm-none-eabi/11.1.0/../../../../arm-none-eabi/lib/thumb/v6-m/nofp/crt0.o
 .ARM.extab     0x0000000000000000        0x0 /usr/lib/gcc/arm-none-eabi/11.1.0/../../../../arm-none-eabi/lib/thumb/v6-m/nofp/crt0.o
 .ARM.exidx     0x0000000000000000       0x10 /usr/lib/gcc/arm-none-eabi/11.1.0/../../../../arm-none-eabi/lib/thumb/v6-m/nofp/crt0.o
 .ARM.attributes
                0x0000000000000000       0x1b /usr/lib/gcc/arm-none-eabi/11.1.0/../../../../arm-none-eabi/lib/thumb/v6-m/nofp/crt0.o
 .text          0x0000000000000000        0x0 build/main.o
 .data          0x0000000000000000        0x0 build/main.o
 .bss           0x0000000000000000        0x0 build/main.o
 .text          0x0000000000000000        0x0 build/usb_device.o
 .data          0x0000000000000000        0x0 build/usb_device.o
[...]
Memory Configuration

Name             Origin             Length             Attributes
RAM              0x0000000020000000 0x0000000000004000 xrw
FLASH            0x0000000008000000 0x0000000000020000 xr
*default*        0x0000000000000000 0xffffffffffffffff

Linker script and memory map

LOAD /usr/lib/gcc/arm-none-eabi/11.1.0/thumb/v6-m/nofp/crti.o
LOAD /usr/lib/gcc/arm-none-eabi/11.1.0/thumb/v6-m/nofp/crtbegin.o
LOAD /usr/lib/gcc/arm-none-eabi/11.1.0/../../../../arm-none-eabi/lib/thumb/v6-m/nofp/crt0.o
LOAD build/main.o
LOAD build/usb_device.o
LOAD build/usbd_conf.o
LOAD build/usbd_desc.o
LOAD build/usbd_dfu_if.o
LOAD build/stm32f0xx_it.o
LOAD build/stm32f0xx_hal_msp.o
LOAD build/stm32f0xx_ll_usb.o
LOAD build/stm32f0xx_hal_pcd.o
LOAD build/stm32f0xx_hal_pcd_ex.o
LOAD build/stm32f0xx_hal_rcc.o
LOAD build/stm32f0xx_hal_rcc_ex.o
LOAD build/stm32f0xx_hal.o
LOAD build/stm32f0xx_hal_i2c.o
LOAD build/stm32f0xx_hal_i2c_ex.o
LOAD build/stm32f0xx_hal_gpio.o
LOAD build/stm32f0xx_hal_dma.o
LOAD build/stm32f0xx_hal_cortex.o
LOAD build/stm32f0xx_hal_pwr.o
LOAD build/stm32f0xx_hal_pwr_ex.o
LOAD build/stm32f0xx_hal_flash.o
LOAD build/stm32f0xx_hal_flash_ex.o
LOAD build/stm32f0xx_hal_exti.o
LOAD build/stm32f0xx_hal_tim.o
LOAD build/stm32f0xx_hal_tim_ex.o
LOAD build/system_stm32f0xx.o
LOAD build/usbd_core.o
LOAD build/usbd_ctlreq.o
LOAD build/usbd_ioreq.o
LOAD build/usbd_dfu.o
LOAD build/startup_stm32f072xb.o
LOAD /usr/lib/gcc/arm-none-eabi/11.1.0/../../../../arm-none-eabi/lib/thumb/v6-m/nofp/libc_nano.a
LOAD /usr/lib/gcc/arm-none-eabi/11.1.0/../../../../arm-none-eabi/lib/thumb/v6-m/nofp/libm.a
LOAD /usr/lib/gcc/arm-none-eabi/11.1.0/../../../../arm-none-eabi/lib/thumb/v6-m/nofp/libnosys.a
START GROUP
LOAD /usr/lib/gcc/arm-none-eabi/11.1.0/thumb/v6-m/nofp/libgcc.a
LOAD /usr/lib/gcc/arm-none-eabi/11.1.0/../../../../arm-none-eabi/lib/thumb/v6-m/nofp/libc_nano.a
END GROUP
START GROUP
LOAD /usr/lib/gcc/arm-none-eabi/11.1.0/thumb/v6-m/nofp/libgcc.a
LOAD /usr/lib/gcc/arm-none-eabi/11.1.0/../../../../arm-none-eabi/lib/thumb/v6-m/nofp/libc_nano.a
END GROUP
LOAD /usr/lib/gcc/arm-none-eabi/11.1.0/thumb/v6-m/nofp/crtend.o
LOAD /usr/lib/gcc/arm-none-eabi/11.1.0/thumb/v6-m/nofp/crtn.o
                0x0000000020004000                _estack = 0x20004000
                0x0000000000000200                _Min_Heap_Size = 0x200
                0x0000000000000400                _Min_Stack_Size = 0x400

.isr_vector     0x0000000008000000       0xc0
                0x0000000008000000                . = ALIGN (0x4)
 *(.isr_vector)
 .isr_vector    0x0000000008000000       0xc0 build/startup_stm32f072xb.o
                0x0000000008000000                g_pfnVectors
                0x00000000080000c0                . = ALIGN (0x4)

.text           0x00000000080000c0     0x40f8
                0x00000000080000c0                . = ALIGN (0x4)
 *(.text)
 .text          0x00000000080000c0       0x8c /usr/lib/gcc/arm-none-eabi/11.1.0/thumb/v6-m/nofp/libgcc.a(_udivsi3.o)
                0x00000000080000c0                __udivsi3
                0x00000000080000c0                __aeabi_uidiv
                0x0000000008000138                __aeabi_uidivmod
 .text          0x000000000800014c        0x4 /usr/lib/gcc/arm-none-eabi/11.1.0/thumb/v6-m/nofp/libgcc.a(_dvmd_tls.o)
                0x000000000800014c                __aeabi_ldiv0
                0x000000000800014c                __aeabi_idiv0
 *(.text*)
 .text.__do_global_dtors_aux
                0x0000000008000150       0x28 /usr/lib/gcc/arm-none-eabi/11.1.0/thumb/v6-m/nofp/crtbegin.o
 .text.frame_dummy
                0x0000000008000178       0x20 /usr/lib/gcc/arm-none-eabi/11.1.0/thumb/v6-m/nofp/crtbegin.o
 .text.MX_GPIO_Init
                0x0000000008000198       0xe0 build/main.o
 .text.MX_I2C1_Init
                0x0000000008000278       0x44 build/main.o
 .text.SystemClock_Config
                0x00000000080002bc       0x64 build/main.o
                0x00000000080002bc                SystemClock_Config
 .text.singleMatrix
                0x0000000008000320      0x7c0 build/main.o
                0x0000000008000320                singleMatrix
 .text.main     0x0000000008000ae0       0x44 build/main.o
                0x0000000008000ae0                main
 .text.Error_Handler
                0x0000000008000b24        0x2 build/main.o
                0x0000000008000b24                Error_Handler
 *fill*         0x0000000008000b26        0x2 
 .text.MX_USB_DEVICE_Init
                0x0000000008000b28       0x5c build/usb_device.o
                0x0000000008000b28                MX_USB_DEVICE_Init
 .text.USBD_Get_USB_Status
                0x0000000008000b84       0x16 build/usbd_conf.o
 .text.SystemClockConfig_Resume
                0x0000000008000b9a        0x8 build/usbd_conf.o
 *fill*         0x0000000008000ba2        0x2 
 .text.HAL_PCD_MspInit
                0x0000000008000ba4       0x40 build/usbd_conf.o
                0x0000000008000ba4                HAL_PCD_MspInit
 .text.HAL_PCD_SetupStageCallback
                0x0000000008000be4       0x16 build/usbd_conf.o
                0x0000000008000be4                HAL_PCD_SetupStageCallback
 .text.HAL_PCD_DataOutStageCallback
                0x0000000008000bfa       0x1a build/usbd_conf.o
                0x0000000008000bfa                HAL_PCD_DataOutStageCallback
 .text.HAL_PCD_DataInStageCallback
                0x0000000008000c14       0x16 build/usbd_conf.o
                0x0000000008000c14                HAL_PCD_DataInStageCallback
 .text.HAL_PCD_SOFCallback
                0x0000000008000c2a        0xe build/usbd_conf.o
                0x0000000008000c2a                HAL_PCD_SOFCallback
 .text.HAL_PCD_ResetCallback
                0x0000000008000c38       0x24 build/usbd_conf.o
                0x0000000008000c38                HAL_PCD_ResetCallback
 .text.HAL_PCD_SuspendCallback
                0x0000000008000c5c       0x24 build/usbd_conf.o
                0x0000000008000c5c                HAL_PCD_SuspendCallback
 .text.HAL_PCD_ResumeCallback
                0x0000000008000c80       0x2c build/usbd_conf.o
                0x0000000008000c80                HAL_PCD_ResumeCallback
 .text.USBD_LL_Init
                0x0000000008000cac       0x5c build/usbd_conf.o
                0x0000000008000cac                USBD_LL_Init
 .text.USBD_LL_Start
                0x0000000008000d08       0x12 build/usbd_conf.o
                0x0000000008000d08                USBD_LL_Start
 .text.USBD_LL_Stop
                0x0000000008000d1a       0x12 build/usbd_conf.o
                0x0000000008000d1a                USBD_LL_Stop
 .text.USBD_LL_OpenEP
                0x0000000008000d2c       0x18 build/usbd_conf.o
                0x0000000008000d2c                USBD_LL_OpenEP
 .text.USBD_LL_StallEP
                0x0000000008000d44       0x12 build/usbd_conf.o
                0x0000000008000d44                USBD_LL_StallEP
 .text.USBD_LL_ClearStallEP
                0x0000000008000d56       0x12 build/usbd_conf.o
                0x0000000008000d56                USBD_LL_ClearStallEP
 .text.USBD_LL_IsStallEP
                0x0000000008000d68       0x2a build/usbd_conf.o
                0x0000000008000d68                USBD_LL_IsStallEP
 .text.USBD_LL_SetUSBAddress
                0x0000000008000d92       0x12 build/usbd_conf.o
                0x0000000008000d92                USBD_LL_SetUSBAddress
 .text.USBD_LL_Transmit
                0x0000000008000da4       0x12 build/usbd_conf.o
                0x0000000008000da4                USBD_LL_Transmit
 .text.USBD_LL_PrepareReceive
                0x0000000008000db6       0x12 build/usbd_conf.o
                0x0000000008000db6                USBD_LL_PrepareReceive
 .text.USBD_static_malloc
                0x0000000008000dc8        0x8 build/usbd_conf.o
                0x0000000008000dc8                USBD_static_malloc
 .text.USBD_static_free
                0x0000000008000dd0        0x2 build/usbd_conf.o
                0x0000000008000dd0                USBD_static_free
 *fill*         0x0000000008000dd2        0x2 
 .text.USBD_FS_DeviceDescriptor
                0x0000000008000dd4        0xc build/usbd_desc.o
                0x0000000008000dd4                USBD_FS_DeviceDescriptor
 .text.USBD_FS_LangIDStrDescriptor
                0x0000000008000de0        0xc build/usbd_desc.o
                0x0000000008000de0                USBD_FS_LangIDStrDescriptor
 .text.IntToUnicode
                0x0000000008000dec       0x30 build/usbd_desc.o
 .text.Get_SerialNum
                0x0000000008000e1c       0x40 build/usbd_desc.o
 .text.USBD_FS_SerialStrDescriptor
                0x0000000008000e5c       0x14 build/usbd_desc.o
                0x0000000008000e5c                USBD_FS_SerialStrDescriptor
 .text.USBD_FS_ProductStrDescriptor
                0x0000000008000e70       0x28 build/usbd_desc.o
                0x0000000008000e70                USBD_FS_ProductStrDescriptor
 .text.USBD_FS_ManufacturerStrDescriptor
                0x0000000008000e98       0x1c build/usbd_desc.o
                0x0000000008000e98                USBD_FS_ManufacturerStrDescriptor
 .text.USBD_FS_ConfigStrDescriptor
                0x0000000008000eb4       0x28 build/usbd_desc.o
                0x0000000008000eb4                USBD_FS_ConfigStrDescriptor
 .text.USBD_FS_InterfaceStrDescriptor
                0x0000000008000edc       0x28 build/usbd_desc.o
                0x0000000008000edc                USBD_FS_InterfaceStrDescriptor
 .text.MEM_If_Init_FS
                0x0000000008000f04        0x4 build/usbd_dfu_if.o
 .text.MEM_If_DeInit_FS
                0x0000000008000f08        0x4 build/usbd_dfu_if.o
 .text.MEM_If_Erase_FS
                0x0000000008000f0c        0x4 build/usbd_dfu_if.o
 .text.MEM_If_Write_FS
                0x0000000008000f10        0x4 build/usbd_dfu_if.o
 .text.MEM_If_Read_FS
                0x0000000008000f14        0x4 build/usbd_dfu_if.o
 .text.MEM_If_GetStatus_FS
                0x0000000008000f18        0x4 build/usbd_dfu_if.o
 .text.NMI_Handler
                0x0000000008000f1c        0x2 build/stm32f0xx_it.o
                0x0000000008000f1c                NMI_Handler
 .text.HardFault_Handler
                0x0000000008000f1e        0x2 build/stm32f0xx_it.o
                0x0000000008000f1e                HardFault_Handler
 .text.SVC_Handler
                0x0000000008000f20        0x2 build/stm32f0xx_it.o
                0x0000000008000f20                SVC_Handler
 .text.PendSV_Handler
                0x0000000008000f22        0x2 build/stm32f0xx_it.o
                0x0000000008000f22                PendSV_Handler
 .text.SysTick_Handler
                0x0000000008000f24        0x8 build/stm32f0xx_it.o
                0x0000000008000f24                SysTick_Handler
 .text.USB_IRQHandler
                0x0000000008000f2c       0x10 build/stm32f0xx_it.o
                0x0000000008000f2c                USB_IRQHandler
 .text.HAL_MspInit
                0x0000000008000f3c       0x30 build/stm32f0xx_hal_msp.o
                0x0000000008000f3c                HAL_MspInit
 .text.HAL_I2C_MspInit
                0x0000000008000f6c       0x6c build/stm32f0xx_hal_msp.o
                0x0000000008000f6c                HAL_I2C_MspInit
 .text.USB_EnableGlobalInt
                0x0000000008000fd8       0x14 build/stm32f0xx_ll_usb.o
                0x0000000008000fd8                USB_EnableGlobalInt
 .text.USB_DisableGlobalInt
                0x0000000008000fec       0x14 build/stm32f0xx_ll_usb.o
                0x0000000008000fec                USB_DisableGlobalInt
 .text.USB_DevInit
                0x0000000008001000       0x2a build/stm32f0xx_ll_usb.o
                0x0000000008001000                USB_DevInit
 *fill*         0x000000000800102a        0x2 
 .text.USB_ActivateEndpoint
                0x000000000800102c      0x308 build/stm32f0xx_ll_usb.o
                0x000000000800102c                USB_ActivateEndpoint
 .text.USB_EPSetStall
                0x0000000008001334       0x4c build/stm32f0xx_ll_usb.o
                0x0000000008001334                USB_EPSetStall
 .text.USB_EPClearStall
                0x0000000008001380       0x9c build/stm32f0xx_ll_usb.o
                0x0000000008001380                USB_EPClearStall
 .text.USB_StopDevice
                0x000000000800141c       0x14 build/stm32f0xx_ll_usb.o
                0x000000000800141c                USB_StopDevice
 .text.USB_SetDevAddress
                0x0000000008001430        0xe build/stm32f0xx_ll_usb.o
                0x0000000008001430                USB_SetDevAddress
 *fill*         0x000000000800143e        0x2 
 .text.USB_DevConnect
                0x0000000008001440       0x14 build/stm32f0xx_ll_usb.o
                0x0000000008001440                USB_DevConnect
 .text.USB_ReadInterrupts
                0x0000000008001454        0x8 build/stm32f0xx_ll_usb.o
                0x0000000008001454                USB_ReadInterrupts
 .text.USB_EP0_OutStart
                0x000000000800145c        0x4 build/stm32f0xx_ll_usb.o
                0x000000000800145c                USB_EP0_OutStart
 .text.USB_WritePMA
                0x0000000008001460       0x28 build/stm32f0xx_ll_usb.o
                0x0000000008001460                USB_WritePMA
 .text.USB_EPStartXfer
                0x0000000008001488      0x2e4 build/stm32f0xx_ll_usb.o
                0x0000000008001488                USB_EPStartXfer
 .text.USB_ReadPMA
                0x000000000800176c       0x2c build/stm32f0xx_ll_usb.o
                0x000000000800176c                USB_ReadPMA
 .text.HAL_PCD_Init
                0x0000000008001798       0xd4 build/stm32f0xx_hal_pcd.o
                0x0000000008001798                HAL_PCD_Init
 .text.HAL_PCD_Start
                0x000000000800186c       0x2e build/stm32f0xx_hal_pcd.o
                0x000000000800186c                HAL_PCD_Start
 .text.HAL_PCD_Stop
                0x000000000800189a       0x2e build/stm32f0xx_hal_pcd.o
                0x000000000800189a                HAL_PCD_Stop
 .text.HAL_PCD_SetAddress
                0x00000000080018c8       0x2c build/stm32f0xx_hal_pcd.o
                0x00000000080018c8                HAL_PCD_SetAddress
 .text.HAL_PCD_EP_Open
                0x00000000080018f4       0x7a build/stm32f0xx_hal_pcd.o
                0x00000000080018f4                HAL_PCD_EP_Open
 .text.HAL_PCD_EP_Receive
                0x000000000800196e       0x4c build/stm32f0xx_hal_pcd.o
                0x000000000800196e                HAL_PCD_EP_Receive
 .text.HAL_PCD_EP_Transmit
                0x00000000080019ba       0x40 build/stm32f0xx_hal_pcd.o
                0x00000000080019ba                HAL_PCD_EP_Transmit
 *fill*         0x00000000080019fa        0x2 
 .text.PCD_EP_ISR_Handler
                0x00000000080019fc      0x394 build/stm32f0xx_hal_pcd.o
 .text.HAL_PCD_IRQHandler
                0x0000000008001d90      0x1b8 build/stm32f0xx_hal_pcd.o
                0x0000000008001d90                HAL_PCD_IRQHandler
 .text.HAL_PCD_EP_SetStall
                0x0000000008001f48       0x7e build/stm32f0xx_hal_pcd.o
                0x0000000008001f48                HAL_PCD_EP_SetStall
 .text.HAL_PCD_EP_ClrStall
                0x0000000008001fc6       0x76 build/stm32f0xx_hal_pcd.o
                0x0000000008001fc6                HAL_PCD_EP_ClrStall
 .text.HAL_PCDEx_PMAConfig
                0x000000000800203c       0x32 build/stm32f0xx_hal_pcd_ex.o
                0x000000000800203c                HAL_PCDEx_PMAConfig
 .text.HAL_PCDEx_ActivateLPM
                0x000000000800206e       0x2a build/stm32f0xx_hal_pcd_ex.o
                0x000000000800206e                HAL_PCDEx_ActivateLPM
 .text.HAL_PCDEx_LPM_Callback
                0x0000000008002098        0x2 build/stm32f0xx_hal_pcd_ex.o
                0x0000000008002098                HAL_PCDEx_LPM_Callback
 *fill*         0x000000000800209a        0x2 
 .text.HAL_RCC_OscConfig
                0x000000000800209c      0x544 build/stm32f0xx_hal_rcc.o
                0x000000000800209c                HAL_RCC_OscConfig
 .text.HAL_RCC_GetSysClockFreq
                0x00000000080025e0       0x94 build/stm32f0xx_hal_rcc.o
                0x00000000080025e0                HAL_RCC_GetSysClockFreq
 .text.HAL_RCC_ClockConfig
                0x0000000008002674      0x144 build/stm32f0xx_hal_rcc.o
                0x0000000008002674                HAL_RCC_ClockConfig
 .text.HAL_RCCEx_PeriphCLKConfig
                0x00000000080027b8      0x160 build/stm32f0xx_hal_rcc_ex.o
                0x00000000080027b8                HAL_RCCEx_PeriphCLKConfig
 .text.HAL_InitTick
                0x0000000008002918       0x50 build/stm32f0xx_hal.o
                0x0000000008002918                HAL_InitTick
 .text.HAL_Init
                0x0000000008002968       0x20 build/stm32f0xx_hal.o
                0x0000000008002968                HAL_Init
 .text.HAL_IncTick
                0x0000000008002988       0x18 build/stm32f0xx_hal.o
                0x0000000008002988                HAL_IncTick
 .text.HAL_GetTick
                0x00000000080029a0        0xc build/stm32f0xx_hal.o
                0x00000000080029a0                HAL_GetTick
 .text.HAL_Delay
                0x00000000080029ac       0x24 build/stm32f0xx_hal.o
                0x00000000080029ac                HAL_Delay
 .text.HAL_I2C_Init
                0x00000000080029d0       0xcc build/stm32f0xx_hal_i2c.o
                0x00000000080029d0                HAL_I2C_Init
 .text.HAL_I2CEx_ConfigAnalogFilter
                0x0000000008002a9c       0x58 build/stm32f0xx_hal_i2c_ex.o
                0x0000000008002a9c                HAL_I2CEx_ConfigAnalogFilter
 .text.HAL_I2CEx_ConfigDigitalFilter
                0x0000000008002af4       0x54 build/stm32f0xx_hal_i2c_ex.o
                0x0000000008002af4                HAL_I2CEx_ConfigDigitalFilter
 .text.HAL_GPIO_Init
                0x0000000008002b48      0x1bc build/stm32f0xx_hal_gpio.o
                0x0000000008002b48                HAL_GPIO_Init
 .text.HAL_GPIO_WritePin
                0x0000000008002d04        0xc build/stm32f0xx_hal_gpio.o
                0x0000000008002d04                HAL_GPIO_WritePin
 .text.HAL_NVIC_SetPriority
                0x0000000008002d10       0x60 build/stm32f0xx_hal_cortex.o
                0x0000000008002d10                HAL_NVIC_SetPriority
 .text.HAL_NVIC_EnableIRQ
                0x0000000008002d70       0x18 build/stm32f0xx_hal_cortex.o
                0x0000000008002d70                HAL_NVIC_EnableIRQ
 .text.HAL_SYSTICK_Config
                0x0000000008002d88       0x38 build/stm32f0xx_hal_cortex.o
                0x0000000008002d88                HAL_SYSTICK_Config
 .text.SystemInit
                0x0000000008002dc0        0x2 build/system_stm32f0xx.o
                0x0000000008002dc0                SystemInit
 .text.USBD_Init
                0x0000000008002dc2       0x38 build/usbd_core.o
                0x0000000008002dc2                USBD_Init
 .text.USBD_RegisterClass
                0x0000000008002dfa       0x12 build/usbd_core.o
                0x0000000008002dfa                USBD_RegisterClass
 .text.USBD_Start
                0x0000000008002e0c        0xa build/usbd_core.o
                0x0000000008002e0c                USBD_Start
 .text.USBD_Stop
                0x0000000008002e16       0x1a build/usbd_core.o
                0x0000000008002e16                USBD_Stop
 .text.USBD_SetClassConfig
                0x0000000008002e30       0x1e build/usbd_core.o
                0x0000000008002e30                USBD_SetClassConfig
 .text.USBD_ClrClassConfig
                0x0000000008002e4e       0x10 build/usbd_core.o
                0x0000000008002e4e                USBD_ClrClassConfig
 *fill*         0x0000000008002e5e        0x2 
 .text.USBD_LL_SetupStage
                0x0000000008002e60       0x64 build/usbd_core.o
                0x0000000008002e60                USBD_LL_SetupStage
 .text.USBD_LL_DataOutStage
                0x0000000008002ec4       0xa4 build/usbd_core.o
                0x0000000008002ec4                USBD_LL_DataOutStage
 .text.USBD_LL_DataInStage
                0x0000000008002f68       0xea build/usbd_core.o
                0x0000000008002f68                USBD_LL_DataInStage
 .text.USBD_LL_Reset
                0x0000000008003052       0x5e build/usbd_core.o
                0x0000000008003052                USBD_LL_Reset
 .text.USBD_LL_SetSpeed
                0x00000000080030b0        0x6 build/usbd_core.o
                0x00000000080030b0                USBD_LL_SetSpeed
 *fill*         0x00000000080030b6        0x2 
 .text.USBD_LL_Suspend
                0x00000000080030b8       0x18 build/usbd_core.o
                0x00000000080030b8                USBD_LL_Suspend
 .text.USBD_LL_Resume
                0x00000000080030d0       0x1c build/usbd_core.o
                0x00000000080030d0                USBD_LL_Resume
 .text.USBD_LL_SOF
                0x00000000080030ec       0x20 build/usbd_core.o
                0x00000000080030ec                USBD_LL_SOF
 .text.USBD_GetLen
                0x000000000800310c       0x14 build/usbd_ctlreq.o
 .text.USBD_SetFeature
                0x0000000008003120       0x18 build/usbd_ctlreq.o
 .text.USBD_ParseSetupRequest
                0x0000000008003138       0x28 build/usbd_ctlreq.o
                0x0000000008003138                USBD_ParseSetupRequest
 .text.USBD_CtlError
                0x0000000008003160       0x14 build/usbd_ctlreq.o
                0x0000000008003160                USBD_CtlError
 .text.USBD_GetDescriptor
                0x0000000008003174      0x1cc build/usbd_ctlreq.o
 .text.USBD_SetAddress
                0x0000000008003340       0x60 build/usbd_ctlreq.o
 .text.USBD_SetConfig
                0x00000000080033a0       0xb8 build/usbd_ctlreq.o
 .text.USBD_GetConfig
                0x0000000008003458       0x40 build/usbd_ctlreq.o
 .text.USBD_GetStatus
                0x0000000008003498       0x3e build/usbd_ctlreq.o
 .text.USBD_ClrFeature
                0x00000000080034d6       0x2a build/usbd_ctlreq.o
 .text.USBD_StdDevReq
                0x0000000008003500       0x6c build/usbd_ctlreq.o
                0x0000000008003500                USBD_StdDevReq
 .text.USBD_StdItfReq
                0x000000000800356c       0x66 build/usbd_ctlreq.o
                0x000000000800356c                USBD_StdItfReq
 .text.USBD_StdEPReq
                0x00000000080035d2      0x210 build/usbd_ctlreq.o
                0x00000000080035d2                USBD_StdEPReq
 .text.USBD_GetString
                0x00000000080037e2       0x3c build/usbd_ctlreq.o
                0x00000000080037e2                USBD_GetString
 .text.USBD_CtlSendData
                0x000000000800381e       0x1c build/usbd_ioreq.o
                0x000000000800381e                USBD_CtlSendData
 .text.USBD_CtlContinueSendData
                0x000000000800383a       0x10 build/usbd_ioreq.o
                0x000000000800383a                USBD_CtlContinueSendData
 .text.USBD_CtlPrepareRx
                0x000000000800384a       0x22 build/usbd_ioreq.o
                0x000000000800384a                USBD_CtlPrepareRx
 .text.USBD_CtlContinueRx
                0x000000000800386c       0x10 build/usbd_ioreq.o
                0x000000000800386c                USBD_CtlContinueRx
 .text.USBD_CtlSendStatus
                0x000000000800387c       0x18 build/usbd_ioreq.o
                0x000000000800387c                USBD_CtlSendStatus
 .text.USBD_CtlReceiveStatus
                0x0000000008003894       0x18 build/usbd_ioreq.o
                0x0000000008003894                USBD_CtlReceiveStatus
 .text.USBD_DFU_GetCfgDesc
                0x00000000080038ac        0xc build/usbd_dfu.o
 .text.USBD_DFU_DataIn
                0x00000000080038b8        0x4 build/usbd_dfu.o
 .text.USBD_DFU_EP0_RxReady
                0x00000000080038bc        0x4 build/usbd_dfu.o
 .text.USBD_DFU_SOF
                0x00000000080038c0        0x4 build/usbd_dfu.o
 .text.USBD_DFU_IsoINIncomplete
                0x00000000080038c4        0x4 build/usbd_dfu.o
 .text.USBD_DFU_IsoOutIncomplete
                0x00000000080038c8        0x4 build/usbd_dfu.o
 .text.USBD_DFU_DataOut
                0x00000000080038cc        0x4 build/usbd_dfu.o
 .text.USBD_DFU_GetDeviceQualifierDesc
                0x00000000080038d0        0xc build/usbd_dfu.o
 .text.DFU_ClearStatus
                0x00000000080038dc       0x70 build/usbd_dfu.o
 .text.DFU_Abort
                0x000000000800394c       0x68 build/usbd_dfu.o
 .text.USBD_DFU_GetUsrStringDesc
                0x00000000080039b4       0x24 build/usbd_dfu.o
 .text.DFU_Leave
                0x00000000080039d8       0x90 build/usbd_dfu.o
 .text.USBD_DFU_EP0_TxReady
                0x0000000008003a68      0x128 build/usbd_dfu.o
 .text.DFU_Upload
                0x0000000008003b90      0x10c build/usbd_dfu.o
 .text.DFU_GetStatus
                0x0000000008003c9c      0x110 build/usbd_dfu.o
 .text.DFU_GetState
                0x0000000008003dac       0x18 build/usbd_dfu.o
 .text.DFU_Download
                0x0000000008003dc4       0x90 build/usbd_dfu.o
 .text.DFU_Detach
                0x0000000008003e54       0x8c build/usbd_dfu.o
 .text.USBD_DFU_Setup
                0x0000000008003ee0      0x128 build/usbd_dfu.o
 .text.USBD_DFU_DeInit
                0x0000000008004008       0x50 build/usbd_dfu.o
 .text.USBD_DFU_Init
                0x0000000008004058       0x8c build/usbd_dfu.o
 .text.USBD_DFU_RegisterMedia
                0x00000000080040e4        0xe build/usbd_dfu.o
                0x00000000080040e4                USBD_DFU_RegisterMedia
 *fill*         0x00000000080040f2        0x2 
 .text.Reset_Handler
                0x00000000080040f4       0x50 build/startup_stm32f072xb.o
                0x00000000080040f4                Reset_Handler
 .text.Default_Handler
                0x0000000008004144        0x2 build/startup_stm32f072xb.o
                0x0000000008004144                TIM1_CC_IRQHandler
                0x0000000008004144                TSC_IRQHandler
                0x0000000008004144                ADC1_COMP_IRQHandler
                0x0000000008004144                I2C1_IRQHandler
                0x0000000008004144                RCC_CRS_IRQHandler
                0x0000000008004144                SPI1_IRQHandler
                0x0000000008004144                TIM6_DAC_IRQHandler
                0x0000000008004144                USART3_4_IRQHandler
                0x0000000008004144                EXTI2_3_IRQHandler
                0x0000000008004144                I2C2_IRQHandler
                0x0000000008004144                TIM17_IRQHandler
                0x0000000008004144                CEC_CAN_IRQHandler
                0x0000000008004144                RTC_IRQHandler
                0x0000000008004144                PVD_VDDIO2_IRQHandler
                0x0000000008004144                DMA1_Channel4_5_6_7_IRQHandler
                0x0000000008004144                TIM16_IRQHandler
                0x0000000008004144                TIM3_IRQHandler
                0x0000000008004144                EXTI4_15_IRQHandler
                0x0000000008004144                DMA1_Channel1_IRQHandler
                0x0000000008004144                Default_Handler
                0x0000000008004144                TIM14_IRQHandler
                0x0000000008004144                TIM7_IRQHandler
                0x0000000008004144                TIM15_IRQHandler
                0x0000000008004144                EXTI0_1_IRQHandler
                0x0000000008004144                SPI2_IRQHandler
                0x0000000008004144                WWDG_IRQHandler
                0x0000000008004144                TIM2_IRQHandler
                0x0000000008004144                DMA1_Channel2_3_IRQHandler
                0x0000000008004144                USART2_IRQHandler
                0x0000000008004144                FLASH_IRQHandler
                0x0000000008004144                USART1_IRQHandler
                0x0000000008004144                TIM1_BRK_UP_TRG_COM_IRQHandler
 *fill*         0x0000000008004146        0x2 
 .text.__libc_init_array
                0x0000000008004148       0x48 /usr/lib/gcc/arm-none-eabi/11.1.0/../../../../arm-none-eabi/lib/thumb/v6-m/nofp/libc_nano.a(lib_a-init.o)
                0x0000000008004148                __libc_init_array
 .text.memset   0x0000000008004190       0x10 /usr/lib/gcc/arm-none-eabi/11.1.0/../../../../arm-none-eabi/lib/thumb/v6-m/nofp/libc_nano.a(lib_a-memset.o)
                0x0000000008004190                memset
 *(.glue_7)
 .glue_7        0x00000000080041a0        0x0 linker stubs
 *(.glue_7t)
 .glue_7t       0x00000000080041a0        0x0 linker stubs
 *(.eh_frame)
 .eh_frame      0x00000000080041a0        0x0 /usr/lib/gcc/arm-none-eabi/11.1.0/thumb/v6-m/nofp/crtbegin.o
 *(.init)
 .init          0x00000000080041a0        0x4 /usr/lib/gcc/arm-none-eabi/11.1.0/thumb/v6-m/nofp/crti.o
                0x00000000080041a0                _init
 .init          0x00000000080041a4        0x8 /usr/lib/gcc/arm-none-eabi/11.1.0/thumb/v6-m/nofp/crtn.o
 *(.fini)
 .fini          0x00000000080041ac        0x4 /usr/lib/gcc/arm-none-eabi/11.1.0/thumb/v6-m/nofp/crti.o
                0x00000000080041ac                _fini
 .fini          0x00000000080041b0        0x8 /usr/lib/gcc/arm-none-eabi/11.1.0/thumb/v6-m/nofp/crtn.o
                0x00000000080041b8                . = ALIGN (0x4)
                0x00000000080041b8                _etext = .

.vfp11_veneer   0x00000000080041b8        0x0
 .vfp11_veneer  0x00000000080041b8        0x0 linker stubs

.v4_bx          0x00000000080041b8        0x0
 .v4_bx         0x00000000080041b8        0x0 linker stubs

.iplt           0x00000000080041b8        0x0
 .iplt          0x00000000080041b8        0x0 /usr/lib/gcc/arm-none-eabi/11.1.0/thumb/v6-m/nofp/crtbegin.o

.rodata         0x00000000080041b8      0x164
                0x00000000080041b8                . = ALIGN (0x4)
 *(.rodata)
 *(.rodata*)
 .rodata.USBD_FS_ProductStrDescriptor.str1.4
                0x00000000080041b8       0x1f build/usbd_desc.o
 *fill*         0x00000000080041d7        0x1 
 .rodata.USBD_FS_ManufacturerStrDescriptor.str1.4
                0x00000000080041d8       0x13 build/usbd_desc.o
 *fill*         0x00000000080041eb        0x1 
 .rodata.USBD_FS_ConfigStrDescriptor.str1.4
                0x00000000080041ec        0xb build/usbd_desc.o
 *fill*         0x00000000080041f7        0x1 
 .rodata.USBD_FS_InterfaceStrDescriptor.str1.4
                0x00000000080041f8        0xe build/usbd_desc.o
 *fill*         0x0000000008004206        0x2 
 .rodata.str1.4
                0x0000000008004208       0x5d build/usbd_dfu_if.o
 *fill*         0x0000000008004265        0x3 
 .rodata.HAL_RCC_GetSysClockFreq.str1.4
                0x0000000008004268       0x25 build/stm32f0xx_hal_rcc.o
 *fill*         0x000000000800428d        0x3 
 .rodata.AHBPrescTable
                0x0000000008004290       0x10 build/system_stm32f0xx.o
                0x0000000008004290                AHBPrescTable
 .rodata.USBD_GetDescriptor
                0x00000000080042a0       0x38 build/usbd_ctlreq.o
 .rodata.USBD_StdDevReq
                0x00000000080042d8       0x28 build/usbd_ctlreq.o
 .rodata.USBD_DFU_Setup
                0x0000000008004300       0x1c build/usbd_dfu.o
                0x000000000800431c                . = ALIGN (0x4)

.rel.dyn        0x000000000800431c        0x0
 .rel.iplt      0x000000000800431c        0x0 /usr/lib/gcc/arm-none-eabi/11.1.0/thumb/v6-m/nofp/crtbegin.o

.ARM.extab
 *(.ARM.extab* .gnu.linkonce.armextab.*)

.ARM            0x000000000800431c        0x0
                0x000000000800431c                __exidx_start = .
 *(.ARM.exidx*)
                0x000000000800431c                __exidx_end = .

.preinit_array  0x000000000800431c        0x0
                0x000000000800431c                PROVIDE (__preinit_array_start = .)
 *(.preinit_array*)
                0x000000000800431c                PROVIDE (__preinit_array_end = .)

.init_array     0x000000000800431c        0x4
                0x000000000800431c                PROVIDE (__init_array_start = .)
 *(SORT_BY_NAME(.init_array.*))
 *(.init_array*)
 .init_array    0x000000000800431c        0x4 /usr/lib/gcc/arm-none-eabi/11.1.0/thumb/v6-m/nofp/crtbegin.o
                0x0000000008004320                PROVIDE (__init_array_end = .)

.fini_array     0x0000000008004320        0x4
                0x0000000008004320                PROVIDE (__fini_array_start = .)
 *(SORT_BY_NAME(.fini_array.*))
 *(.fini_array*)
 .fini_array    0x0000000008004320        0x4 /usr/lib/gcc/arm-none-eabi/11.1.0/thumb/v6-m/nofp/crtbegin.o
                0x0000000008004324                PROVIDE (__fini_array_end = .)
                0x0000000008004324                _sidata = LOADADDR (.data)

.data           0x0000000020000000       0xdc load address 0x0000000008004324
                0x0000000020000000                . = ALIGN (0x4)
                0x0000000020000000                _sdata = .
 *(.data)
 *(.data*)
 .data.FS_Desc  0x0000000020000000       0x1c build/usbd_desc.o
                0x0000000020000000                FS_Desc
 .data.USBD_FS_DeviceDesc
                0x000000002000001c       0x12 build/usbd_desc.o
                0x000000002000001c                USBD_FS_DeviceDesc
 *fill*         0x000000002000002e        0x2 
 .data.USBD_LangIDDesc
                0x0000000020000030        0x4 build/usbd_desc.o
                0x0000000020000030                USBD_LangIDDesc
 .data.USBD_StringSerial
                0x0000000020000034       0x1a build/usbd_desc.o
                0x0000000020000034                USBD_StringSerial
 *fill*         0x000000002000004e        0x2 
 .data.USBD_DFU_fops_FS
                0x0000000020000050       0x1c build/usbd_dfu_if.o
                0x0000000020000050                USBD_DFU_fops_FS
 .data.uwTickFreq
                0x000000002000006c        0x1 build/stm32f0xx_hal.o
                0x000000002000006c                uwTickFreq
 *fill*         0x000000002000006d        0x3 
 .data.uwTickPrio
                0x0000000020000070        0x4 build/stm32f0xx_hal.o
                0x0000000020000070                uwTickPrio
 .data.SystemCoreClock
                0x0000000020000074        0x4 build/system_stm32f0xx.o
                0x0000000020000074                SystemCoreClock
 .data.USBD_DFU
                0x0000000020000078       0x3c build/usbd_dfu.o
                0x0000000020000078                USBD_DFU
 .data.USBD_DFU_CfgDesc
                0x00000000200000b4       0x1b build/usbd_dfu.o
 *fill*         0x00000000200000cf        0x1 
 .data.USBD_DFU_DeviceQualifierDesc
                0x00000000200000d0        0xa build/usbd_dfu.o
                0x00000000200000dc                . = ALIGN (0x4)
 *fill*         0x00000000200000da        0x2 
                0x00000000200000dc                _edata = .

.igot.plt       0x00000000200000dc        0x0 load address 0x0000000008004400
 .igot.plt      0x00000000200000dc        0x0 /usr/lib/gcc/arm-none-eabi/11.1.0/thumb/v6-m/nofp/crtbegin.o
                0x00000000200000dc                . = ALIGN (0x4)

.bss            0x00000000200000dc      0xcc8 load address 0x0000000008004400
                0x00000000200000dc                _sbss = .
                0x00000000200000dc                __bss_start__ = _sbss
 *(.bss)
 *(.bss*)
 .bss.completed.1
                0x00000000200000dc        0x1 /usr/lib/gcc/arm-none-eabi/11.1.0/thumb/v6-m/nofp/crtbegin.o
 *fill*         0x00000000200000dd        0x3 
 .bss.object.0  0x00000000200000e0       0x18 /usr/lib/gcc/arm-none-eabi/11.1.0/thumb/v6-m/nofp/crtbegin.o
 .bss.hi2c1     0x00000000200000f8       0x4c build/main.o
                0x00000000200000f8                hi2c1
 .bss.hUsbDeviceFS
                0x0000000020000144      0x2c4 build/usb_device.o
                0x0000000020000144                hUsbDeviceFS
 .bss.hpcd_USB_FS
                0x0000000020000408      0x274 build/usbd_conf.o
                0x0000000020000408                hpcd_USB_FS
 .bss.mem.0     0x000000002000067c      0x420 build/usbd_conf.o
 .bss.USBD_StrDesc
                0x0000000020000a9c      0x200 build/usbd_desc.o
                0x0000000020000a9c                USBD_StrDesc
 .bss.uwTick    0x0000000020000c9c        0x4 build/stm32f0xx_hal.o
                0x0000000020000c9c                uwTick
 .bss.cfgidx.0  0x0000000020000ca0        0x1 build/usbd_ctlreq.o
 *fill*         0x0000000020000ca1        0x3 
 .bss.USBD_StrDesc.0
                0x0000000020000ca4       0xff build/usbd_dfu.o
 *(COMMON)
                0x0000000020000da4                . = ALIGN (0x4)
 *fill*         0x0000000020000da3        0x1 
                0x0000000020000da4                _ebss = .
                0x0000000020000da4                __bss_end__ = _ebss

._user_heap_stack
                0x0000000020000da4      0x604 load address 0x0000000008004400
                0x0000000020000da8                . = ALIGN (0x8)
 *fill*         0x0000000020000da4        0x4 
                [!provide]                        PROVIDE (end = .)
                [!provide]                        PROVIDE (_end = .)
                0x0000000020000fa8                . = (. + _Min_Heap_Size)
 *fill*         0x0000000020000da8      0x200 
                0x00000000200013a8                . = (. + _Min_Stack_Size)
 *fill*         0x0000000020000fa8      0x400 
                0x00000000200013a8                . = ALIGN (0x8)

/DISCARD/
 libc.a(*)
 libm.a(*)
 libgcc.a(*)

.ARM.attributes
                0x0000000000000000       0x28
 *(.ARM.attributes)
 .ARM.attributes
                0x0000000000000000       0x1e /usr/lib/gcc/arm-none-eabi/11.1.0/thumb/v6-m/nofp/crti.o
 .ARM.attributes
                0x000000000000001e       0x2c /usr/lib/gcc/arm-none-eabi/11.1.0/thumb/v6-m/nofp/crtbegin.o
 .ARM.attributes
                0x000000000000004a       0x2c build/main.o
 .ARM.attributes
                0x0000000000000076       0x2c build/usb_device.o
 .ARM.attributes
                0x00000000000000a2       0x2c build/usbd_conf.o
 .ARM.attributes
                0x00000000000000ce       0x2c build/usbd_desc.o
 .ARM.attributes
                0x00000000000000fa       0x2c build/usbd_dfu_if.o
 .ARM.attributes
                0x0000000000000126       0x2c build/stm32f0xx_it.o
 .ARM.attributes
                0x0000000000000152       0x2c build/stm32f0xx_hal_msp.o
 .ARM.attributes
                0x000000000000017e       0x2c build/stm32f0xx_ll_usb.o
 .ARM.attributes
                0x00000000000001aa       0x2c build/stm32f0xx_hal_pcd.o
 .ARM.attributes
                0x00000000000001d6       0x2c build/stm32f0xx_hal_pcd_ex.o
 .ARM.attributes
                0x0000000000000202       0x2c build/stm32f0xx_hal_rcc.o
 .ARM.attributes
                0x000000000000022e       0x2c build/stm32f0xx_hal_rcc_ex.o
 .ARM.attributes
                0x000000000000025a       0x2c build/stm32f0xx_hal.o
 .ARM.attributes
                0x0000000000000286       0x2c build/stm32f0xx_hal_i2c.o
 .ARM.attributes
                0x00000000000002b2       0x2c build/stm32f0xx_hal_i2c_ex.o
 .ARM.attributes
                0x00000000000002de       0x2c build/stm32f0xx_hal_gpio.o
 .ARM.attributes
                0x000000000000030a       0x2c build/stm32f0xx_hal_cortex.o
 .ARM.attributes
                0x0000000000000336       0x2c build/system_stm32f0xx.o
 .ARM.attributes
                0x0000000000000362       0x2c build/usbd_core.o
 .ARM.attributes
                0x000000000000038e       0x2c build/usbd_ctlreq.o
 .ARM.attributes
                0x00000000000003ba       0x2c build/usbd_ioreq.o
 .ARM.attributes
                0x00000000000003e6       0x2c build/usbd_dfu.o
 .ARM.attributes
                0x0000000000000412       0x21 build/startup_stm32f072xb.o
 .ARM.attributes
                0x0000000000000433       0x2c /usr/lib/gcc/arm-none-eabi/11.1.0/../../../../arm-none-eabi/lib/thumb/v6-m/nofp/libc_nano.a(lib_a-init.o)
 .ARM.attributes
                0x000000000000045f       0x2c /usr/lib/gcc/arm-none-eabi/11.1.0/../../../../arm-none-eabi/lib/thumb/v6-m/nofp/libc_nano.a(lib_a-memset.o)
 .ARM.attributes
                0x000000000000048b       0x1e /usr/lib/gcc/arm-none-eabi/11.1.0/thumb/v6-m/nofp/libgcc.a(_udivsi3.o)
 .ARM.attributes
                0x00000000000004a9       0x1e /usr/lib/gcc/arm-none-eabi/11.1.0/thumb/v6-m/nofp/libgcc.a(_dvmd_tls.o)
 .ARM.attributes
                0x00000000000004c7       0x1e /usr/lib/gcc/arm-none-eabi/11.1.0/thumb/v6-m/nofp/crtn.o
OUTPUT(build/BlueTeamCon.elf elf32-littlearm)
LOAD linker stubs
LOAD /usr/lib/gcc/arm-none-eabi/11.1.0/../../../../arm-none-eabi/lib/thumb/v6-m/nofp/libc.a
LOAD /usr/lib/gcc/arm-none-eabi/11.1.0/../../../../arm-none-eabi/lib/thumb/v6-m/nofp/libm.a
LOAD /usr/lib/gcc/arm-none-eabi/11.1.0/thumb/v6-m/nofp/libgcc.a

.debug_info     0x0000000000000000    0x1551e
 .debug_info    0x0000000000000000     0x2333 build/main.o
 .debug_info    0x0000000000002333      0x812 build/usb_device.o
 .debug_info    0x0000000000002b45     0x1e0b build/usbd_conf.o
 .debug_info    0x0000000000004950      0x63c build/usbd_desc.o
 .debug_info    0x0000000000004f8c      0x363 build/usbd_dfu_if.o
 .debug_info    0x00000000000052ef      0x706 build/stm32f0xx_it.o
 .debug_info    0x00000000000059f5      0xa5c build/stm32f0xx_hal_msp.o
 .debug_info    0x0000000000006451     0x1965 build/stm32f0xx_ll_usb.o
 .debug_info    0x0000000000007db6     0x15fc build/stm32f0xx_hal_pcd.o
 .debug_info    0x00000000000093b2      0xa8f build/stm32f0xx_hal_pcd_ex.o
 .debug_info    0x0000000000009e41      0xba2 build/stm32f0xx_hal_rcc.o
 .debug_info    0x000000000000a9e3      0x7dd build/stm32f0xx_hal_rcc_ex.o
 .debug_info    0x000000000000b1c0      0x84b build/stm32f0xx_hal.o
 .debug_info    0x000000000000ba0b     0x403c build/stm32f0xx_hal_i2c.o
 .debug_info    0x000000000000fa47      0x97f build/stm32f0xx_hal_i2c_ex.o
 .debug_info    0x00000000000103c6      0x6c5 build/stm32f0xx_hal_gpio.o
 .debug_info    0x0000000000010a8b      0x8d6 build/stm32f0xx_hal_cortex.o
 .debug_info    0x0000000000011361      0x2ce build/system_stm32f0xx.o
 .debug_info    0x000000000001162f      0xf8d build/usbd_core.o
 .debug_info    0x00000000000125bc     0x122e build/usbd_ctlreq.o
 .debug_info    0x00000000000137ea      0x8f2 build/usbd_ioreq.o
 .debug_info    0x00000000000140dc     0x13d7 build/usbd_dfu.o
 .debug_info    0x00000000000154b3       0x22 build/startup_stm32f072xb.o
 .debug_info    0x00000000000154d5       0x25 /usr/lib/gcc/arm-none-eabi/11.1.0/thumb/v6-m/nofp/libgcc.a(_udivsi3.o)
 .debug_info    0x00000000000154fa       0x24 /usr/lib/gcc/arm-none-eabi/11.1.0/thumb/v6-m/nofp/libgcc.a(_dvmd_tls.o)

.debug_abbrev   0x0000000000000000     0x33cd
 .debug_abbrev  0x0000000000000000      0x2c6 build/main.o
 .debug_abbrev  0x00000000000002c6      0x19c build/usb_device.o
 .debug_abbrev  0x0000000000000462      0x376 build/usbd_conf.o
 .debug_abbrev  0x00000000000007d8      0x23c build/usbd_desc.o
 .debug_abbrev  0x0000000000000a14      0x130 build/usbd_dfu_if.o
 .debug_abbrev  0x0000000000000b44      0x183 build/stm32f0xx_it.o
 .debug_abbrev  0x0000000000000cc7      0x1d2 build/stm32f0xx_hal_msp.o
 .debug_abbrev  0x0000000000000e99      0x310 build/stm32f0xx_ll_usb.o
 .debug_abbrev  0x00000000000011a9      0x324 build/stm32f0xx_hal_pcd.o
 .debug_abbrev  0x00000000000014cd      0x278 build/stm32f0xx_hal_pcd_ex.o
 .debug_abbrev  0x0000000000001745      0x2b4 build/stm32f0xx_hal_rcc.o
 .debug_abbrev  0x00000000000019f9      0x1f0 build/stm32f0xx_hal_rcc_ex.o
 .debug_abbrev  0x0000000000001be9      0x237 build/stm32f0xx_hal.o
 .debug_abbrev  0x0000000000001e20      0x2dd build/stm32f0xx_hal_i2c.o
 .debug_abbrev  0x00000000000020fd      0x1b5 build/stm32f0xx_hal_i2c_ex.o
 .debug_abbrev  0x00000000000022b2      0x222 build/stm32f0xx_hal_gpio.o
 .debug_abbrev  0x00000000000024d4      0x2ab build/stm32f0xx_hal_cortex.o
 .debug_abbrev  0x000000000000277f      0x134 build/system_stm32f0xx.o
 .debug_abbrev  0x00000000000028b3      0x2ab build/usbd_core.o
 .debug_abbrev  0x0000000000002b5e      0x2ec build/usbd_ctlreq.o
 .debug_abbrev  0x0000000000002e4a      0x18e build/usbd_ioreq.o
 .debug_abbrev  0x0000000000002fd8      0x3bb build/usbd_dfu.o
 .debug_abbrev  0x0000000000003393       0x12 build/startup_stm32f072xb.o
 .debug_abbrev  0x00000000000033a5       0x14 /usr/lib/gcc/arm-none-eabi/11.1.0/thumb/v6-m/nofp/libgcc.a(_udivsi3.o)
 .debug_abbrev  0x00000000000033b9       0x14 /usr/lib/gcc/arm-none-eabi/11.1.0/thumb/v6-m/nofp/libgcc.a(_dvmd_tls.o)

.debug_loc      0x0000000000000000     0xe489
 .debug_loc     0x0000000000000000      0x1d1 build/main.o
 .debug_loc     0x00000000000001d1       0x20 build/usb_device.o
 .debug_loc     0x00000000000001f1      0xf65 build/usbd_conf.o
 .debug_loc     0x0000000000001156      0x45d build/usbd_desc.o
 .debug_loc     0x00000000000015b3       0x94 build/usbd_dfu_if.o
 .debug_loc     0x0000000000001647       0x40 build/stm32f0xx_it.o
 .debug_loc     0x0000000000001687       0xfd build/stm32f0xx_hal_msp.o
 .debug_loc     0x0000000000001784     0x15c6 build/stm32f0xx_ll_usb.o
 .debug_loc     0x0000000000002d4a      0xf05 build/stm32f0xx_hal_pcd.o
 .debug_loc     0x0000000000003c4f      0x2c8 build/stm32f0xx_hal_pcd_ex.o
 .debug_loc     0x0000000000003f17      0x7f2 build/stm32f0xx_hal_rcc.o
 .debug_loc     0x0000000000004709      0x953 build/stm32f0xx_hal_rcc_ex.o
 .debug_loc     0x000000000000505c      0x1e1 build/stm32f0xx_hal.o
 .debug_loc     0x000000000000523d     0x520c build/stm32f0xx_hal_i2c.o
 .debug_loc     0x000000000000a449      0x2d0 build/stm32f0xx_hal_i2c_ex.o
 .debug_loc     0x000000000000a719      0x4c4 build/stm32f0xx_hal_gpio.o
 .debug_loc     0x000000000000abdd      0x473 build/stm32f0xx_hal_cortex.o
 .debug_loc     0x000000000000b050      0x184 build/system_stm32f0xx.o
 .debug_loc     0x000000000000b1d4      0xa5a build/usbd_core.o
 .debug_loc     0x000000000000bc2e     0x1515 build/usbd_ctlreq.o
 .debug_loc     0x000000000000d143      0x364 build/usbd_ioreq.o
 .debug_loc     0x000000000000d4a7      0xfe2 build/usbd_dfu.o

.debug_aranges  0x0000000000000000      0xd70
 .debug_aranges
                0x0000000000000000       0x48 build/main.o
 .debug_aranges
                0x0000000000000048       0x20 build/usb_device.o
 .debug_aranges
                0x0000000000000068      0x118 build/usbd_conf.o
 .debug_aranges
                0x0000000000000180       0x60 build/usbd_desc.o
 .debug_aranges
                0x00000000000001e0       0x48 build/usbd_dfu_if.o
 .debug_aranges
                0x0000000000000228       0x48 build/stm32f0xx_it.o
 .debug_aranges
                0x0000000000000270       0x30 build/stm32f0xx_hal_msp.o
 .debug_aranges
                0x00000000000002a0      0x108 build/stm32f0xx_ll_usb.o
 .debug_aranges
                0x00000000000003a8      0x120 build/stm32f0xx_hal_pcd.o
 .debug_aranges
                0x00000000000004c8       0x58 build/stm32f0xx_hal_pcd_ex.o
 .debug_aranges
                0x0000000000000520       0x80 build/stm32f0xx_hal_rcc.o
 .debug_aranges
                0x00000000000005a0       0x78 build/stm32f0xx_hal_rcc_ex.o
 .debug_aranges
                0x0000000000000618       0xd0 build/stm32f0xx_hal.o
 .debug_aranges
                0x00000000000006e8      0x288 build/stm32f0xx_hal_i2c.o
 .debug_aranges
                0x0000000000000970       0x48 build/stm32f0xx_hal_i2c_ex.o
 .debug_aranges
                0x00000000000009b8       0x58 build/stm32f0xx_hal_gpio.o
 .debug_aranges
                0x0000000000000a10       0x78 build/stm32f0xx_hal_cortex.o
 .debug_aranges
                0x0000000000000a88       0x28 build/system_stm32f0xx.o
 .debug_aranges
                0x0000000000000ab0       0xb8 build/usbd_core.o
 .debug_aranges
                0x0000000000000b68       0x88 build/usbd_ctlreq.o
 .debug_aranges
                0x0000000000000bf0       0x50 build/usbd_ioreq.o
 .debug_aranges
                0x0000000000000c40       0xc8 build/usbd_dfu.o
 .debug_aranges
                0x0000000000000d08       0x28 build/startup_stm32f072xb.o
 .debug_aranges
                0x0000000000000d30       0x20 /usr/lib/gcc/arm-none-eabi/11.1.0/thumb/v6-m/nofp/libgcc.a(_udivsi3.o)
 .debug_aranges
                0x0000000000000d50       0x20 /usr/lib/gcc/arm-none-eabi/11.1.0/thumb/v6-m/nofp/libgcc.a(_dvmd_tls.o)

.debug_ranges   0x0000000000000000      0xdc0
 .debug_ranges  0x0000000000000000       0x50 build/main.o
 .debug_ranges  0x0000000000000050       0x10 build/usb_device.o
 .debug_ranges  0x0000000000000060      0x108 build/usbd_conf.o
 .debug_ranges  0x0000000000000168       0x50 build/usbd_desc.o
 .debug_ranges  0x00000000000001b8       0x38 build/usbd_dfu_if.o
 .debug_ranges  0x00000000000001f0       0x38 build/stm32f0xx_it.o
 .debug_ranges  0x0000000000000228       0x20 build/stm32f0xx_hal_msp.o
 .debug_ranges  0x0000000000000248      0x218 build/stm32f0xx_ll_usb.o
 .debug_ranges  0x0000000000000460      0x140 build/stm32f0xx_hal_pcd.o
 .debug_ranges  0x00000000000005a0       0x48 build/stm32f0xx_hal_pcd_ex.o
 .debug_ranges  0x00000000000005e8       0x88 build/stm32f0xx_hal_rcc.o
 .debug_ranges  0x0000000000000670       0x80 build/stm32f0xx_hal_rcc_ex.o
 .debug_ranges  0x00000000000006f0       0xc0 build/stm32f0xx_hal.o
 .debug_ranges  0x00000000000007b0      0x278 build/stm32f0xx_hal_i2c.o
 .debug_ranges  0x0000000000000a28       0x38 build/stm32f0xx_hal_i2c_ex.o
 .debug_ranges  0x0000000000000a60       0x48 build/stm32f0xx_hal_gpio.o
 .debug_ranges  0x0000000000000aa8       0xc8 build/stm32f0xx_hal_cortex.o
 .debug_ranges  0x0000000000000b70       0x18 build/system_stm32f0xx.o
 .debug_ranges  0x0000000000000b88       0xa8 build/usbd_core.o
 .debug_ranges  0x0000000000000c30       0x78 build/usbd_ctlreq.o
 .debug_ranges  0x0000000000000ca8       0x40 build/usbd_ioreq.o
 .debug_ranges  0x0000000000000ce8       0xb8 build/usbd_dfu.o
 .debug_ranges  0x0000000000000da0       0x20 build/startup_stm32f072xb.o

.debug_line     0x0000000000000000     0xd2d2
 .debug_line    0x0000000000000000      0x585 build/main.o
 .debug_line    0x0000000000000585      0x1a1 build/usb_device.o
 .debug_line    0x0000000000000726      0x7c2 build/usbd_conf.o
 .debug_line    0x0000000000000ee8      0x2ff build/usbd_desc.o
 .debug_line    0x00000000000011e7      0x1ca build/usbd_dfu_if.o
 .debug_line    0x00000000000013b1      0x1d9 build/stm32f0xx_it.o
 .debug_line    0x000000000000158a      0x227 build/stm32f0xx_hal_msp.o
 .debug_line    0x00000000000017b1     0x12d6 build/stm32f0xx_ll_usb.o
 .debug_line    0x0000000000002a87      0xf75 build/stm32f0xx_hal_pcd.o
 .debug_line    0x00000000000039fc      0x3c0 build/stm32f0xx_hal_pcd_ex.o
 .debug_line    0x0000000000003dbc      0xc2a build/stm32f0xx_hal_rcc.o
 .debug_line    0x00000000000049e6      0x915 build/stm32f0xx_hal_rcc_ex.o
 .debug_line    0x00000000000052fb      0x498 build/stm32f0xx_hal.o
 .debug_line    0x0000000000005793     0x47aa build/stm32f0xx_hal_i2c.o
 .debug_line    0x0000000000009f3d      0x465 build/stm32f0xx_hal_i2c_ex.o
 .debug_line    0x000000000000a3a2      0x61a build/stm32f0xx_hal_gpio.o
 .debug_line    0x000000000000a9bc      0x4a4 build/stm32f0xx_hal_cortex.o
 .debug_line    0x000000000000ae60      0x1cd build/system_stm32f0xx.o
 .debug_line    0x000000000000b02d      0x6ba build/usbd_core.o
 .debug_line    0x000000000000b6e7      0xace build/usbd_ctlreq.o
 .debug_line    0x000000000000c1b5      0x22c build/usbd_ioreq.o
 .debug_line    0x000000000000c3e1      0xdcf build/usbd_dfu.o
 .debug_line    0x000000000000d1b0       0x77 build/startup_stm32f072xb.o
 .debug_line    0x000000000000d227       0x61 /usr/lib/gcc/arm-none-eabi/11.1.0/thumb/v6-m/nofp/libgcc.a(_udivsi3.o)
 .debug_line    0x000000000000d288       0x4a /usr/lib/gcc/arm-none-eabi/11.1.0/thumb/v6-m/nofp/libgcc.a(_dvmd_tls.o)

.debug_str      0x0000000000000000     0x39cc
 .debug_str     0x0000000000000000      0x994 build/main.o
                                        0xa4c (size before relaxing)
 .debug_str     0x0000000000000994      0x3fd build/usb_device.o
                                        0x641 (size before relaxing)
 .debug_str     0x0000000000000d91      0xa43 build/usbd_conf.o
                                       0x10be (size before relaxing)
 .debug_str     0x00000000000017d4      0x171 build/usbd_desc.o
                                        0x437 (size before relaxing)
 .debug_str     0x0000000000001945       0x7a build/usbd_dfu_if.o
                                        0x292 (size before relaxing)
 .debug_str     0x00000000000019bf       0x8a build/stm32f0xx_it.o
                                        0x5a4 (size before relaxing)
 .debug_str     0x0000000000001a49       0x5b build/stm32f0xx_hal_msp.o
                                        0x786 (size before relaxing)
 .debug_str     0x0000000000001aa4      0x34a build/stm32f0xx_ll_usb.o
                                        0x72a (size before relaxing)
 .debug_str     0x0000000000001dee      0x130 build/stm32f0xx_hal_pcd.o
                                        0xa44 (size before relaxing)
 .debug_str     0x0000000000001f1e      0x180 build/stm32f0xx_hal_pcd_ex.o
                                        0x75a (size before relaxing)
 .debug_str     0x000000000000209e      0x249 build/stm32f0xx_hal_rcc.o
                                        0x65d (size before relaxing)
 .debug_str     0x00000000000022e7      0x2a1 build/stm32f0xx_hal_rcc_ex.o
                                        0x61e (size before relaxing)
 .debug_str     0x0000000000002588      0x24c build/stm32f0xx_hal.o
                                        0x703 (size before relaxing)
 .debug_str     0x00000000000027d4      0x840 build/stm32f0xx_hal_i2c.o
                                        0xf2c (size before relaxing)
 .debug_str     0x0000000000003014       0xd1 build/stm32f0xx_hal_i2c_ex.o
                                        0x7d2 (size before relaxing)
 .debug_str     0x00000000000030e5       0xe4 build/stm32f0xx_hal_gpio.o
                                        0x3f1 (size before relaxing)
 .debug_str     0x00000000000031c9      0x20f build/stm32f0xx_hal_cortex.o
                                        0x644 (size before relaxing)
 .debug_str     0x00000000000033d8       0x38 build/system_stm32f0xx.o
                                        0x269 (size before relaxing)
 .debug_str     0x0000000000003410      0x14f build/usbd_core.o
                                        0x847 (size before relaxing)
 .debug_str     0x000000000000355f       0xe2 build/usbd_ctlreq.o
                                        0x750 (size before relaxing)
 .debug_str     0x0000000000003641       0x60 build/usbd_ioreq.o
                                        0x67d (size before relaxing)
 .debug_str     0x00000000000036a1      0x2af build/usbd_dfu.o
                                        0x97d (size before relaxing)
 .debug_str     0x0000000000003950       0x24 build/startup_stm32f072xb.o
                                         0x76 (size before relaxing)
 .debug_str     0x0000000000003974       0x58 /usr/lib/gcc/arm-none-eabi/11.1.0/thumb/v6-m/nofp/libgcc.a(_udivsi3.o)
                                         0x66 (size before relaxing)
 .debug_str     0x00000000000039cc       0x66 /usr/lib/gcc/arm-none-eabi/11.1.0/thumb/v6-m/nofp/libgcc.a(_dvmd_tls.o)

.comment        0x0000000000000000       0x1e
 .comment       0x0000000000000000       0x1e build/main.o
                                         0x1f (size before relaxing)
 .comment       0x000000000000001e       0x1f build/usb_device.o
 .comment       0x000000000000001e       0x1f build/usbd_conf.o
 .comment       0x000000000000001e       0x1f build/usbd_desc.o
 .comment       0x000000000000001e       0x1f build/usbd_dfu_if.o
 .comment       0x000000000000001e       0x1f build/stm32f0xx_it.o
 .comment       0x000000000000001e       0x1f build/stm32f0xx_hal_msp.o
 .comment       0x000000000000001e       0x1f build/stm32f0xx_ll_usb.o
 .comment       0x000000000000001e       0x1f build/stm32f0xx_hal_pcd.o
 .comment       0x000000000000001e       0x1f build/stm32f0xx_hal_pcd_ex.o
 .comment       0x000000000000001e       0x1f build/stm32f0xx_hal_rcc.o
 .comment       0x000000000000001e       0x1f build/stm32f0xx_hal_rcc_ex.o
 .comment       0x000000000000001e       0x1f build/stm32f0xx_hal.o
 .comment       0x000000000000001e       0x1f build/stm32f0xx_hal_i2c.o
 .comment       0x000000000000001e       0x1f build/stm32f0xx_hal_i2c_ex.o
 .comment       0x000000000000001e       0x1f build/stm32f0xx_hal_gpio.o
 .comment       0x000000000000001e       0x1f build/stm32f0xx_hal_cortex.o
 .comment       0x000000000000001e       0x1f build/system_stm32f0xx.o
 .comment       0x000000000000001e       0x1f build/usbd_core.o
 .comment       0x000000000000001e       0x1f build/usbd_ctlreq.o
 .comment       0x000000000000001e       0x1f build/usbd_ioreq.o
 .comment       0x000000000000001e       0x1f build/usbd_dfu.o

.debug_frame    0x0000000000000000     0x20d0
 .debug_frame   0x0000000000000000       0xb4 build/main.o
 .debug_frame   0x00000000000000b4       0x28 build/usb_device.o
 .debug_frame   0x00000000000000dc      0x2f8 build/usbd_conf.o
 .debug_frame   0x00000000000003d4       0xe0 build/usbd_desc.o
 .debug_frame   0x00000000000004b4       0x70 build/usbd_dfu_if.o
 .debug_frame   0x0000000000000524       0x80 build/stm32f0xx_it.o
 .debug_frame   0x00000000000005a4       0x58 build/stm32f0xx_hal_msp.o
 .debug_frame   0x00000000000005fc      0x240 build/stm32f0xx_ll_usb.o
 .debug_frame   0x000000000000083c      0x2f0 build/stm32f0xx_hal_pcd.o
 .debug_frame   0x0000000000000b2c       0xa4 build/stm32f0xx_hal_pcd_ex.o
 .debug_frame   0x0000000000000bd0      0x13c build/stm32f0xx_hal_rcc.o
 .debug_frame   0x0000000000000d0c       0xfc build/stm32f0xx_hal_rcc_ex.o
 .debug_frame   0x0000000000000e08      0x1ac build/stm32f0xx_hal.o
 .debug_frame   0x0000000000000fb4      0x850 build/stm32f0xx_hal_i2c.o
 .debug_frame   0x0000000000001804       0xb0 build/stm32f0xx_hal_i2c_ex.o
 .debug_frame   0x00000000000018b4       0xcc build/stm32f0xx_hal_gpio.o
 .debug_frame   0x0000000000001980       0xe4 build/stm32f0xx_hal_cortex.o
 .debug_frame   0x0000000000001a64       0x38 build/system_stm32f0xx.o
 .debug_frame   0x0000000000001a9c      0x1c4 build/usbd_core.o
 .debug_frame   0x0000000000001c60      0x168 build/usbd_ctlreq.o
 .debug_frame   0x0000000000001dc8       0xb8 build/usbd_ioreq.o
 .debug_frame   0x0000000000001e80      0x1e4 build/usbd_dfu.o
 .debug_frame   0x0000000000002064       0x2c /usr/lib/gcc/arm-none-eabi/11.1.0/../../../../arm-none-eabi/lib/thumb/v6-m/nofp/libc_nano.a(lib_a-init.o)
 .debug_frame   0x0000000000002090       0x20 /usr/lib/gcc/arm-none-eabi/11.1.0/../../../../arm-none-eabi/lib/thumb/v6-m/nofp/libc_nano.a(lib_a-memset.o)
 .debug_frame   0x00000000000020b0       0x20 /usr/lib/gcc/arm-none-eabi/11.1.0/thumb/v6-m/nofp/libgcc.a(_udivsi3.o)

.debug_line_str
                0x0000000000000000       0x46
 .debug_line_str
                0x0000000000000000       0x46 /usr/lib/gcc/arm-none-eabi/11.1.0/thumb/v6-m/nofp/libgcc.a(_udivsi3.o)
                                         0x8c (size before relaxing)
 .debug_line_str
                0x0000000000000046       0x8c /usr/lib/gcc/arm-none-eabi/11.1.0/thumb/v6-m/nofp/libgcc.a(_dvmd_tls.o)

Cross Reference Table

Symbol                                            File
ADC1_COMP_IRQHandler                              build/startup_stm32f072xb.o
AHBPrescTable                                     build/system_stm32f0xx.o
                                                  build/stm32f0xx_hal_rcc.o
APBPrescTable                                     build/system_stm32f0xx.o
                                                  build/stm32f0xx_hal_rcc.o
CEC_CAN_IRQHandler                                build/startup_stm32f072xb.o
DMA1_Channel1_IRQHandler                          build/startup_stm32f072xb.o
DMA1_Channel2_3_IRQHandler                        build/startup_stm32f072xb.o
DMA1_Channel4_5_6_7_IRQHandler                    build/startup_stm32f072xb.o
Default_Handler                                   build/startup_stm32f072xb.o
EXTI0_1_IRQHandler                                build/startup_stm32f072xb.o
EXTI2_3_IRQHandler                                build/startup_stm32f072xb.o
EXTI4_15_IRQHandler                               build/startup_stm32f072xb.o
Error_Handler                                     build/main.o
                                                  build/usbd_conf.o
                                                  build/usb_device.o
FLASH_IRQHandler                                  build/startup_stm32f072xb.o
FLASH_PageErase                                   build/stm32f0xx_hal_flash_ex.o
                                                  build/stm32f0xx_hal_flash.o
FLASH_WaitForLastOperation                        build/stm32f0xx_hal_flash.o
                                                  build/stm32f0xx_hal_flash_ex.o
FS_Desc                                           build/usbd_desc.o
                                                  build/usb_device.o
HAL_DBGMCU_DisableDBGStandbyMode                  build/stm32f0xx_hal.o
HAL_DBGMCU_DisableDBGStopMode                     build/stm32f0xx_hal.o
HAL_DBGMCU_EnableDBGStandbyMode                   build/stm32f0xx_hal.o
HAL_DBGMCU_EnableDBGStopMode                      build/stm32f0xx_hal.o
HAL_DMA_Abort                                     build/stm32f0xx_hal_dma.o
HAL_DMA_Abort_IT                                  build/stm32f0xx_hal_dma.o
                                                  build/stm32f0xx_hal_i2c.o
HAL_DMA_DeInit                                    build/stm32f0xx_hal_dma.o
HAL_DMA_GetError                                  build/stm32f0xx_hal_dma.o
HAL_DMA_GetState                                  build/stm32f0xx_hal_dma.o
HAL_DMA_IRQHandler                                build/stm32f0xx_hal_dma.o
HAL_DMA_Init                                      build/stm32f0xx_hal_dma.o
HAL_DMA_PollForTransfer                           build/stm32f0xx_hal_dma.o
HAL_DMA_RegisterCallback                          build/stm32f0xx_hal_dma.o
HAL_DMA_Start                                     build/stm32f0xx_hal_dma.o
HAL_DMA_Start_IT                                  build/stm32f0xx_hal_dma.o
                                                  build/stm32f0xx_hal_i2c.o
HAL_DMA_UnRegisterCallback                        build/stm32f0xx_hal_dma.o
HAL_DeInit                                        build/stm32f0xx_hal.o
HAL_Delay                                         build/stm32f0xx_hal.o
                                                  build/usbd_dfu.o
                                                  build/stm32f0xx_hal_pcd_ex.o
                                                  build/usbd_conf.o
                                                  build/main.o
HAL_EXTI_ClearConfigLine                          build/stm32f0xx_hal_exti.o
HAL_EXTI_ClearPending                             build/stm32f0xx_hal_exti.o
HAL_EXTI_GenerateSWI                              build/stm32f0xx_hal_exti.o
HAL_EXTI_GetConfigLine                            build/stm32f0xx_hal_exti.o
HAL_EXTI_GetHandle                                build/stm32f0xx_hal_exti.o
HAL_EXTI_GetPending                               build/stm32f0xx_hal_exti.o
HAL_EXTI_IRQHandler                               build/stm32f0xx_hal_exti.o
HAL_EXTI_RegisterCallback                         build/stm32f0xx_hal_exti.o
HAL_EXTI_SetConfigLine                            build/stm32f0xx_hal_exti.o
HAL_FLASHEx_Erase                                 build/stm32f0xx_hal_flash_ex.o
HAL_FLASHEx_Erase_IT                              build/stm32f0xx_hal_flash_ex.o
HAL_FLASHEx_OBErase                               build/stm32f0xx_hal_flash_ex.o
HAL_FLASHEx_OBGetConfig                           build/stm32f0xx_hal_flash_ex.o
HAL_FLASHEx_OBGetUserData                         build/stm32f0xx_hal_flash_ex.o
HAL_FLASHEx_OBProgram                             build/stm32f0xx_hal_flash_ex.o
HAL_FLASH_EndOfOperationCallback                  build/stm32f0xx_hal_flash.o
HAL_FLASH_GetError                                build/stm32f0xx_hal_flash.o
HAL_FLASH_IRQHandler                              build/stm32f0xx_hal_flash.o
HAL_FLASH_Lock                                    build/stm32f0xx_hal_flash.o
HAL_FLASH_OB_Launch                               build/stm32f0xx_hal_flash.o
HAL_FLASH_OB_Lock                                 build/stm32f0xx_hal_flash.o
HAL_FLASH_OB_Unlock                               build/stm32f0xx_hal_flash.o
HAL_FLASH_OperationErrorCallback                  build/stm32f0xx_hal_flash.o
HAL_FLASH_Program                                 build/stm32f0xx_hal_flash.o
HAL_FLASH_Program_IT                              build/stm32f0xx_hal_flash.o
HAL_FLASH_Unlock                                  build/stm32f0xx_hal_flash.o
HAL_GPIO_DeInit                                   build/stm32f0xx_hal_gpio.o
                                                  build/stm32f0xx_hal_msp.o
HAL_GPIO_EXTI_Callback                            build/stm32f0xx_hal_gpio.o
HAL_GPIO_EXTI_IRQHandler                          build/stm32f0xx_hal_gpio.o
HAL_GPIO_Init                                     build/stm32f0xx_hal_gpio.o
                                                  build/stm32f0xx_hal_rcc.o
                                                  build/stm32f0xx_hal_msp.o
                                                  build/main.o
HAL_GPIO_LockPin                                  build/stm32f0xx_hal_gpio.o
HAL_GPIO_ReadPin                                  build/stm32f0xx_hal_gpio.o
HAL_GPIO_TogglePin                                build/stm32f0xx_hal_gpio.o
HAL_GPIO_WritePin                                 build/stm32f0xx_hal_gpio.o
                                                  build/main.o
HAL_GetDEVID                                      build/stm32f0xx_hal.o
HAL_GetHalVersion                                 build/stm32f0xx_hal.o
HAL_GetREVID                                      build/stm32f0xx_hal.o
HAL_GetTick                                       build/stm32f0xx_hal.o
                                                  build/stm32f0xx_hal_flash.o
                                                  build/stm32f0xx_hal_dma.o
                                                  build/stm32f0xx_hal_i2c.o
                                                  build/stm32f0xx_hal_rcc_ex.o
                                                  build/stm32f0xx_hal_rcc.o
                                                  build/stm32f0xx_hal_pcd_ex.o
HAL_GetTickFreq                                   build/stm32f0xx_hal.o
HAL_GetTickPrio                                   build/stm32f0xx_hal.o
HAL_GetUIDw0                                      build/stm32f0xx_hal.o
HAL_GetUIDw1                                      build/stm32f0xx_hal.o
HAL_GetUIDw2                                      build/stm32f0xx_hal.o
HAL_I2CEx_ConfigAnalogFilter                      build/stm32f0xx_hal_i2c_ex.o
                                                  build/main.o
HAL_I2CEx_ConfigDigitalFilter                     build/stm32f0xx_hal_i2c_ex.o
                                                  build/main.o
HAL_I2CEx_DisableFastModePlus                     build/stm32f0xx_hal_i2c_ex.o
HAL_I2CEx_DisableWakeUp                           build/stm32f0xx_hal_i2c_ex.o
HAL_I2CEx_EnableFastModePlus                      build/stm32f0xx_hal_i2c_ex.o
HAL_I2CEx_EnableWakeUp                            build/stm32f0xx_hal_i2c_ex.o
HAL_I2C_AbortCpltCallback                         build/stm32f0xx_hal_i2c.o
HAL_I2C_AddrCallback                              build/stm32f0xx_hal_i2c.o
HAL_I2C_DeInit                                    build/stm32f0xx_hal_i2c.o
HAL_I2C_DisableListen_IT                          build/stm32f0xx_hal_i2c.o
HAL_I2C_ER_IRQHandler                             build/stm32f0xx_hal_i2c.o
HAL_I2C_EV_IRQHandler                             build/stm32f0xx_hal_i2c.o
HAL_I2C_EnableListen_IT                           build/stm32f0xx_hal_i2c.o
HAL_I2C_ErrorCallback                             build/stm32f0xx_hal_i2c.o
HAL_I2C_GetError                                  build/stm32f0xx_hal_i2c.o
HAL_I2C_GetMode                                   build/stm32f0xx_hal_i2c.o
HAL_I2C_GetState                                  build/stm32f0xx_hal_i2c.o
HAL_I2C_Init                                      build/stm32f0xx_hal_i2c.o
                                                  build/main.o
HAL_I2C_IsDeviceReady                             build/stm32f0xx_hal_i2c.o
HAL_I2C_ListenCpltCallback                        build/stm32f0xx_hal_i2c.o
HAL_I2C_MasterRxCpltCallback                      build/stm32f0xx_hal_i2c.o
HAL_I2C_MasterTxCpltCallback                      build/stm32f0xx_hal_i2c.o
HAL_I2C_Master_Abort_IT                           build/stm32f0xx_hal_i2c.o
HAL_I2C_Master_Receive                            build/stm32f0xx_hal_i2c.o
HAL_I2C_Master_Receive_DMA                        build/stm32f0xx_hal_i2c.o
HAL_I2C_Master_Receive_IT                         build/stm32f0xx_hal_i2c.o
HAL_I2C_Master_Seq_Receive_DMA                    build/stm32f0xx_hal_i2c.o
HAL_I2C_Master_Seq_Receive_IT                     build/stm32f0xx_hal_i2c.o
HAL_I2C_Master_Seq_Transmit_DMA                   build/stm32f0xx_hal_i2c.o
HAL_I2C_Master_Seq_Transmit_IT                    build/stm32f0xx_hal_i2c.o
HAL_I2C_Master_Transmit                           build/stm32f0xx_hal_i2c.o
HAL_I2C_Master_Transmit_DMA                       build/stm32f0xx_hal_i2c.o
HAL_I2C_Master_Transmit_IT                        build/stm32f0xx_hal_i2c.o
HAL_I2C_MemRxCpltCallback                         build/stm32f0xx_hal_i2c.o
HAL_I2C_MemTxCpltCallback                         build/stm32f0xx_hal_i2c.o
HAL_I2C_Mem_Read                                  build/stm32f0xx_hal_i2c.o
HAL_I2C_Mem_Read_DMA                              build/stm32f0xx_hal_i2c.o
HAL_I2C_Mem_Read_IT                               build/stm32f0xx_hal_i2c.o
HAL_I2C_Mem_Write                                 build/stm32f0xx_hal_i2c.o
HAL_I2C_Mem_Write_DMA                             build/stm32f0xx_hal_i2c.o
HAL_I2C_Mem_Write_IT                              build/stm32f0xx_hal_i2c.o
HAL_I2C_MspDeInit                                 build/stm32f0xx_hal_msp.o
HAL_I2C_MspInit                                   build/stm32f0xx_hal_msp.o
HAL_I2C_SlaveRxCpltCallback                       build/stm32f0xx_hal_i2c.o
HAL_I2C_SlaveTxCpltCallback                       build/stm32f0xx_hal_i2c.o
HAL_I2C_Slave_Receive                             build/stm32f0xx_hal_i2c.o
HAL_I2C_Slave_Receive_DMA                         build/stm32f0xx_hal_i2c.o
HAL_I2C_Slave_Receive_IT                          build/stm32f0xx_hal_i2c.o
HAL_I2C_Slave_Seq_Receive_DMA                     build/stm32f0xx_hal_i2c.o
HAL_I2C_Slave_Seq_Receive_IT                      build/stm32f0xx_hal_i2c.o
HAL_I2C_Slave_Seq_Transmit_DMA                    build/stm32f0xx_hal_i2c.o
HAL_I2C_Slave_Seq_Transmit_IT                     build/stm32f0xx_hal_i2c.o
HAL_I2C_Slave_Transmit                            build/stm32f0xx_hal_i2c.o
HAL_I2C_Slave_Transmit_DMA                        build/stm32f0xx_hal_i2c.o
HAL_I2C_Slave_Transmit_IT                         build/stm32f0xx_hal_i2c.o
HAL_IncTick                                       build/stm32f0xx_hal.o
                                                  build/stm32f0xx_it.o
HAL_Init                                          build/stm32f0xx_hal.o
                                                  build/main.o
HAL_InitTick                                      build/stm32f0xx_hal.o
                                                  build/stm32f0xx_hal_rcc.o
HAL_MspDeInit                                     build/stm32f0xx_hal.o
HAL_MspInit                                       build/stm32f0xx_hal_msp.o
HAL_NVIC_ClearPendingIRQ                          build/stm32f0xx_hal_cortex.o
HAL_NVIC_DisableIRQ                               build/stm32f0xx_hal_cortex.o
                                                  build/usbd_conf.o
HAL_NVIC_EnableIRQ                                build/stm32f0xx_hal_cortex.o
                                                  build/usbd_conf.o
HAL_NVIC_GetPendingIRQ                            build/stm32f0xx_hal_cortex.o
HAL_NVIC_GetPriority                              build/stm32f0xx_hal_cortex.o
HAL_NVIC_SetPendingIRQ                            build/stm32f0xx_hal_cortex.o
HAL_NVIC_SetPriority                              build/stm32f0xx_hal_cortex.o
                                                  build/stm32f0xx_hal.o
                                                  build/usbd_conf.o
HAL_NVIC_SystemReset                              build/stm32f0xx_hal_cortex.o
HAL_PCDEx_ActivateBCD                             build/stm32f0xx_hal_pcd_ex.o
HAL_PCDEx_ActivateLPM                             build/stm32f0xx_hal_pcd_ex.o
                                                  build/stm32f0xx_hal_pcd.o
HAL_PCDEx_BCD_Callback                            build/stm32f0xx_hal_pcd_ex.o
HAL_PCDEx_BCD_VBUSDetect                          build/stm32f0xx_hal_pcd_ex.o
HAL_PCDEx_DeActivateBCD                           build/stm32f0xx_hal_pcd_ex.o
HAL_PCDEx_DeActivateLPM                           build/stm32f0xx_hal_pcd_ex.o
HAL_PCDEx_LPM_Callback                            build/stm32f0xx_hal_pcd_ex.o
                                                  build/stm32f0xx_hal_pcd.o
HAL_PCDEx_PMAConfig                               build/stm32f0xx_hal_pcd_ex.o
                                                  build/usbd_conf.o
HAL_PCD_ActivateRemoteWakeup                      build/stm32f0xx_hal_pcd.o
HAL_PCD_ConnectCallback                           build/usbd_conf.o
HAL_PCD_DataInStageCallback                       build/usbd_conf.o
HAL_PCD_DataOutStageCallback                      build/usbd_conf.o
HAL_PCD_DeActivateRemoteWakeup                    build/stm32f0xx_hal_pcd.o
HAL_PCD_DeInit                                    build/stm32f0xx_hal_pcd.o
                                                  build/usbd_conf.o
HAL_PCD_DevConnect                                build/stm32f0xx_hal_pcd.o
HAL_PCD_DevDisconnect                             build/stm32f0xx_hal_pcd.o
HAL_PCD_DisconnectCallback                        build/usbd_conf.o
HAL_PCD_EP_Close                                  build/stm32f0xx_hal_pcd.o
                                                  build/usbd_conf.o
HAL_PCD_EP_ClrStall                               build/stm32f0xx_hal_pcd.o
                                                  build/usbd_conf.o
HAL_PCD_EP_Flush                                  build/stm32f0xx_hal_pcd.o
                                                  build/usbd_conf.o
HAL_PCD_EP_GetRxCount                             build/stm32f0xx_hal_pcd.o
                                                  build/usbd_conf.o
HAL_PCD_EP_Open                                   build/stm32f0xx_hal_pcd.o
                                                  build/usbd_conf.o
HAL_PCD_EP_Receive                                build/stm32f0xx_hal_pcd.o
                                                  build/usbd_conf.o
HAL_PCD_EP_SetStall                               build/stm32f0xx_hal_pcd.o
                                                  build/usbd_conf.o
HAL_PCD_EP_Transmit                               build/stm32f0xx_hal_pcd.o
                                                  build/usbd_conf.o
HAL_PCD_GetState                                  build/stm32f0xx_hal_pcd.o
HAL_PCD_IRQHandler                                build/stm32f0xx_hal_pcd.o
                                                  build/stm32f0xx_it.o
HAL_PCD_ISOINIncompleteCallback                   build/usbd_conf.o
HAL_PCD_ISOOUTIncompleteCallback                  build/usbd_conf.o
HAL_PCD_Init                                      build/stm32f0xx_hal_pcd.o
                                                  build/usbd_conf.o
HAL_PCD_MspDeInit                                 build/usbd_conf.o
HAL_PCD_MspInit                                   build/usbd_conf.o
HAL_PCD_ResetCallback                             build/usbd_conf.o
HAL_PCD_ResumeCallback                            build/usbd_conf.o
HAL_PCD_SOFCallback                               build/usbd_conf.o
HAL_PCD_SetAddress                                build/stm32f0xx_hal_pcd.o
                                                  build/usbd_conf.o
HAL_PCD_SetupStageCallback                        build/usbd_conf.o
HAL_PCD_Start                                     build/stm32f0xx_hal_pcd.o
                                                  build/usbd_conf.o
HAL_PCD_Stop                                      build/stm32f0xx_hal_pcd.o
                                                  build/usbd_conf.o
HAL_PCD_SuspendCallback                           build/usbd_conf.o
HAL_PWREx_DisableVddio2Monitor                    build/stm32f0xx_hal_pwr_ex.o
HAL_PWREx_EnableVddio2Monitor                     build/stm32f0xx_hal_pwr_ex.o
HAL_PWREx_Vddio2MonitorCallback                   build/stm32f0xx_hal_pwr_ex.o
HAL_PWREx_Vddio2Monitor_IRQHandler                build/stm32f0xx_hal_pwr_ex.o
HAL_PWR_ConfigPVD                                 build/stm32f0xx_hal_pwr_ex.o
HAL_PWR_DeInit                                    build/stm32f0xx_hal_pwr.o
HAL_PWR_DisableBkUpAccess                         build/stm32f0xx_hal_pwr.o
HAL_PWR_DisablePVD                                build/stm32f0xx_hal_pwr_ex.o
HAL_PWR_DisableSEVOnPend                          build/stm32f0xx_hal_pwr.o
HAL_PWR_DisableSleepOnExit                        build/stm32f0xx_hal_pwr.o
HAL_PWR_DisableWakeUpPin                          build/stm32f0xx_hal_pwr.o
HAL_PWR_EnableBkUpAccess                          build/stm32f0xx_hal_pwr.o
HAL_PWR_EnablePVD                                 build/stm32f0xx_hal_pwr_ex.o
HAL_PWR_EnableSEVOnPend                           build/stm32f0xx_hal_pwr.o
HAL_PWR_EnableSleepOnExit                         build/stm32f0xx_hal_pwr.o
HAL_PWR_EnableWakeUpPin                           build/stm32f0xx_hal_pwr.o
HAL_PWR_EnterSLEEPMode                            build/stm32f0xx_hal_pwr.o
HAL_PWR_EnterSTANDBYMode                          build/stm32f0xx_hal_pwr.o
HAL_PWR_EnterSTOPMode                             build/stm32f0xx_hal_pwr.o
HAL_PWR_PVDCallback                               build/stm32f0xx_hal_pwr_ex.o
HAL_PWR_PVD_IRQHandler                            build/stm32f0xx_hal_pwr_ex.o
HAL_RCCEx_CRSConfig                               build/stm32f0xx_hal_rcc_ex.o
HAL_RCCEx_CRSGetSynchronizationInfo               build/stm32f0xx_hal_rcc_ex.o
HAL_RCCEx_CRSSoftwareSynchronizationGenerate      build/stm32f0xx_hal_rcc_ex.o
HAL_RCCEx_CRSWaitSynchronization                  build/stm32f0xx_hal_rcc_ex.o
HAL_RCCEx_CRS_ErrorCallback                       build/stm32f0xx_hal_rcc_ex.o
HAL_RCCEx_CRS_ExpectedSyncCallback                build/stm32f0xx_hal_rcc_ex.o
HAL_RCCEx_CRS_IRQHandler                          build/stm32f0xx_hal_rcc_ex.o
HAL_RCCEx_CRS_SyncOkCallback                      build/stm32f0xx_hal_rcc_ex.o
HAL_RCCEx_CRS_SyncWarnCallback                    build/stm32f0xx_hal_rcc_ex.o
HAL_RCCEx_GetPeriphCLKConfig                      build/stm32f0xx_hal_rcc_ex.o
HAL_RCCEx_GetPeriphCLKFreq                        build/stm32f0xx_hal_rcc_ex.o
HAL_RCCEx_PeriphCLKConfig                         build/stm32f0xx_hal_rcc_ex.o
                                                  build/main.o
HAL_RCC_CSSCallback                               build/stm32f0xx_hal_rcc.o
HAL_RCC_ClockConfig                               build/stm32f0xx_hal_rcc.o
                                                  build/main.o
HAL_RCC_DeInit                                    build/stm32f0xx_hal_rcc.o
HAL_RCC_DisableCSS                                build/stm32f0xx_hal_rcc.o
HAL_RCC_EnableCSS                                 build/stm32f0xx_hal_rcc.o
HAL_RCC_GetClockConfig                            build/stm32f0xx_hal_rcc.o
HAL_RCC_GetHCLKFreq                               build/stm32f0xx_hal_rcc.o
HAL_RCC_GetOscConfig                              build/stm32f0xx_hal_rcc.o
HAL_RCC_GetPCLK1Freq                              build/stm32f0xx_hal_rcc.o
                                                  build/stm32f0xx_hal_rcc_ex.o
HAL_RCC_GetSysClockFreq                           build/stm32f0xx_hal_rcc.o
                                                  build/stm32f0xx_hal_rcc_ex.o
HAL_RCC_MCOConfig                                 build/stm32f0xx_hal_rcc.o
HAL_RCC_NMI_IRQHandler                            build/stm32f0xx_hal_rcc.o
HAL_RCC_OscConfig                                 build/stm32f0xx_hal_rcc.o
                                                  build/main.o
HAL_ResumeTick                                    build/stm32f0xx_hal.o
HAL_SYSTICK_CLKSourceConfig                       build/stm32f0xx_hal_cortex.o
HAL_SYSTICK_Callback                              build/stm32f0xx_hal_cortex.o
HAL_SYSTICK_Config                                build/stm32f0xx_hal_cortex.o
                                                  build/stm32f0xx_hal.o
HAL_SYSTICK_IRQHandler                            build/stm32f0xx_hal_cortex.o
HAL_SetTickFreq                                   build/stm32f0xx_hal.o
HAL_SuspendTick                                   build/stm32f0xx_hal.o
HardFault_Handler                                 build/stm32f0xx_it.o
I2C1_IRQHandler                                   build/startup_stm32f072xb.o
I2C2_IRQHandler                                   build/startup_stm32f072xb.o
MX_USB_DEVICE_Init                                build/usb_device.o
                                                  build/main.o
NMI_Handler                                       build/stm32f0xx_it.o
PVD_VDDIO2_IRQHandler                             build/startup_stm32f072xb.o
PendSV_Handler                                    build/stm32f0xx_it.o
RCC_CRS_IRQHandler                                build/startup_stm32f072xb.o
RTC_IRQHandler                                    build/startup_stm32f072xb.o
Reset_Handler                                     build/startup_stm32f072xb.o
SPI1_IRQHandler                                   build/startup_stm32f072xb.o
SPI2_IRQHandler                                   build/startup_stm32f072xb.o
SVC_Handler                                       build/stm32f0xx_it.o
SysTick_Handler                                   build/stm32f0xx_it.o
SystemClock_Config                                build/main.o
                                                  build/usbd_conf.o
SystemCoreClock                                   build/system_stm32f0xx.o
                                                  build/stm32f0xx_hal.o
                                                  build/stm32f0xx_hal_rcc.o
SystemCoreClockUpdate                             build/system_stm32f0xx.o
SystemInit                                        build/system_stm32f0xx.o
                                                  build/startup_stm32f072xb.o
TIM14_IRQHandler                                  build/startup_stm32f072xb.o
TIM15_IRQHandler                                  build/startup_stm32f072xb.o
TIM16_IRQHandler                                  build/startup_stm32f072xb.o
TIM17_IRQHandler                                  build/startup_stm32f072xb.o
TIM1_BRK_UP_TRG_COM_IRQHandler                    build/startup_stm32f072xb.o
TIM1_CC_IRQHandler                                build/startup_stm32f072xb.o
TIM2_IRQHandler                                   build/startup_stm32f072xb.o
TIM3_IRQHandler                                   build/startup_stm32f072xb.o
TIM6_DAC_IRQHandler                               build/startup_stm32f072xb.o
TIM7_IRQHandler                                   build/startup_stm32f072xb.o
TSC_IRQHandler                                    build/startup_stm32f072xb.o
USART1_IRQHandler                                 build/startup_stm32f072xb.o
USART2_IRQHandler                                 build/startup_stm32f072xb.o
USART3_4_IRQHandler                               build/startup_stm32f072xb.o
USBD_ClrClassConfig                               build/usbd_core.o
                                                  build/usbd_ctlreq.o
USBD_CtlContinueRx                                build/usbd_ioreq.o
                                                  build/usbd_core.o
USBD_CtlContinueSendData                          build/usbd_ioreq.o
                                                  build/usbd_core.o
USBD_CtlError                                     build/usbd_ctlreq.o
                                                  build/usbd_dfu.o
USBD_CtlPrepareRx                                 build/usbd_ioreq.o
                                                  build/usbd_dfu.o
USBD_CtlReceiveStatus                             build/usbd_ioreq.o
                                                  build/usbd_core.o
USBD_CtlSendData                                  build/usbd_ioreq.o
                                                  build/usbd_dfu.o
                                                  build/usbd_ctlreq.o
USBD_CtlSendStatus                                build/usbd_ioreq.o
                                                  build/usbd_ctlreq.o
                                                  build/usbd_core.o
USBD_DFU                                          build/usbd_dfu.o
                                                  build/usb_device.o
USBD_DFU_RegisterMedia                            build/usbd_dfu.o
                                                  build/usb_device.o
USBD_DFU_fops_FS                                  build/usbd_dfu_if.o
                                                  build/usb_device.o
USBD_DeInit                                       build/usbd_core.o
USBD_FS_ConfigStrDescriptor                       build/usbd_desc.o
USBD_FS_DeviceDesc                                build/usbd_desc.o
USBD_FS_DeviceDescriptor                          build/usbd_desc.o
USBD_FS_InterfaceStrDescriptor                    build/usbd_desc.o
USBD_FS_LangIDStrDescriptor                       build/usbd_desc.o
USBD_FS_ManufacturerStrDescriptor                 build/usbd_desc.o
USBD_FS_ProductStrDescriptor                      build/usbd_desc.o
USBD_FS_SerialStrDescriptor                       build/usbd_desc.o
USBD_GetRxCount                                   build/usbd_ioreq.o
USBD_GetString                                    build/usbd_ctlreq.o
                                                  build/usbd_dfu.o
                                                  build/usbd_desc.o
USBD_Init                                         build/usbd_core.o
                                                  build/usb_device.o
USBD_LL_ClearStallEP                              build/usbd_conf.o
                                                  build/usbd_ctlreq.o
USBD_LL_CloseEP                                   build/usbd_conf.o
USBD_LL_DataInStage                               build/usbd_core.o
                                                  build/usbd_conf.o
USBD_LL_DataOutStage                              build/usbd_core.o
                                                  build/usbd_conf.o
USBD_LL_DeInit                                    build/usbd_conf.o
                                                  build/usbd_core.o
USBD_LL_Delay                                     build/usbd_conf.o
USBD_LL_DevConnected                              build/usbd_core.o
                                                  build/usbd_conf.o
USBD_LL_DevDisconnected                           build/usbd_core.o
                                                  build/usbd_conf.o
USBD_LL_FlushEP                                   build/usbd_conf.o
USBD_LL_GetRxDataSize                             build/usbd_conf.o
                                                  build/usbd_ioreq.o
USBD_LL_Init                                      build/usbd_conf.o
                                                  build/usbd_core.o
USBD_LL_IsStallEP                                 build/usbd_conf.o
                                                  build/usbd_ctlreq.o
USBD_LL_IsoINIncomplete                           build/usbd_core.o
                                                  build/usbd_conf.o
USBD_LL_IsoOUTIncomplete                          build/usbd_core.o
                                                  build/usbd_conf.o
USBD_LL_OpenEP                                    build/usbd_conf.o
                                                  build/usbd_core.o
USBD_LL_PrepareReceive                            build/usbd_conf.o
                                                  build/usbd_ioreq.o
                                                  build/usbd_core.o
USBD_LL_Reset                                     build/usbd_core.o
                                                  build/usbd_conf.o
USBD_LL_Resume                                    build/usbd_core.o
                                                  build/usbd_conf.o
USBD_LL_SOF                                       build/usbd_core.o
                                                  build/usbd_conf.o
USBD_LL_SetSpeed                                  build/usbd_core.o
                                                  build/usbd_conf.o
USBD_LL_SetUSBAddress                             build/usbd_conf.o
                                                  build/usbd_ctlreq.o
USBD_LL_SetupStage                                build/usbd_core.o
                                                  build/usbd_conf.o
USBD_LL_StallEP                                   build/usbd_conf.o
                                                  build/usbd_ctlreq.o
                                                  build/usbd_core.o
USBD_LL_Start                                     build/usbd_conf.o
                                                  build/usbd_core.o
USBD_LL_Stop                                      build/usbd_conf.o
                                                  build/usbd_core.o
USBD_LL_Suspend                                   build/usbd_core.o
                                                  build/usbd_conf.o
USBD_LL_Transmit                                  build/usbd_conf.o
                                                  build/usbd_ioreq.o
USBD_LangIDDesc                                   build/usbd_desc.o
USBD_ParseSetupRequest                            build/usbd_ctlreq.o
                                                  build/usbd_core.o
USBD_RegisterClass                                build/usbd_core.o
                                                  build/usb_device.o
USBD_RunTestMode                                  build/usbd_core.o
USBD_SetClassConfig                               build/usbd_core.o
                                                  build/usbd_ctlreq.o
USBD_Start                                        build/usbd_core.o
                                                  build/usbd_dfu.o
                                                  build/usb_device.o
USBD_StdDevReq                                    build/usbd_ctlreq.o
                                                  build/usbd_core.o
USBD_StdEPReq                                     build/usbd_ctlreq.o
                                                  build/usbd_core.o
USBD_StdItfReq                                    build/usbd_ctlreq.o
                                                  build/usbd_core.o
USBD_Stop                                         build/usbd_core.o
                                                  build/usbd_dfu.o
USBD_StrDesc                                      build/usbd_desc.o
USBD_StringSerial                                 build/usbd_desc.o
USBD_static_free                                  build/usbd_conf.o
                                                  build/usbd_dfu.o
USBD_static_malloc                                build/usbd_conf.o
                                                  build/usbd_dfu.o
USB_ActivateEndpoint                              build/stm32f0xx_ll_usb.o
                                                  build/stm32f0xx_hal_pcd.o
USB_ActivateRemoteWakeup                          build/stm32f0xx_ll_usb.o
                                                  build/stm32f0xx_hal_pcd.o
USB_ClearInterrupts                               build/stm32f0xx_ll_usb.o
USB_CoreInit                                      build/stm32f0xx_ll_usb.o
USB_DeActivateRemoteWakeup                        build/stm32f0xx_ll_usb.o
                                                  build/stm32f0xx_hal_pcd.o
USB_DeactivateEndpoint                            build/stm32f0xx_ll_usb.o
                                                  build/stm32f0xx_hal_pcd.o
USB_DevConnect                                    build/stm32f0xx_ll_usb.o
                                                  build/stm32f0xx_hal_pcd.o
USB_DevDisconnect                                 build/stm32f0xx_ll_usb.o
                                                  build/stm32f0xx_hal_pcd.o
USB_DevInit                                       build/stm32f0xx_ll_usb.o
                                                  build/stm32f0xx_hal_pcd.o
USB_DisableGlobalInt                              build/stm32f0xx_ll_usb.o
                                                  build/stm32f0xx_hal_pcd.o
USB_EP0_OutStart                                  build/stm32f0xx_ll_usb.o
                                                  build/stm32f0xx_hal_pcd.o
USB_EPClearStall                                  build/stm32f0xx_ll_usb.o
                                                  build/stm32f0xx_hal_pcd.o
USB_EPSetStall                                    build/stm32f0xx_ll_usb.o
                                                  build/stm32f0xx_hal_pcd.o
USB_EPStartXfer                                   build/stm32f0xx_ll_usb.o
                                                  build/stm32f0xx_hal_pcd.o
USB_EnableGlobalInt                               build/stm32f0xx_ll_usb.o
                                                  build/stm32f0xx_hal_pcd.o